62.1.222.72 - - [14/Dec/2023:08:49:52 +0200] "GET /images/stories/data/laps/prec-mslp.d01.000.300x300.png HTTP/1.1" 304 183 "http://meteoclima.hua.gr/" "Mozilla/5.0 (iPhone; CPU iPhone OS 17_1_2 like Mac OS X) AppleWebKit/605.1.15 (KHTML, like Gecko) Version/17.1.2 Mobile/15E148 Safari/604.1"
62.1.222.72 - - [14/Dec/2023:08:49:52 +0200] "GET /images/cameras/Harokopio/latest_img01.jpg HTTP/1.1" 304 183 "http://meteoclima.hua.gr/" "Mozilla/5.0 (iPhone; CPU iPhone OS 17_1_2 like Mac OS X) AppleWebKit/605.1.15 (KHTML, like Gecko) Version/17.1.2 Mobile/15E148 Safari/604.1"
62.1.222.72 - - [14/Dec/2023:08:49:52 +0200] "GET /labelgoogle.html HTTP/1.1" 200 551 "http://meteoclima.hua.gr/" "Mozilla/5.0 (iPhone; CPU iPhone OS 17_1_2 like Mac OS X) AppleWebKit/605.1.15 (KHTML, like Gecko) Version/17.1.2 Mobile/15E148 Safari/604.1"
62.1.222.72 - - [14/Dec/2023:08:49:52 +0200] "GET /slideshow.php HTTP/1.1" 200 767 "http://meteoclima.hua.gr/" "Mozilla/5.0 (iPhone; CPU iPhone OS 17_1_2 like Mac OS X) AppleWebKit/605.1.15 (KHTML, like Gecko) Version/17.1.2 Mobile/15E148 Safari/604.1"
62.1.222.72 - - [14/Dec/2023:08:49:52 +0200] "GET /slideshow_seasonal.php HTTP/1.1" 200 772 "http://meteoclima.hua.gr/" "Mozilla/5.0 (iPhone; CPU iPhone OS 17_1_2 like Mac OS X) AppleWebKit/605.1.15 (KHTML, like Gecko) Version/17.1.2 Mobile/15E148 Safari/604.1"
62.1.222.72 - - [14/Dec/2023:08:49:52 +0200] "GET /images/stories/data/wrf/google/t2mc.png HTTP/1.1" 304 180 "http://meteoclima.hua.gr/europe_temperature_overlay.html" "Mozilla/5.0 (iPhone; CPU iPhone OS 17_1_2 like Mac OS X) AppleWebKit/605.1.15 (KHTML, like Gecko) Version/17.1.2 Mobile/15E148 Safari/604.1"
62.1.222.72 - - [14/Dec/2023:08:49:52 +0200] "GET /images/stories/data/wrf/python/meteograms/nmmV3-chart.d01.gif HTTP/1.1" 304 181 "http://meteoclima.hua.gr/slideshow.php" "Mozilla/5.0 (iPhone; CPU iPhone OS 17_1_2 like Mac OS X) AppleWebKit/605.1.15 (KHTML, like Gecko) Version/17.1.2 Mobile/15E148 Safari/604.1"
62.1.222.72 - - [14/Dec/2023:08:49:52 +0200] "GET /slideshow-bg.png HTTP/1.1" 404 513 "http://meteoclima.hua.gr/slideshow.php" "Mozilla/5.0 (iPhone; CPU iPhone OS 17_1_2 like Mac OS X) AppleWebKit/605.1.15 (KHTML, like Gecko) Version/17.1.2 Mobile/15E148 Safari/604.1"
62.1.222.72 - - [14/Dec/2023:08:49:52 +0200] "GET /images/stories/data/wrf/python/meteograms/nmmV3-chart.d02.gif HTTP/1.1" 304 181 "http://meteoclima.hua.gr/slideshow.php" "Mozilla/5.0 (iPhone; CPU iPhone OS 17_1_2 like Mac OS X) AppleWebKit/605.1.15 (KHTML, like Gecko) Version/17.1.2 Mobile/15E148 Safari/604.1"
62.1.222.72 - - [14/Dec/2023:08:49:52 +0200] "GET /images/stories/data/wrf/google/latest-cloud.png HTTP/1.1" 304 182 "http://meteoclima.hua.gr/europe_cloud_overlay.html" "Mozilla/5.0 (iPhone; CPU iPhone OS 17_1_2 like Mac OS X) AppleWebKit/605.1.15 (KHTML, like Gecko) Version/17.1.2 Mobile/15E148 Safari/604.1"
62.1.222.72 - - [14/Dec/2023:08:49:52 +0200] "GET /images/stories/data/wrf/google/latest-rain.png HTTP/1.1" 304 181 "http://meteoclima.hua.gr/europe_rain_overlay.html" "Mozilla/5.0 (iPhone; CPU iPhone OS 17_1_2 like Mac OS X) AppleWebKit/605.1.15 (KHTML, like Gecko) Version/17.1.2 Mobile/15E148 Safari/604.1"
62.1.222.72 - - [14/Dec/2023:08:49:52 +0200] "GET /images/stories/data/wrf/google/latest-t2m.png HTTP/1.1" 304 181 "http://meteoclima.hua.gr/europe_temperature_overlay.html" "Mozilla/5.0 (iPhone; CPU iPhone OS 17_1_2 like Mac OS X) AppleWebKit/605.1.15 (KHTML, like Gecko) Version/17.1.2 Mobile/15E148 Safari/604.1"
62.1.222.72 - - [14/Dec/2023:08:49:57 +0200] "GET /slideshow.php HTTP/1.1" 200 767 "http://meteoclima.hua.gr/" "Mozilla/5.0 (iPhone; CPU iPhone OS 17_1_2 like Mac OS X) AppleWebKit/605.1.15 (KHTML, like Gecko) Version/17.1.2 Mobile/15E148 Safari/604.1"
62.1.222.72 - - [14/Dec/2023:08:49:57 +0200] "GET /slideshow_seasonal.php HTTP/1.1" 200 771 "http://meteoclima.hua.gr/" "Mozilla/5.0 (iPhone; CPU iPhone OS 17_1_2 like Mac OS X) AppleWebKit/605.1.15 (KHTML, like Gecko) Version/17.1.2 Mobile/15E148 Safari/604.1"
62.1.222.72 - - [14/Dec/2023:08:49:57 +0200] "GET /slideshow-bg.png HTTP/1.1" 404 513 "http://meteoclima.hua.gr/slideshow.php" "Mozilla/5.0 (iPhone; CPU iPhone OS 17_1_2 like Mac OS X) AppleWebKit/605.1.15 (KHTML, like Gecko) Version/17.1.2 Mobile/15E148 Safari/604.1"
62.1.222.72 - - [14/Dec/2023:08:50:01 +0200] "GET /slideshow.php HTTP/1.1" 200 767 "http://meteoclima.hua.gr/" "Mozilla/5.0 (iPhone; CPU iPhone OS 17_1_2 like Mac OS X) AppleWebKit/605.1.15 (KHTML, like Gecko) Version/17.1.2 Mobile/15E148 Safari/604.1"
62.1.222.72 - - [14/Dec/2023:08:50:01 +0200] "GET /slideshow_seasonal.php HTTP/1.1" 200 771 "http://meteoclima.hua.gr/" "Mozilla/5.0 (iPhone; CPU iPhone OS 17_1_2 like Mac OS X) AppleWebKit/605.1.15 (KHTML, like Gecko) Version/17.1.2 Mobile/15E148 Safari/604.1"
62.1.222.72 - - [14/Dec/2023:08:50:01 +0200] "GET /slideshow-bg.png HTTP/1.1" 404 513 "http://meteoclima.hua.gr/slideshow.php" "Mozilla/5.0 (iPhone; CPU iPhone OS 17_1_2 like Mac OS X) AppleWebKit/605.1.15 (KHTML, like Gecko) Version/17.1.2 Mobile/15E148 Safari/604.1"
194.177.195.232 - - [14/Dec/2023:08:50:01 +0200] "GET /stations/Delacroix-Attiki/downld02.txt HTTP/1.1" 200 52215 "-" "curl/7.64.0"
194.177.195.232 - - [14/Dec/2023:08:50:01 +0200] "GET /stations/Delacroix-Attiki/downld08.txt HTTP/1.1" 200 231065 "-" "curl/7.64.0"
194.177.195.232 - - [14/Dec/2023:08:50:01 +0200] "GET /stations/Delacroix-Attiki/ZWNTANA.htm HTTP/1.1" 200 2293 "-" "curl/7.64.0"
194.177.195.232 - - [14/Dec/2023:08:50:01 +0200] "GET /stations/Delacroix-Attiki/NOAAMO.TXT HTTP/1.1" 200 2288 "-" "curl/7.64.0"
194.177.195.232 - - [14/Dec/2023:08:50:01 +0200] "GET /stations/Delacroix-Attiki/NOAAPRMO.TXT HTTP/1.1" 200 3610 "-" "curl/7.64.0"
194.177.195.232 - - [14/Dec/2023:08:50:01 +0200] "GET /stations/Delacroix-Attiki/NOAAYR.TXT HTTP/1.1" 200 3470 "-" "curl/7.64.0"
194.177.195.232 - - [14/Dec/2023:08:50:01 +0200] "GET /stations/Delacroix-Attiki/NOAAPRYR.TXT HTTP/1.1" 200 3470 "-" "curl/7.64.0"
194.177.195.232 - - [14/Dec/2023:08:50:01 +0200] "GET /stations/derveni/downld02.txt HTTP/1.1" 200 41244 "-" "curl/7.64.0"
194.177.195.232 - - [14/Dec/2023:08:50:01 +0200] "GET /stations/derveni/downld08.txt HTTP/1.1" 200 220094 "-" "curl/7.64.0"
194.177.195.232 - - [14/Dec/2023:08:50:01 +0200] "GET /stations/derveni/ZWNTANA.htm HTTP/1.1" 200 2349 "-" "curl/7.64.0"
194.177.195.232 - - [14/Dec/2023:08:50:01 +0200] "GET /stations/derveni/NOAAMO.TXT HTTP/1.1" 200 2362 "-" "curl/7.64.0"
194.177.195.232 - - [14/Dec/2023:08:50:01 +0200] "GET /stations/derveni/NOAAPRMO.TXT HTTP/1.1" 200 1269 "-" "curl/7.64.0"
194.177.195.232 - - [14/Dec/2023:08:50:01 +0200] "GET /stations/derveni/NOAAYR.TXT HTTP/1.1" 200 1937 "-" "curl/7.64.0"
194.177.195.232 - - [14/Dec/2023:08:50:01 +0200] "GET /stations/derveni/NOAAPRYR.TXT HTTP/1.1" 200 1803 "-" "curl/7.64.0"
194.177.195.232 - - [14/Dec/2023:08:50:01 +0200] "GET /stations/geraki/downld02.txt HTTP/1.1" 200 41451 "-" "curl/7.64.0"
194.177.195.232 - - [14/Dec/2023:08:50:01 +0200] "GET /stations/geraki/downld08.txt HTTP/1.1" 200 220301 "-" "curl/7.64.0"
194.177.195.232 - - [14/Dec/2023:08:50:01 +0200] "GET /stations/geraki/ZWNTANA.htm HTTP/1.1" 200 2343 "-" "curl/7.64.0"
194.177.195.232 - - [14/Dec/2023:08:50:01 +0200] "GET /stations/geraki/NOAAMO.TXT HTTP/1.1" 200 2392 "-" "curl/7.64.0"
194.177.195.232 - - [14/Dec/2023:08:50:01 +0200] "GET /stations/geraki/NOAAPRMO.TXT HTTP/1.1" 200 3637 "-" "curl/7.64.0"
194.177.195.232 - - [14/Dec/2023:08:50:01 +0200] "GET /stations/geraki/NOAAYR.TXT HTTP/1.1" 200 3495 "-" "curl/7.64.0"
194.177.195.232 - - [14/Dec/2023:08:50:01 +0200] "GET /stations/geraki/NOAAPRYR.TXT HTTP/1.1" 200 3495 "-" "curl/7.64.0"
194.177.195.232 - - [14/Dec/2023:08:50:01 +0200] "GET /stations/Harokopio-Athens/downld02.txt HTTP/1.1" 200 66924 "-" "curl/7.64.0"
194.177.195.232 - - [14/Dec/2023:08:50:01 +0200] "GET /stations/Harokopio-Athens/downld08.txt HTTP/1.1" 200 356365 "-" "curl/7.64.0"
194.177.195.232 - - [14/Dec/2023:08:50:01 +0200] "GET /stations/Harokopio-Athens/ZWNTANA.htm HTTP/1.1" 200 2296 "-" "curl/7.64.0"
194.177.195.232 - - [14/Dec/2023:08:50:01 +0200] "GET /stations/Harokopio-Athens/NOAAMO.TXT HTTP/1.1" 200 2395 "-" "curl/7.64.0"
194.177.195.232 - - [14/Dec/2023:08:50:01 +0200] "GET /stations/Harokopio-Athens/NOAAPRMO.TXT HTTP/1.1" 200 3638 "-" "curl/7.64.0"
194.177.195.232 - - [14/Dec/2023:08:50:01 +0200] "GET /stations/Harokopio-Athens/NOAAYR.TXT HTTP/1.1" 200 3498 "-" "curl/7.64.0"
194.177.195.232 - - [14/Dec/2023:08:50:01 +0200] "GET /stations/Harokopio-Athens/NOAAPRYR.TXT HTTP/1.1" 200 3498 "-" "curl/7.64.0"
194.177.195.232 - - [14/Dec/2023:08:50:04 +0200] "GET /stations/salamina/downld02.txt HTTP/1.1" 200 52422 "-" "curl/7.64.0"
194.177.195.232 - - [14/Dec/2023:08:50:04 +0200] "GET /stations/salamina/downld08.txt HTTP/1.1" 200 231272 "-" "curl/7.64.0"
194.177.195.232 - - [14/Dec/2023:08:50:04 +0200] "GET /stations/salamina/ZWNTANA.htm HTTP/1.1" 200 2295 "-" "curl/7.64.0"
194.177.195.232 - - [14/Dec/2023:08:50:04 +0200] "GET /stations/salamina/NOAAMO.TXT HTTP/1.1" 200 2316 "-" "curl/7.64.0"
194.177.195.232 - - [14/Dec/2023:08:50:04 +0200] "GET /stations/salamina/NOAAPRMO.TXT HTTP/1.1" 200 3638 "-" "curl/7.64.0"
194.177.195.232 - - [14/Dec/2023:08:50:04 +0200] "GET /stations/salamina/NOAAYR.TXT HTTP/1.1" 200 3497 "-" "curl/7.64.0"
194.177.195.232 - - [14/Dec/2023:08:50:04 +0200] "GET /stations/salamina/NOAAPRYR.TXT HTTP/1.1" 200 3497 "-" "curl/7.64.0"
62.1.222.72 - - [14/Dec/2023:08:50:05 +0200] "GET /slideshow.php HTTP/1.1" 200 767 "http://meteoclima.hua.gr/" "Mozilla/5.0 (iPhone; CPU iPhone OS 17_1_2 like Mac OS X) AppleWebKit/605.1.15 (KHTML, like Gecko) Version/17.1.2 Mobile/15E148 Safari/604.1"
62.1.222.72 - - [14/Dec/2023:08:50:05 +0200] "GET /slideshow_seasonal.php HTTP/1.1" 200 771 "http://meteoclima.hua.gr/" "Mozilla/5.0 (iPhone; CPU iPhone OS 17_1_2 like Mac OS X) AppleWebKit/605.1.15 (KHTML, like Gecko) Version/17.1.2 Mobile/15E148 Safari/604.1"
62.1.222.72 - - [14/Dec/2023:08:50:05 +0200] "GET /slideshow-bg.png HTTP/1.1" 404 513 "http://meteoclima.hua.gr/slideshow.php" "Mozilla/5.0 (iPhone; CPU iPhone OS 17_1_2 like Mac OS X) AppleWebKit/605.1.15 (KHTML, like Gecko) Version/17.1.2 Mobile/15E148 Safari/604.1"
83.212.240.12 - - [14/Dec/2023:08:50:29 +0200] "POST /wp-cron.php?doing_wp_cron=1702536629.1424160003662109375000 HTTP/1.1" 200 166 "http://esa13thconference.eu/wp-cron.php?doing_wp_cron=1702536629.1424160003662109375000" "WordPress/4.9.6; http://esa13thconference.eu"
20.195.103.191 - - [14/Dec/2023:08:50:28 +0200] "GET / HTTP/1.0" 200 15901 "-" "Mozilla/5.0 (Windows NT 10.0; Win64; x64) AppleWebKit/537.36 (KHTML, like Gecko) Chrome/117.0.0.0 Safari/537.36 Edg/117.0.2045.41"
74.208.68.9 - - [14/Dec/2023:08:50:30 +0200] "GET /stations/salamina/downld02.txt HTTP/1.1" 200 7121 "-" "Mozilla/5.0 (Windows NT 10.0; Win64; x64; rv:69.0) Gecko/20100101 Firefox/69.0"
20.195.103.191 - - [14/Dec/2023:08:50:30 +0200] "GET /up.php HTTP/1.0" 404 470 "-" "Mozilla/5.0 (Windows NT 10.0; Win64; x64; rv:102.0) Gecko/20100101 Firefox/102.0"
20.195.103.191 - - [14/Dec/2023:08:50:31 +0200] "GET /uploader.php HTTP/1.0" 404 476 "-" "Mozilla/5.0 (Windows NT 10.0; Win64; x64) AppleWebKit/537.36 (KHTML, like Gecko) Chrome/117.0.0.0 Safari/537.36 Edg/117.0.2045.41"
20.195.103.191 - - [14/Dec/2023:08:50:32 +0200] "GET /upload.php HTTP/1.0" 404 474 "-" "Mozilla/5.0 (Windows NT 10.0; Win64; x64) AppleWebKit/537.36 (KHTML, like Gecko) Chrome/115.0.0.0 Safari/537.36 OPR/101.0.0.0"
20.195.103.191 - - [14/Dec/2023:08:50:32 +0200] "GET /bypass.php HTTP/1.0" 404 474 "-" "Mozilla/5.0 (Windows NT 10.0; Win64; x64) AppleWebKit/537.36 (KHTML, like Gecko) Chrome/115.0.0.0 Safari/537.36"
20.195.103.191 - - [14/Dec/2023:08:50:33 +0200] "GET /u.php HTTP/1.0" 404 469 "-" "Mozilla/5.0 (Windows NT 10.0; Win64; x64; rv:109.0) Gecko/20100101 Firefox/116.0"
20.195.103.191 - - [14/Dec/2023:08:50:34 +0200] "GET /wso.php HTTP/1.0" 404 471 "-" "Mozilla/5.0 (Windows NT 10.0; Win64; x64) AppleWebKit/537.36 (KHTML, like Gecko) Chrome/115.0.0.0 Safari/537.36"
176.58.227.164 - - [14/Dec/2023:08:50:37 +0200] "GET / HTTP/1.1" 200 11021 "-" "Mozilla/5.0 (Windows NT 10.0; Win64; x64; rv:120.0) Gecko/20100101 Firefox/120.0"
176.58.227.164 - - [14/Dec/2023:08:50:37 +0200] "GET /media/system/js/mootools-core.js HTTP/1.1" 200 27268 "http://meteoclima.hua.gr/" "Mozilla/5.0 (Windows NT 10.0; Win64; x64; rv:120.0) Gecko/20100101 Firefox/120.0"
176.58.227.164 - - [14/Dec/2023:08:50:37 +0200] "GET /media/jui/js/jquery-noconflict.js HTTP/1.1" 304 180 "http://meteoclima.hua.gr/" "Mozilla/5.0 (Windows NT 10.0; Win64; x64; rv:120.0) Gecko/20100101 Firefox/120.0"
176.58.227.164 - - [14/Dec/2023:08:50:37 +0200] "GET /media/jui/js/jquery-migrate.min.js HTTP/1.1" 200 3415 "http://meteoclima.hua.gr/" "Mozilla/5.0 (Windows NT 10.0; Win64; x64; rv:120.0) Gecko/20100101 Firefox/120.0"
176.58.227.164 - - [14/Dec/2023:08:50:37 +0200] "GET /media/system/js/core.js HTTP/1.1" 200 2030 "http://meteoclima.hua.gr/" "Mozilla/5.0 (Windows NT 10.0; Win64; x64; rv:120.0) Gecko/20100101 Firefox/120.0"
176.58.227.164 - - [14/Dec/2023:08:50:37 +0200] "GET /media/jui/js/jquery.min.js HTTP/1.1" 200 33579 "http://meteoclima.hua.gr/" "Mozilla/5.0 (Windows NT 10.0; Win64; x64; rv:120.0) Gecko/20100101 Firefox/120.0"
176.58.227.164 - - [14/Dec/2023:08:50:37 +0200] "GET /media/system/js/caption.js HTTP/1.1" 200 685 "http://meteoclima.hua.gr/" "Mozilla/5.0 (Windows NT 10.0; Win64; x64; rv:120.0) Gecko/20100101 Firefox/120.0"
176.58.227.164 - - [14/Dec/2023:08:50:37 +0200] "GET /plugins/system/jat3/jat3/base-themes/default/js/core.js HTTP/1.1" 200 2296 "http://meteoclima.hua.gr/" "Mozilla/5.0 (Windows NT 10.0; Win64; x64; rv:120.0) Gecko/20100101 Firefox/120.0"
176.58.227.164 - - [14/Dec/2023:08:50:37 +0200] "GET /media/system/js/mootools-more.js HTTP/1.1" 200 68040 "http://meteoclima.hua.gr/" "Mozilla/5.0 (Windows NT 10.0; Win64; x64; rv:120.0) Gecko/20100101 Firefox/120.0"
176.58.227.164 - - [14/Dec/2023:08:50:37 +0200] "GET /plugins/system/jat3/jat3/base-themes/default/js/menu/mega.js HTTP/1.1" 200 4821 "http://meteoclima.hua.gr/" "Mozilla/5.0 (Windows NT 10.0; Win64; x64; rv:120.0) Gecko/20100101 Firefox/120.0"
176.58.227.164 - - [14/Dec/2023:08:50:37 +0200] "GET /templates/ja_purity_ii/js/ja.rightcol.js HTTP/1.1" 200 1332 "http://meteoclima.hua.gr/" "Mozilla/5.0 (Windows NT 10.0; Win64; x64; rv:120.0) Gecko/20100101 Firefox/120.0"
176.58.227.164 - - [14/Dec/2023:08:50:37 +0200] "GET / HTTP/1.1" 200 11021 "http://meteoclima.hua.gr/" "Mozilla/5.0 (Windows NT 10.0; Win64; x64; rv:120.0) Gecko/20100101 Firefox/120.0"
176.58.227.164 - - [14/Dec/2023:08:50:38 +0200] "GET /templates/ja_purity_ii//images/header/header2.jpg HTTP/1.1" 200 10706 "http://meteoclima.hua.gr/" "Mozilla/5.0 (Windows NT 10.0; Win64; x64; rv:120.0) Gecko/20100101 Firefox/120.0"
176.58.227.164 - - [14/Dec/2023:08:50:38 +0200] "GET /slideshow.php HTTP/1.1" 200 767 "http://meteoclima.hua.gr/" "Mozilla/5.0 (Windows NT 10.0; Win64; x64; rv:120.0) Gecko/20100101 Firefox/120.0"
176.58.227.164 - - [14/Dec/2023:08:50:38 +0200] "GET /images/stories/data/weathericons/sunnyintervals.gif HTTP/1.1" 304 180 "http://meteoclima.hua.gr/" "Mozilla/5.0 (Windows NT 10.0; Win64; x64; rv:120.0) Gecko/20100101 Firefox/120.0"
176.58.227.164 - - [14/Dec/2023:08:50:38 +0200] "GET /images/stories/data/weathericons/sunny.gif HTTP/1.1" 304 180 "http://meteoclima.hua.gr/" "Mozilla/5.0 (Windows NT 10.0; Win64; x64; rv:120.0) Gecko/20100101 Firefox/120.0"
176.58.227.164 - - [14/Dec/2023:08:50:38 +0200] "GET /slideshow_seasonal.php HTTP/1.1" 200 771 "http://meteoclima.hua.gr/" "Mozilla/5.0 (Windows NT 10.0; Win64; x64; rv:120.0) Gecko/20100101 Firefox/120.0"
176.58.227.164 - - [14/Dec/2023:08:50:38 +0200] "GET /images/stories/data/weathericons/showers.gif HTTP/1.1" 304 180 "http://meteoclima.hua.gr/" "Mozilla/5.0 (Windows NT 10.0; Win64; x64; rv:120.0) Gecko/20100101 Firefox/120.0"
176.58.227.164 - - [14/Dec/2023:08:50:38 +0200] "GET /images/stories/data/weathericons/rain.gif HTTP/1.1" 304 180 "http://meteoclima.hua.gr/" "Mozilla/5.0 (Windows NT 10.0; Win64; x64; rv:120.0) Gecko/20100101 Firefox/120.0"
176.58.227.164 - - [14/Dec/2023:08:50:38 +0200] "GET /images/stories/data/weathericons/drizzle.gif HTTP/1.1" 304 180 "http://meteoclima.hua.gr/" "Mozilla/5.0 (Windows NT 10.0; Win64; x64; rv:120.0) Gecko/20100101 Firefox/120.0"
176.58.227.164 - - [14/Dec/2023:08:50:38 +0200] "GET /images/stories/data/weathericons/overcast.gif HTTP/1.1" 304 180 "http://meteoclima.hua.gr/" "Mozilla/5.0 (Windows NT 10.0; Win64; x64; rv:120.0) Gecko/20100101 Firefox/120.0"
176.58.227.164 - - [14/Dec/2023:08:50:38 +0200] "GET /images/stories/data/weathericons/mostlycloudy.gif HTTP/1.1" 304 180 "http://meteoclima.hua.gr/" "Mozilla/5.0 (Windows NT 10.0; Win64; x64; rv:120.0) Gecko/20100101 Firefox/120.0"
176.58.227.164 - - [14/Dec/2023:08:50:38 +0200] "GET /images/stories/data/laps/prec-mslp-wind.d02.hires.zoom.000.300x300.png HTTP/1.1" 304 182 "http://meteoclima.hua.gr/" "Mozilla/5.0 (Windows NT 10.0; Win64; x64; rv:120.0) Gecko/20100101 Firefox/120.0"
176.58.227.164 - - [14/Dec/2023:08:50:38 +0200] "GET /images/stories/data/wrf/dust/DUST_DRY_DEPOSITION_GOCART.000009.png HTTP/1.1" 304 182 "http://meteoclima.hua.gr/" "Mozilla/5.0 (Windows NT 10.0; Win64; x64; rv:120.0) Gecko/20100101 Firefox/120.0"
176.58.227.164 - - [14/Dec/2023:08:50:38 +0200] "GET /images/stories/data/wrf/google/t2mc.png HTTP/1.1" 304 180 "http://meteoclima.hua.gr/europe_temperature_overlay.html" "Mozilla/5.0 (Windows NT 10.0; Win64; x64; rv:120.0) Gecko/20100101 Firefox/120.0"
176.58.227.164 - - [14/Dec/2023:08:50:38 +0200] "GET /images/stories/data/laps/prec-mslp.d01.000.300x300.png HTTP/1.1" 304 182 "http://meteoclima.hua.gr/" "Mozilla/5.0 (Windows NT 10.0; Win64; x64; rv:120.0) Gecko/20100101 Firefox/120.0"
176.58.227.164 - - [14/Dec/2023:08:50:38 +0200] "GET /images/stories/data/wrf/python/meteograms/nmmV3-chart.d02.gif HTTP/1.1" 304 181 "http://meteoclima.hua.gr/slideshow.php" "Mozilla/5.0 (Windows NT 10.0; Win64; x64; rv:120.0) Gecko/20100101 Firefox/120.0"
176.58.227.164 - - [14/Dec/2023:08:50:38 +0200] "GET /slideshow-bg.png HTTP/1.1" 404 513 "http://meteoclima.hua.gr/slideshow.php" "Mozilla/5.0 (Windows NT 10.0; Win64; x64; rv:120.0) Gecko/20100101 Firefox/120.0"
176.58.227.164 - - [14/Dec/2023:08:50:38 +0200] "GET /images/stories/data/wrf/python/meteograms/nmmV3-chart.d01.gif HTTP/1.1" 304 181 "http://meteoclima.hua.gr/slideshow.php" "Mozilla/5.0 (Windows NT 10.0; Win64; x64; rv:120.0) Gecko/20100101 Firefox/120.0"
176.58.227.164 - - [14/Dec/2023:08:50:38 +0200] "GET /images/cameras/Harokopio/latest_img01.jpg HTTP/1.1" 200 191136 "http://meteoclima.hua.gr/" "Mozilla/5.0 (Windows NT 10.0; Win64; x64; rv:120.0) Gecko/20100101 Firefox/120.0"
74.208.68.9 - - [14/Dec/2023:08:50:39 +0200] "GET /stations/Delacroix-Attiki/downld02.txt HTTP/1.1" 200 8449 "-" "Mozilla/5.0 (Windows NT 10.0; Win64; x64; rv:69.0) Gecko/20100101 Firefox/69.0"
::1 - - [14/Dec/2023:08:50:44 +0200] "OPTIONS * HTTP/1.0" 200 126 "-" "Apache/2.4.10 (Debian) OpenSSL/1.0.1t mod_perl/2.0.9dev Perl/v5.20.2 (internal dummy connection)"
::1 - - [14/Dec/2023:08:50:45 +0200] "OPTIONS * HTTP/1.0" 200 126 "-" "Apache/2.4.10 (Debian) OpenSSL/1.0.1t mod_perl/2.0.9dev Perl/v5.20.2 (internal dummy connection)"
::1 - - [14/Dec/2023:08:50:46 +0200] "OPTIONS * HTTP/1.0" 200 126 "-" "Apache/2.4.10 (Debian) OpenSSL/1.0.1t mod_perl/2.0.9dev Perl/v5.20.2 (internal dummy connection)"
74.208.68.9 - - [14/Dec/2023:08:50:46 +0200] "GET /stations/derveni/downld02.txt HTTP/1.1" 200 6280 "-" "Mozilla/5.0 (Windows NT 10.0; Win64; x64; rv:69.0) Gecko/20100101 Firefox/69.0"
176.58.227.164 - - [14/Dec/2023:08:50:49 +0200] "GET /stations/Lavrio/Current_Monitor_Lavrio.htm HTTP/1.1" 200 2458 "-" "Mozilla/5.0 (Windows NT 10.0; Win64; x64; rv:120.0) Gecko/20100101 Firefox/120.0"
176.58.227.164 - - [14/Dec/2023:08:50:49 +0200] "GET /stations/Lavrio/pep-logo.jpg HTTP/1.1" 304 182 "http://meteoclima.hua.gr/stations/Lavrio/Current_Monitor_Lavrio.htm" "Mozilla/5.0 (Windows NT 10.0; Win64; x64; rv:120.0) Gecko/20100101 Firefox/120.0"
176.58.227.164 - - [14/Dec/2023:08:50:49 +0200] "GET /stations/Lavrio/espa-logo.png HTTP/1.1" 304 181 "http://meteoclima.hua.gr/stations/Lavrio/Current_Monitor_Lavrio.htm" "Mozilla/5.0 (Windows NT 10.0; Win64; x64; rv:120.0) Gecko/20100101 Firefox/120.0"
176.58.227.164 - - [14/Dec/2023:08:50:49 +0200] "GET /stations/Lavrio/Davis_Logo.jpg HTTP/1.1" 304 182 "http://meteoclima.hua.gr/stations/Lavrio/Current_Monitor_Lavrio.htm" "Mozilla/5.0 (Windows NT 10.0; Win64; x64; rv:120.0) Gecko/20100101 Firefox/120.0"
176.58.227.164 - - [14/Dec/2023:08:50:49 +0200] "GET /stations/Lavrio/MonthlyRain.gif HTTP/1.1" 304 181 "http://meteoclima.hua.gr/stations/Lavrio/Current_Monitor_Lavrio.htm" "Mozilla/5.0 (Windows NT 10.0; Win64; x64; rv:120.0) Gecko/20100101 Firefox/120.0"
176.58.227.164 - - [14/Dec/2023:08:50:49 +0200] "GET /stations/Lavrio/WindSpeedHistory.gif HTTP/1.1" 304 181 "http://meteoclima.hua.gr/stations/Lavrio/Current_Monitor_Lavrio.htm" "Mozilla/5.0 (Windows NT 10.0; Win64; x64; rv:120.0) Gecko/20100101 Firefox/120.0"
176.58.227.164 - - [14/Dec/2023:08:50:49 +0200] "GET /stations/Lavrio/OutsideTempHistory.gif HTTP/1.1" 304 182 "http://meteoclima.hua.gr/stations/Lavrio/Current_Monitor_Lavrio.htm" "Mozilla/5.0 (Windows NT 10.0; Win64; x64; rv:120.0) Gecko/20100101 Firefox/120.0"
176.58.227.164 - - [14/Dec/2023:08:50:49 +0200] "GET /stations/Lavrio/hua_logo.gif HTTP/1.1" 304 181 "http://meteoclima.hua.gr/stations/Lavrio/Current_Monitor_Lavrio.htm" "Mozilla/5.0 (Windows NT 10.0; Win64; x64; rv:120.0) Gecko/20100101 Firefox/120.0"
176.58.227.164 - - [14/Dec/2023:08:50:49 +0200] "GET /stations/Lavrio/WindDirectionHistory.gif HTTP/1.1" 304 182 "http://meteoclima.hua.gr/stations/Lavrio/Current_Monitor_Lavrio.htm" "Mozilla/5.0 (Windows NT 10.0; Win64; x64; rv:120.0) Gecko/20100101 Firefox/120.0"
176.58.227.164 - - [14/Dec/2023:08:50:49 +0200] "GET /stations/Lavrio/BarometerHistory.gif HTTP/1.1" 304 181 "http://meteoclima.hua.gr/stations/Lavrio/Current_Monitor_Lavrio.htm" "Mozilla/5.0 (Windows NT 10.0; Win64; x64; rv:120.0) Gecko/20100101 Firefox/120.0"
176.58.227.164 - - [14/Dec/2023:08:50:49 +0200] "GET /stations/Lavrio/OutsideHumidityHistory.gif HTTP/1.1" 304 181 "http://meteoclima.hua.gr/stations/Lavrio/Current_Monitor_Lavrio.htm" "Mozilla/5.0 (Windows NT 10.0; Win64; x64; rv:120.0) Gecko/20100101 Firefox/120.0"
176.58.227.164 - - [14/Dec/2023:08:50:49 +0200] "GET /stations/Lavrio/HeatIndexHistory.gif HTTP/1.1" 304 181 "http://meteoclima.hua.gr/stations/Lavrio/Current_Monitor_Lavrio.htm" "Mozilla/5.0 (Windows NT 10.0; Win64; x64; rv:120.0) Gecko/20100101 Firefox/120.0"
176.58.227.164 - - [14/Dec/2023:08:50:49 +0200] "GET /stations/Lavrio/RainHistory.gif HTTP/1.1" 304 181 "http://meteoclima.hua.gr/stations/Lavrio/Current_Monitor_Lavrio.htm" "Mozilla/5.0 (Windows NT 10.0; Win64; x64; rv:120.0) Gecko/20100101 Firefox/120.0"
176.58.227.164 - - [14/Dec/2023:08:50:49 +0200] "GET /stations/Lavrio/RainRateHistory.gif HTTP/1.1" 304 181 "http://meteoclima.hua.gr/stations/Lavrio/Current_Monitor_Lavrio.htm" "Mozilla/5.0 (Windows NT 10.0; Win64; x64; rv:120.0) Gecko/20100101 Firefox/120.0"
176.58.227.164 - - [14/Dec/2023:08:50:49 +0200] "GET /stations/Lavrio/Rain.gif HTTP/1.1" 304 181 "http://meteoclima.hua.gr/stations/Lavrio/Current_Monitor_Lavrio.htm" "Mozilla/5.0 (Windows NT 10.0; Win64; x64; rv:120.0) Gecko/20100101 Firefox/120.0"
176.58.227.164 - - [14/Dec/2023:08:50:49 +0200] "GET /stations/Lavrio/WindDirection.gif HTTP/1.1" 200 5019 "http://meteoclima.hua.gr/stations/Lavrio/Current_Monitor_Lavrio.htm" "Mozilla/5.0 (Windows NT 10.0; Win64; x64; rv:120.0) Gecko/20100101 Firefox/120.0"
176.58.227.164 - - [14/Dec/2023:08:50:49 +0200] "GET /stations/Lavrio/WindSpeed.gif HTTP/1.1" 304 181 "http://meteoclima.hua.gr/stations/Lavrio/Current_Monitor_Lavrio.htm" "Mozilla/5.0 (Windows NT 10.0; Win64; x64; rv:120.0) Gecko/20100101 Firefox/120.0"
176.58.227.164 - - [14/Dec/2023:08:50:49 +0200] "GET /stations/Lavrio/YearlyRain.gif HTTP/1.1" 304 181 "http://meteoclima.hua.gr/stations/Lavrio/Current_Monitor_Lavrio.htm" "Mozilla/5.0 (Windows NT 10.0; Win64; x64; rv:120.0) Gecko/20100101 Firefox/120.0"
195.251.31.193 - - [14/Dec/2023:08:50:52 +0200] "POST /citymodel/1C000017/test2.php/1C000017035100076BD80000000000000000000007A800015B2A00162C00182B000F040830000C00100011201C HTTP/1.1" 200 320 "-" "-"
::1 - - [14/Dec/2023:08:50:55 +0200] "OPTIONS * HTTP/1.0" 200 126 "-" "Apache/2.4.10 (Debian) OpenSSL/1.0.1t mod_perl/2.0.9dev Perl/v5.20.2 (internal dummy connection)"
::1 - - [14/Dec/2023:08:50:57 +0200] "OPTIONS * HTTP/1.0" 200 126 "-" "Apache/2.4.10 (Debian) OpenSSL/1.0.1t mod_perl/2.0.9dev Perl/v5.20.2 (internal dummy connection)"
74.208.68.9 - - [14/Dec/2023:08:51:07 +0200] "GET /stations/Harokopio-Athens/downld02.txt HTTP/1.1" 200 7129 "-" "Mozilla/5.0 (Windows NT 10.0; Win64; x64; rv:69.0) Gecko/20100101 Firefox/69.0"
74.208.68.9 - - [14/Dec/2023:08:51:16 +0200] "GET /stations/geraki/downld02.txt HTTP/1.1" 200 6387 "-" "Mozilla/5.0 (Windows NT 10.0; Win64; x64; rv:69.0) Gecko/20100101 Firefox/69.0"
195.251.31.193 - - [14/Dec/2023:08:51:52 +0200] "POST /citymodel/1C000017/test2.php/1C000017035100076C140000000000000000000007A800015B2A00162C00182B000F040830000C0010001220DE HTTP/1.1" 200 320 "-" "-"
83.212.240.12 - - [14/Dec/2023:08:52:09 +0200] "POST /wp-cron.php?doing_wp_cron=1702536729.2296319007873535156250 HTTP/1.1" 200 166 "http://esa13thconference.eu/wp-cron.php?doing_wp_cron=1702536729.2296319007873535156250" "WordPress/4.9.6; http://esa13thconference.eu"
185.241.208.80 - - [14/Dec/2023:08:52:08 +0200] "POST /wp-login.php?action=register HTTP/1.1" 302 3788 "-" "-"
195.251.31.193 - - [14/Dec/2023:08:52:52 +0200] "POST /citymodel/1C000017/test2.php/1C000017035100076C500000000000000000000007A800015B2A00162C00182B000F04082F000C00120014203C HTTP/1.1" 200 320 "-" "-"
176.58.227.164 - - [14/Dec/2023:08:53:19 +0200] "GET /stations/Lavrio/Current_Monitor_Lavrio.htm HTTP/1.1" 200 2460 "-" "Mozilla/5.0 (Windows NT 10.0; Win64; x64; rv:120.0) Gecko/20100101 Firefox/120.0"
176.58.227.164 - - [14/Dec/2023:08:53:20 +0200] "GET /stations/Lavrio/espa-logo.png HTTP/1.1" 304 181 "http://meteoclima.hua.gr/stations/Lavrio/Current_Monitor_Lavrio.htm" "Mozilla/5.0 (Windows NT 10.0; Win64; x64; rv:120.0) Gecko/20100101 Firefox/120.0"
176.58.227.164 - - [14/Dec/2023:08:53:20 +0200] "GET /stations/Lavrio/pep-logo.jpg HTTP/1.1" 304 182 "http://meteoclima.hua.gr/stations/Lavrio/Current_Monitor_Lavrio.htm" "Mozilla/5.0 (Windows NT 10.0; Win64; x64; rv:120.0) Gecko/20100101 Firefox/120.0"
176.58.227.164 - - [14/Dec/2023:08:53:20 +0200] "GET /stations/Lavrio/Davis_Logo.jpg HTTP/1.1" 304 182 "http://meteoclima.hua.gr/stations/Lavrio/Current_Monitor_Lavrio.htm" "Mozilla/5.0 (Windows NT 10.0; Win64; x64; rv:120.0) Gecko/20100101 Firefox/120.0"
176.58.227.164 - - [14/Dec/2023:08:53:20 +0200] "GET /stations/Lavrio/WindSpeedHistory.gif HTTP/1.1" 200 13817 "http://meteoclima.hua.gr/stations/Lavrio/Current_Monitor_Lavrio.htm" "Mozilla/5.0 (Windows NT 10.0; Win64; x64; rv:120.0) Gecko/20100101 Firefox/120.0"
176.58.227.164 - - [14/Dec/2023:08:53:20 +0200] "GET /stations/Lavrio/WindDirection.gif HTTP/1.1" 200 5028 "http://meteoclima.hua.gr/stations/Lavrio/Current_Monitor_Lavrio.htm" "Mozilla/5.0 (Windows NT 10.0; Win64; x64; rv:120.0) Gecko/20100101 Firefox/120.0"
176.58.227.164 - - [14/Dec/2023:08:53:20 +0200] "GET /stations/Lavrio/hua_logo.gif HTTP/1.1" 304 181 "http://meteoclima.hua.gr/stations/Lavrio/Current_Monitor_Lavrio.htm" "Mozilla/5.0 (Windows NT 10.0; Win64; x64; rv:120.0) Gecko/20100101 Firefox/120.0"
176.58.227.164 - - [14/Dec/2023:08:53:20 +0200] "GET /stations/Lavrio/WindSpeed.gif HTTP/1.1" 200 4680 "http://meteoclima.hua.gr/stations/Lavrio/Current_Monitor_Lavrio.htm" "Mozilla/5.0 (Windows NT 10.0; Win64; x64; rv:120.0) Gecko/20100101 Firefox/120.0"
176.58.227.164 - - [14/Dec/2023:08:53:20 +0200] "GET /stations/Lavrio/WindDirectionHistory.gif HTTP/1.1" 200 13471 "http://meteoclima.hua.gr/stations/Lavrio/Current_Monitor_Lavrio.htm" "Mozilla/5.0 (Windows NT 10.0; Win64; x64; rv:120.0) Gecko/20100101 Firefox/120.0"
176.58.227.164 - - [14/Dec/2023:08:53:20 +0200] "GET /stations/Lavrio/OutsideTempHistory.gif HTTP/1.1" 200 13035 "http://meteoclima.hua.gr/stations/Lavrio/Current_Monitor_Lavrio.htm" "Mozilla/5.0 (Windows NT 10.0; Win64; x64; rv:120.0) Gecko/20100101 Firefox/120.0"
176.58.227.164 - - [14/Dec/2023:08:53:20 +0200] "GET /stations/Lavrio/OutsideHumidityHistory.gif HTTP/1.1" 200 12828 "http://meteoclima.hua.gr/stations/Lavrio/Current_Monitor_Lavrio.htm" "Mozilla/5.0 (Windows NT 10.0; Win64; x64; rv:120.0) Gecko/20100101 Firefox/120.0"
176.58.227.164 - - [14/Dec/2023:08:53:20 +0200] "GET /stations/Lavrio/BarometerHistory.gif HTTP/1.1" 200 13148 "http://meteoclima.hua.gr/stations/Lavrio/Current_Monitor_Lavrio.htm" "Mozilla/5.0 (Windows NT 10.0; Win64; x64; rv:120.0) Gecko/20100101 Firefox/120.0"
176.58.227.164 - - [14/Dec/2023:08:53:20 +0200] "GET /stations/Lavrio/HeatIndexHistory.gif HTTP/1.1" 200 13011 "http://meteoclima.hua.gr/stations/Lavrio/Current_Monitor_Lavrio.htm" "Mozilla/5.0 (Windows NT 10.0; Win64; x64; rv:120.0) Gecko/20100101 Firefox/120.0"
176.58.227.164 - - [14/Dec/2023:08:53:20 +0200] "GET /stations/Lavrio/RainHistory.gif HTTP/1.1" 200 11824 "http://meteoclima.hua.gr/stations/Lavrio/Current_Monitor_Lavrio.htm" "Mozilla/5.0 (Windows NT 10.0; Win64; x64; rv:120.0) Gecko/20100101 Firefox/120.0"
176.58.227.164 - - [14/Dec/2023:08:53:20 +0200] "GET /stations/Lavrio/RainRateHistory.gif HTTP/1.1" 200 11995 "http://meteoclima.hua.gr/stations/Lavrio/Current_Monitor_Lavrio.htm" "Mozilla/5.0 (Windows NT 10.0; Win64; x64; rv:120.0) Gecko/20100101 Firefox/120.0"
176.58.227.164 - - [14/Dec/2023:08:53:20 +0200] "GET /stations/Lavrio/Rain.gif HTTP/1.1" 200 4918 "http://meteoclima.hua.gr/stations/Lavrio/Current_Monitor_Lavrio.htm" "Mozilla/5.0 (Windows NT 10.0; Win64; x64; rv:120.0) Gecko/20100101 Firefox/120.0"
176.58.227.164 - - [14/Dec/2023:08:53:20 +0200] "GET /stations/Lavrio/MonthlyRain.gif HTTP/1.1" 200 4958 "http://meteoclima.hua.gr/stations/Lavrio/Current_Monitor_Lavrio.htm" "Mozilla/5.0 (Windows NT 10.0; Win64; x64; rv:120.0) Gecko/20100101 Firefox/120.0"
176.58.227.164 - - [14/Dec/2023:08:53:20 +0200] "GET /stations/Lavrio/YearlyRain.gif HTTP/1.1" 200 5027 "http://meteoclima.hua.gr/stations/Lavrio/Current_Monitor_Lavrio.htm" "Mozilla/5.0 (Windows NT 10.0; Win64; x64; rv:120.0) Gecko/20100101 Firefox/120.0"
::1 - - [14/Dec/2023:08:53:25 +0200] "OPTIONS * HTTP/1.0" 200 126 "-" "Apache/2.4.10 (Debian) OpenSSL/1.0.1t mod_perl/2.0.9dev Perl/v5.20.2 (internal dummy connection)"
195.251.31.193 - - [14/Dec/2023:08:53:52 +0200] "POST /citymodel/1C000017/test2.php/1C000017035100076C8C0000000000000000000007A800015B2A00162C00192B000F040830000B001000122032 HTTP/1.1" 200 320 "-" "-"
83.212.240.12 - - [14/Dec/2023:08:54:02 +0200] "POST /wp-cron.php?doing_wp_cron=1702536842.8019080162048339843750 HTTP/1.1" 200 166 "http://esa13thconference.eu/wp-cron.php?doing_wp_cron=1702536842.8019080162048339843750" "WordPress/4.9.6; http://esa13thconference.eu"
45.119.84.18 - - [14/Dec/2023:08:54:02 +0200] "POST /wp-login.php HTTP/1.1" 200 2297 "-" "Mozilla/5.0 (Windows NT 6.1; Win64; x64) AppleWebKit/537.36 (KHTML, like Gecko) Chrome/78.0.3904.97 Safari/537.36"
66.249.66.14 - - [14/Dec/2023:08:54:32 +0200] "GET /hua/index.php/el/council?fontstyle=f-smaller HTTP/1.1" 200 9328 "-" "Mozilla/5.0 (Linux; Android 6.0.1; Nexus 5X Build/MMB29P) AppleWebKit/537.36 (KHTML, like Gecko) Chrome/120.0.6099.71 Mobile Safari/537.36 (compatible; Googlebot/2.1; +http://www.google.com/bot.html)"
134.236.64.5 - - [14/Dec/2023:08:54:38 +0200] "GET /diatrofi/forum/showthread.php?tid=4374 HTTP/1.1" 200 13202 "https://webms.hua.gr/" "Mozilla/5.0 (X11; Ubuntu; Linux i686; rv:114.0) Gecko/20100101 Firefox/114.0"
195.251.31.193 - - [14/Dec/2023:08:54:52 +0200] "POST /citymodel/1C000017/test2.php/1C000017035100076CC80000000000000000000007A800015B2A00162C00182B000F04082F000B0011001220DE HTTP/1.1" 200 320 "-" "-"
66.249.66.15 - - [14/Dec/2023:08:55:24 +0200] "GET /hua/index.php/en/2010-05-26-11-09-18194/2010-05-28-07-47-43180/2-hs/undergraduate-programme9/282-2011-05-18-10-12-03 HTTP/1.1" 200 9638 "-" "Mozilla/5.0 (Linux; Android 6.0.1; Nexus 5X Build/MMB29P) AppleWebKit/537.36 (KHTML, like Gecko) Chrome/120.0.6099.71 Mobile Safari/537.36 (compatible; Googlebot/2.1; +http://www.google.com/bot.html)"
62.1.222.72 - - [14/Dec/2023:08:55:25 +0200] "GET /images/stories/data/weathericons/sunny.gif HTTP/1.1" 200 1880 "http://meteoclima.hua.gr/" "Mozilla/5.0 (iPhone; CPU iPhone OS 17_1_2 like Mac OS X) AppleWebKit/605.1.15 (KHTML, like Gecko) Version/17.1.2 Mobile/15E148 Safari/604.1"
62.1.222.72 - - [14/Dec/2023:08:55:25 +0200] "GET /images/stories/data/laps/prec-mslp-wind.d02.hires.zoom.000.300x300.png HTTP/1.1" 304 183 "http://meteoclima.hua.gr/" "Mozilla/5.0 (iPhone; CPU iPhone OS 17_1_2 like Mac OS X) AppleWebKit/605.1.15 (KHTML, like Gecko) Version/17.1.2 Mobile/15E148 Safari/604.1"
62.1.222.72 - - [14/Dec/2023:08:55:25 +0200] "GET /images/stories/data/laps/prec-mslp.d01.000.300x300.png HTTP/1.1" 304 183 "http://meteoclima.hua.gr/" "Mozilla/5.0 (iPhone; CPU iPhone OS 17_1_2 like Mac OS X) AppleWebKit/605.1.15 (KHTML, like Gecko) Version/17.1.2 Mobile/15E148 Safari/604.1"
62.1.222.72 - - [14/Dec/2023:08:55:25 +0200] "GET /images/cameras/Harokopio/latest_img01.jpg HTTP/1.1" 200 190891 "http://meteoclima.hua.gr/" "Mozilla/5.0 (iPhone; CPU iPhone OS 17_1_2 like Mac OS X) AppleWebKit/605.1.15 (KHTML, like Gecko) Version/17.1.2 Mobile/15E148 Safari/604.1"
143.233.252.2 - - [14/Dec/2023:08:55:25 +0200] "GET /stations/Delacroix-Attiki/ HTTP/1.1" 200 4529 "-" "Mozilla/5.0 (Windows NT 10.0; Win64; x64; rv:120.0) Gecko/20100101 Firefox/120.0"
143.233.252.2 - - [14/Dec/2023:08:55:25 +0200] "GET /stations/Delacroix-Attiki/Davis.jpg HTTP/1.1" 200 7492 "http://meteoclima.hua.gr/stations/Delacroix-Attiki/" "Mozilla/5.0 (Windows NT 10.0; Win64; x64; rv:120.0) Gecko/20100101 Firefox/120.0"
143.233.252.2 - - [14/Dec/2023:08:55:25 +0200] "GET /stations/Delacroix-Attiki/logo.jpg HTTP/1.1" 200 5546 "http://meteoclima.hua.gr/stations/Delacroix-Attiki/" "Mozilla/5.0 (Windows NT 10.0; Win64; x64; rv:120.0) Gecko/20100101 Firefox/120.0"
143.233.252.2 - - [14/Dec/2023:08:55:25 +0200] "GET /stations/Delacroix-Attiki/WindDirectionHistory.gif HTTP/1.1" 200 12875 "http://meteoclima.hua.gr/stations/Delacroix-Attiki/" "Mozilla/5.0 (Windows NT 10.0; Win64; x64; rv:120.0) Gecko/20100101 Firefox/120.0"
143.233.252.2 - - [14/Dec/2023:08:55:25 +0200] "GET /stations/Delacroix-Attiki/WindSpeedHistory.gif HTTP/1.1" 200 14277 "http://meteoclima.hua.gr/stations/Delacroix-Attiki/" "Mozilla/5.0 (Windows NT 10.0; Win64; x64; rv:120.0) Gecko/20100101 Firefox/120.0"
143.233.252.2 - - [14/Dec/2023:08:55:25 +0200] "GET /stations/Delacroix-Attiki/BarometerHistory.gif HTTP/1.1" 200 12828 "http://meteoclima.hua.gr/stations/Delacroix-Attiki/" "Mozilla/5.0 (Windows NT 10.0; Win64; x64; rv:120.0) Gecko/20100101 Firefox/120.0"
143.233.252.2 - - [14/Dec/2023:08:55:25 +0200] "GET /stations/Delacroix-Attiki/DewPointHistory.gif HTTP/1.1" 200 13033 "http://meteoclima.hua.gr/stations/Delacroix-Attiki/" "Mozilla/5.0 (Windows NT 10.0; Win64; x64; rv:120.0) Gecko/20100101 Firefox/120.0"
62.1.222.72 - - [14/Dec/2023:08:55:25 +0200] "GET /europe_rain_overlay.html HTTP/1.1" 200 1193 "http://meteoclima.hua.gr/" "Mozilla/5.0 (iPhone; CPU iPhone OS 17_1_2 like Mac OS X) AppleWebKit/605.1.15 (KHTML, like Gecko) Version/17.1.2 Mobile/15E148 Safari/604.1"
62.1.222.72 - - [14/Dec/2023:08:55:25 +0200] "GET /europe_temperature_overlay.html HTTP/1.1" 200 1185 "http://meteoclima.hua.gr/" "Mozilla/5.0 (iPhone; CPU iPhone OS 17_1_2 like Mac OS X) AppleWebKit/605.1.15 (KHTML, like Gecko) Version/17.1.2 Mobile/15E148 Safari/604.1"
62.1.222.72 - - [14/Dec/2023:08:55:25 +0200] "GET /slideshow.php HTTP/1.1" 200 767 "http://meteoclima.hua.gr/" "Mozilla/5.0 (iPhone; CPU iPhone OS 17_1_2 like Mac OS X) AppleWebKit/605.1.15 (KHTML, like Gecko) Version/17.1.2 Mobile/15E148 Safari/604.1"
143.233.252.2 - - [14/Dec/2023:08:55:25 +0200] "GET /stations/Delacroix-Attiki/WindDirection.gif HTTP/1.1" 200 4950 "http://meteoclima.hua.gr/stations/Delacroix-Attiki/" "Mozilla/5.0 (Windows NT 10.0; Win64; x64; rv:120.0) Gecko/20100101 Firefox/120.0"
62.1.222.72 - - [14/Dec/2023:08:55:25 +0200] "GET /slideshow_seasonal.php HTTP/1.1" 200 771 "http://meteoclima.hua.gr/" "Mozilla/5.0 (iPhone; CPU iPhone OS 17_1_2 like Mac OS X) AppleWebKit/605.1.15 (KHTML, like Gecko) Version/17.1.2 Mobile/15E148 Safari/604.1"
143.233.252.2 - - [14/Dec/2023:08:55:25 +0200] "GET /stations/Delacroix-Attiki/10MinAvgWindSpeed.gif HTTP/1.1" 200 4780 "http://meteoclima.hua.gr/stations/Delacroix-Attiki/" "Mozilla/5.0 (Windows NT 10.0; Win64; x64; rv:120.0) Gecko/20100101 Firefox/120.0"
143.233.252.2 - - [14/Dec/2023:08:55:25 +0200] "GET /stations/Delacroix-Attiki/Rain.gif HTTP/1.1" 200 4906 "http://meteoclima.hua.gr/stations/Delacroix-Attiki/" "Mozilla/5.0 (Windows NT 10.0; Win64; x64; rv:120.0) Gecko/20100101 Firefox/120.0"
143.233.252.2 - - [14/Dec/2023:08:55:25 +0200] "GET /stations/Delacroix-Attiki/RainStorm.gif HTTP/1.1" 200 4924 "http://meteoclima.hua.gr/stations/Delacroix-Attiki/" "Mozilla/5.0 (Windows NT 10.0; Win64; x64; rv:120.0) Gecko/20100101 Firefox/120.0"
143.233.252.2 - - [14/Dec/2023:08:55:25 +0200] "GET /stations/Delacroix-Attiki/RainRate.gif HTTP/1.1" 200 6185 "http://meteoclima.hua.gr/stations/Delacroix-Attiki/" "Mozilla/5.0 (Windows NT 10.0; Win64; x64; rv:120.0) Gecko/20100101 Firefox/120.0"
143.233.252.2 - - [14/Dec/2023:08:55:25 +0200] "GET /stations/Delacroix-Attiki/MonthlyRain.gif HTTP/1.1" 200 4551 "http://meteoclima.hua.gr/stations/Delacroix-Attiki/" "Mozilla/5.0 (Windows NT 10.0; Win64; x64; rv:120.0) Gecko/20100101 Firefox/120.0"
143.233.252.2 - - [14/Dec/2023:08:55:25 +0200] "GET /stations/Delacroix-Attiki/meteoSearchBanner.jpg HTTP/1.1" 200 5397 "http://meteoclima.hua.gr/stations/Delacroix-Attiki/" "Mozilla/5.0 (Windows NT 10.0; Win64; x64; rv:120.0) Gecko/20100101 Firefox/120.0"
143.233.252.2 - - [14/Dec/2023:08:55:25 +0200] "GET /stations/Delacroix-Attiki/YearlyRain.gif HTTP/1.1" 200 5512 "http://meteoclima.hua.gr/stations/Delacroix-Attiki/" "Mozilla/5.0 (Windows NT 10.0; Win64; x64; rv:120.0) Gecko/20100101 Firefox/120.0"
143.233.252.2 - - [14/Dec/2023:08:55:25 +0200] "GET /stations/Delacroix-Attiki/OutsideTempHistory.gif HTTP/1.1" 200 12681 "http://meteoclima.hua.gr/stations/Delacroix-Attiki/" "Mozilla/5.0 (Windows NT 10.0; Win64; x64; rv:120.0) Gecko/20100101 Firefox/120.0"
143.233.252.2 - - [14/Dec/2023:08:55:25 +0200] "GET /stations/Delacroix-Attiki/OutsideHumidityHistory.gif HTTP/1.1" 200 12988 "http://meteoclima.hua.gr/stations/Delacroix-Attiki/" "Mozilla/5.0 (Windows NT 10.0; Win64; x64; rv:120.0) Gecko/20100101 Firefox/120.0"
143.233.252.2 - - [14/Dec/2023:08:55:25 +0200] "GET /stations/Delacroix-Attiki/RainHistory.gif HTTP/1.1" 200 11757 "http://meteoclima.hua.gr/stations/Delacroix-Attiki/" "Mozilla/5.0 (Windows NT 10.0; Win64; x64; rv:120.0) Gecko/20100101 Firefox/120.0"
143.233.252.2 - - [14/Dec/2023:08:55:25 +0200] "GET /stations/Delacroix-Attiki/RainRateHistory.gif HTTP/1.1" 200 11928 "http://meteoclima.hua.gr/stations/Delacroix-Attiki/" "Mozilla/5.0 (Windows NT 10.0; Win64; x64; rv:120.0) Gecko/20100101 Firefox/120.0"
62.1.222.72 - - [14/Dec/2023:08:55:25 +0200] "GET /images/stories/data/wrf/google/windlbl.png HTTP/1.1" 200 16872 "http://meteoclima.hua.gr/europe_cloud_overlay.html" "Mozilla/5.0 (iPhone; CPU iPhone OS 17_1_2 like Mac OS X) AppleWebKit/605.1.15 (KHTML, like Gecko) Version/17.1.2 Mobile/15E148 Safari/604.1"
62.1.222.72 - - [14/Dec/2023:08:55:25 +0200] "GET /images/stories/data/wrf/python/meteograms/nmmV3-chart.d01.gif HTTP/1.1" 200 40767 "http://meteoclima.hua.gr/slideshow.php" "Mozilla/5.0 (iPhone; CPU iPhone OS 17_1_2 like Mac OS X) AppleWebKit/605.1.15 (KHTML, like Gecko) Version/17.1.2 Mobile/15E148 Safari/604.1"
143.233.252.2 - - [14/Dec/2023:08:55:25 +0200] "GET /stations/Delacroix-Attiki/WindSpeed.gif HTTP/1.1" 200 4853 "http://meteoclima.hua.gr/stations/Delacroix-Attiki/" "Mozilla/5.0 (Windows NT 10.0; Win64; x64; rv:120.0) Gecko/20100101 Firefox/120.0"
62.1.222.72 - - [14/Dec/2023:08:55:26 +0200] "GET /slideshow-bg.png HTTP/1.1" 404 513 "http://meteoclima.hua.gr/slideshow.php" "Mozilla/5.0 (iPhone; CPU iPhone OS 17_1_2 like Mac OS X) AppleWebKit/605.1.15 (KHTML, like Gecko) Version/17.1.2 Mobile/15E148 Safari/604.1"
62.1.222.72 - - [14/Dec/2023:08:55:25 +0200] "GET /images/stories/data/seasonal/Feb2022/Winter2023_crop.png HTTP/1.1" 200 610157 "http://meteoclima.hua.gr/slideshow_seasonal.php" "Mozilla/5.0 (iPhone; CPU iPhone OS 17_1_2 like Mac OS X) AppleWebKit/605.1.15 (KHTML, like Gecko) Version/17.1.2 Mobile/15E148 Safari/604.1"
62.1.222.72 - - [14/Dec/2023:08:55:27 +0200] "GET /images/stories/data/wrf/google/latest-t2m.png HTTP/1.1" 200 28907 "http://meteoclima.hua.gr/europe_temperature_overlay.html" "Mozilla/5.0 (iPhone; CPU iPhone OS 17_1_2 like Mac OS X) AppleWebKit/605.1.15 (KHTML, like Gecko) Version/17.1.2 Mobile/15E148 Safari/604.1"
62.1.222.72 - - [14/Dec/2023:08:55:27 +0200] "GET /images/stories/data/wrf/google/latest-rain.png HTTP/1.1" 200 21912 "http://meteoclima.hua.gr/europe_rain_overlay.html" "Mozilla/5.0 (iPhone; CPU iPhone OS 17_1_2 like Mac OS X) AppleWebKit/605.1.15 (KHTML, like Gecko) Version/17.1.2 Mobile/15E148 Safari/604.1"
62.1.222.72 - - [14/Dec/2023:08:55:27 +0200] "GET /images/stories/data/wrf/google/latest-cloud.png HTTP/1.1" 200 264711 "http://meteoclima.hua.gr/europe_cloud_overlay.html" "Mozilla/5.0 (iPhone; CPU iPhone OS 17_1_2 like Mac OS X) AppleWebKit/605.1.15 (KHTML, like Gecko) Version/17.1.2 Mobile/15E148 Safari/604.1"
114.119.156.140 - - [14/Dec/2023:08:55:28 +0200] "GET /robots.txt HTTP/1.1" 200 4443 "-" "Mozilla/5.0 (compatible;PetalBot;+https://webmaster.petalsearch.com/site/petalbot)"
::1 - - [14/Dec/2023:08:55:30 +0200] "OPTIONS * HTTP/1.0" 200 126 "-" "Apache/2.4.10 (Debian) OpenSSL/1.0.1t mod_perl/2.0.9dev Perl/v5.20.2 (internal dummy connection)"
::1 - - [14/Dec/2023:08:55:31 +0200] "OPTIONS * HTTP/1.0" 200 126 "-" "Apache/2.4.10 (Debian) OpenSSL/1.0.1t mod_perl/2.0.9dev Perl/v5.20.2 (internal dummy connection)"
::1 - - [14/Dec/2023:08:55:32 +0200] "OPTIONS * HTTP/1.0" 200 126 "-" "Apache/2.4.10 (Debian) OpenSSL/1.0.1t mod_perl/2.0.9dev Perl/v5.20.2 (internal dummy connection)"
::1 - - [14/Dec/2023:08:55:33 +0200] "OPTIONS * HTTP/1.0" 200 126 "-" "Apache/2.4.10 (Debian) OpenSSL/1.0.1t mod_perl/2.0.9dev Perl/v5.20.2 (internal dummy connection)"
::1 - - [14/Dec/2023:08:55:34 +0200] "OPTIONS * HTTP/1.0" 200 126 "-" "Apache/2.4.10 (Debian) OpenSSL/1.0.1t mod_perl/2.0.9dev Perl/v5.20.2 (internal dummy connection)"
::1 - - [14/Dec/2023:08:55:35 +0200] "OPTIONS * HTTP/1.0" 200 126 "-" "Apache/2.4.10 (Debian) OpenSSL/1.0.1t mod_perl/2.0.9dev Perl/v5.20.2 (internal dummy connection)"
::1 - - [14/Dec/2023:08:55:36 +0200] "OPTIONS * HTTP/1.0" 200 126 "-" "Apache/2.4.10 (Debian) OpenSSL/1.0.1t mod_perl/2.0.9dev Perl/v5.20.2 (internal dummy connection)"
74.208.68.9 - - [14/Dec/2023:08:55:37 +0200] "GET /stations/Delacroix-Attiki/downld02.txt HTTP/1.1" 200 8449 "-" "Mozilla/5.0 (Windows NT 10.0; Win64; x64; rv:69.0) Gecko/20100101 Firefox/69.0"
176.58.227.164 - - [14/Dec/2023:08:55:50 +0200] "GET /stations/Lavrio/Current_Monitor_Lavrio.htm HTTP/1.1" 200 2460 "-" "Mozilla/5.0 (Windows NT 10.0; Win64; x64; rv:120.0) Gecko/20100101 Firefox/120.0"
176.58.227.164 - - [14/Dec/2023:08:55:50 +0200] "GET /stations/Lavrio/pep-logo.jpg HTTP/1.1" 304 182 "http://meteoclima.hua.gr/stations/Lavrio/Current_Monitor_Lavrio.htm" "Mozilla/5.0 (Windows NT 10.0; Win64; x64; rv:120.0) Gecko/20100101 Firefox/120.0"
176.58.227.164 - - [14/Dec/2023:08:55:50 +0200] "GET /stations/Lavrio/espa-logo.png HTTP/1.1" 304 181 "http://meteoclima.hua.gr/stations/Lavrio/Current_Monitor_Lavrio.htm" "Mozilla/5.0 (Windows NT 10.0; Win64; x64; rv:120.0) Gecko/20100101 Firefox/120.0"
176.58.227.164 - - [14/Dec/2023:08:55:50 +0200] "GET /stations/Lavrio/Davis_Logo.jpg HTTP/1.1" 304 181 "http://meteoclima.hua.gr/stations/Lavrio/Current_Monitor_Lavrio.htm" "Mozilla/5.0 (Windows NT 10.0; Win64; x64; rv:120.0) Gecko/20100101 Firefox/120.0"
176.58.227.164 - - [14/Dec/2023:08:55:50 +0200] "GET /stations/Lavrio/hua_logo.gif HTTP/1.1" 304 181 "http://meteoclima.hua.gr/stations/Lavrio/Current_Monitor_Lavrio.htm" "Mozilla/5.0 (Windows NT 10.0; Win64; x64; rv:120.0) Gecko/20100101 Firefox/120.0"
176.58.227.164 - - [14/Dec/2023:08:55:50 +0200] "GET /stations/Lavrio/WindDirectionHistory.gif HTTP/1.1" 304 181 "http://meteoclima.hua.gr/stations/Lavrio/Current_Monitor_Lavrio.htm" "Mozilla/5.0 (Windows NT 10.0; Win64; x64; rv:120.0) Gecko/20100101 Firefox/120.0"
176.58.227.164 - - [14/Dec/2023:08:55:50 +0200] "GET /stations/Lavrio/OutsideTempHistory.gif HTTP/1.1" 304 181 "http://meteoclima.hua.gr/stations/Lavrio/Current_Monitor_Lavrio.htm" "Mozilla/5.0 (Windows NT 10.0; Win64; x64; rv:120.0) Gecko/20100101 Firefox/120.0"
176.58.227.164 - - [14/Dec/2023:08:55:50 +0200] "GET /stations/Lavrio/WindSpeed.gif HTTP/1.1" 304 182 "http://meteoclima.hua.gr/stations/Lavrio/Current_Monitor_Lavrio.htm" "Mozilla/5.0 (Windows NT 10.0; Win64; x64; rv:120.0) Gecko/20100101 Firefox/120.0"
176.58.227.164 - - [14/Dec/2023:08:55:50 +0200] "GET /stations/Lavrio/WindSpeedHistory.gif HTTP/1.1" 304 182 "http://meteoclima.hua.gr/stations/Lavrio/Current_Monitor_Lavrio.htm" "Mozilla/5.0 (Windows NT 10.0; Win64; x64; rv:120.0) Gecko/20100101 Firefox/120.0"
176.58.227.164 - - [14/Dec/2023:08:55:50 +0200] "GET /stations/Lavrio/WindDirection.gif HTTP/1.1" 304 182 "http://meteoclima.hua.gr/stations/Lavrio/Current_Monitor_Lavrio.htm" "Mozilla/5.0 (Windows NT 10.0; Win64; x64; rv:120.0) Gecko/20100101 Firefox/120.0"
176.58.227.164 - - [14/Dec/2023:08:55:50 +0200] "GET /stations/Lavrio/BarometerHistory.gif HTTP/1.1" 304 181 "http://meteoclima.hua.gr/stations/Lavrio/Current_Monitor_Lavrio.htm" "Mozilla/5.0 (Windows NT 10.0; Win64; x64; rv:120.0) Gecko/20100101 Firefox/120.0"
176.58.227.164 - - [14/Dec/2023:08:55:50 +0200] "GET /stations/Lavrio/OutsideHumidityHistory.gif HTTP/1.1" 304 181 "http://meteoclima.hua.gr/stations/Lavrio/Current_Monitor_Lavrio.htm" "Mozilla/5.0 (Windows NT 10.0; Win64; x64; rv:120.0) Gecko/20100101 Firefox/120.0"
176.58.227.164 - - [14/Dec/2023:08:55:50 +0200] "GET /stations/Lavrio/HeatIndexHistory.gif HTTP/1.1" 304 181 "http://meteoclima.hua.gr/stations/Lavrio/Current_Monitor_Lavrio.htm" "Mozilla/5.0 (Windows NT 10.0; Win64; x64; rv:120.0) Gecko/20100101 Firefox/120.0"
176.58.227.164 - - [14/Dec/2023:08:55:50 +0200] "GET /stations/Lavrio/RainHistory.gif HTTP/1.1" 304 181 "http://meteoclima.hua.gr/stations/Lavrio/Current_Monitor_Lavrio.htm" "Mozilla/5.0 (Windows NT 10.0; Win64; x64; rv:120.0) Gecko/20100101 Firefox/120.0"
176.58.227.164 - - [14/Dec/2023:08:55:50 +0200] "GET /stations/Lavrio/Rain.gif HTTP/1.1" 304 181 "http://meteoclima.hua.gr/stations/Lavrio/Current_Monitor_Lavrio.htm" "Mozilla/5.0 (Windows NT 10.0; Win64; x64; rv:120.0) Gecko/20100101 Firefox/120.0"
176.58.227.164 - - [14/Dec/2023:08:55:50 +0200] "GET /stations/Lavrio/RainRateHistory.gif HTTP/1.1" 304 181 "http://meteoclima.hua.gr/stations/Lavrio/Current_Monitor_Lavrio.htm" "Mozilla/5.0 (Windows NT 10.0; Win64; x64; rv:120.0) Gecko/20100101 Firefox/120.0"
176.58.227.164 - - [14/Dec/2023:08:55:50 +0200] "GET /stations/Lavrio/MonthlyRain.gif HTTP/1.1" 304 181 "http://meteoclima.hua.gr/stations/Lavrio/Current_Monitor_Lavrio.htm" "Mozilla/5.0 (Windows NT 10.0; Win64; x64; rv:120.0) Gecko/20100101 Firefox/120.0"
176.58.227.164 - - [14/Dec/2023:08:55:50 +0200] "GET /stations/Lavrio/YearlyRain.gif HTTP/1.1" 304 181 "http://meteoclima.hua.gr/stations/Lavrio/Current_Monitor_Lavrio.htm" "Mozilla/5.0 (Windows NT 10.0; Win64; x64; rv:120.0) Gecko/20100101 Firefox/120.0"
195.251.31.193 - - [14/Dec/2023:08:55:52 +0200] "POST /citymodel/1C000017/test2.php/1C000017035100076D040000000000000000000007A800015B2A00162C00182B000F040830000B0011001220A3 HTTP/1.1" 200 320 "-" "-"
::1 - - [14/Dec/2023:08:55:55 +0200] "OPTIONS * HTTP/1.0" 200 126 "-" "Apache/2.4.10 (Debian) OpenSSL/1.0.1t mod_perl/2.0.9dev Perl/v5.20.2 (internal dummy connection)"
::1 - - [14/Dec/2023:08:55:57 +0200] "OPTIONS * HTTP/1.0" 200 126 "-" "Apache/2.4.10 (Debian) OpenSSL/1.0.1t mod_perl/2.0.9dev Perl/v5.20.2 (internal dummy connection)"
74.208.68.9 - - [14/Dec/2023:08:56:01 +0200] "GET /stations/Harokopio-Athens/downld02.txt HTTP/1.1" 200 7161 "-" "Mozilla/5.0 (Windows NT 10.0; Win64; x64; rv:69.0) Gecko/20100101 Firefox/69.0"
74.208.68.9 - - [14/Dec/2023:08:56:06 +0200] "GET /stations/derveni/downld02.txt HTTP/1.1" 200 6310 "-" "Mozilla/5.0 (Windows NT 10.0; Win64; x64; rv:69.0) Gecko/20100101 Firefox/69.0"
74.208.68.9 - - [14/Dec/2023:08:56:07 +0200] "GET /stations/salamina/downld02.txt HTTP/1.1" 200 7121 "-" "Mozilla/5.0 (Windows NT 10.0; Win64; x64; rv:69.0) Gecko/20100101 Firefox/69.0"
74.208.68.9 - - [14/Dec/2023:08:56:21 +0200] "GET /stations/geraki/downld02.txt HTTP/1.1" 200 6420 "-" "Mozilla/5.0 (Windows NT 10.0; Win64; x64; rv:69.0) Gecko/20100101 Firefox/69.0"
114.119.133.237 - - [14/Dec/2023:08:56:29 +0200] "GET /robots.txt HTTP/1.1" 200 4443 "-" "Mozilla/5.0 (compatible;PetalBot;+https://webmaster.petalsearch.com/site/petalbot)"
176.58.227.164 - - [14/Dec/2023:08:56:38 +0200] "GET /labelgoogle.html HTTP/1.1" 200 552 "-" "Mozilla/5.0 (Windows NT 10.0; Win64; x64; rv:120.0) Gecko/20100101 Firefox/120.0"
195.251.31.193 - - [14/Dec/2023:08:56:52 +0200] "POST /citymodel/1C000017/test2.php/1C000017035100076D400000000000000000000007A800015B2A00162C00182B000F04082F000B001000112036 HTTP/1.1" 200 320 "-" "-"
