143.233.252.2 - - [14/Dec/2023:08:16:49 +0200] "GET /stations/Delacroix-Attiki/MonthlyRain.gif HTTP/1.1" 200 4551 "http://meteoclima.hua.gr/stations/Delacroix-Attiki/" "Mozilla/5.0 (Windows NT 10.0; Win64; x64; rv:120.0) Gecko/20100101 Firefox/120.0"
143.233.252.2 - - [14/Dec/2023:08:16:49 +0200] "GET /stations/Delacroix-Attiki/YearlyRain.gif HTTP/1.1" 200 5512 "http://meteoclima.hua.gr/stations/Delacroix-Attiki/" "Mozilla/5.0 (Windows NT 10.0; Win64; x64; rv:120.0) Gecko/20100101 Firefox/120.0"
143.233.252.2 - - [14/Dec/2023:08:16:49 +0200] "GET /stations/Delacroix-Attiki/meteoSearchBanner.jpg HTTP/1.1" 304 181 "http://meteoclima.hua.gr/stations/Delacroix-Attiki/" "Mozilla/5.0 (Windows NT 10.0; Win64; x64; rv:120.0) Gecko/20100101 Firefox/120.0"
143.233.252.2 - - [14/Dec/2023:08:16:49 +0200] "GET /stations/Delacroix-Attiki/OutsideTempHistory.gif HTTP/1.1" 200 12681 "http://meteoclima.hua.gr/stations/Delacroix-Attiki/" "Mozilla/5.0 (Windows NT 10.0; Win64; x64; rv:120.0) Gecko/20100101 Firefox/120.0"
143.233.252.2 - - [14/Dec/2023:08:16:49 +0200] "GET /stations/Delacroix-Attiki/OutsideHumidityHistory.gif HTTP/1.1" 200 12988 "http://meteoclima.hua.gr/stations/Delacroix-Attiki/" "Mozilla/5.0 (Windows NT 10.0; Win64; x64; rv:120.0) Gecko/20100101 Firefox/120.0"
143.233.252.2 - - [14/Dec/2023:08:16:49 +0200] "GET /stations/Delacroix-Attiki/RainRateHistory.gif HTTP/1.1" 200 11928 "http://meteoclima.hua.gr/stations/Delacroix-Attiki/" "Mozilla/5.0 (Windows NT 10.0; Win64; x64; rv:120.0) Gecko/20100101 Firefox/120.0"
143.233.252.2 - - [14/Dec/2023:08:16:49 +0200] "GET /stations/Delacroix-Attiki/WindDirectionHistory.gif HTTP/1.1" 200 12875 "http://meteoclima.hua.gr/stations/Delacroix-Attiki/" "Mozilla/5.0 (Windows NT 10.0; Win64; x64; rv:120.0) Gecko/20100101 Firefox/120.0"
195.251.31.193 - - [14/Dec/2023:08:16:52 +0200] "POST /citymodel/1C000017/test2.php/1C0000170351000763E00000000000000000000007A800015B2A00152C00172B000F0407DC000A000F001020B1 HTTP/1.1" 200 320 "-" "-"
::1 - - [14/Dec/2023:08:16:54 +0200] "OPTIONS * HTTP/1.0" 200 126 "-" "Apache/2.4.10 (Debian) OpenSSL/1.0.1t mod_perl/2.0.9dev Perl/v5.20.2 (internal dummy connection)"
78.138.0.154 - - [14/Dec/2023:08:16:57 +0200] "GET /.env HTTP/1.1" 301 574 "-" "python-requests/2.27.1"
78.138.0.154 - - [14/Dec/2023:08:16:58 +0200] "GET /.env HTTP/1.1" 404 4237 "-" "python-requests/2.27.1"
::1 - - [14/Dec/2023:08:16:58 +0200] "OPTIONS * HTTP/1.0" 200 126 "-" "Apache/2.4.10 (Debian) OpenSSL/1.0.1t mod_perl/2.0.9dev Perl/v5.20.2 (internal dummy connection)"
195.251.31.193 - - [14/Dec/2023:08:17:52 +0200] "POST /citymodel/1C000017/test2.php/1C00001703510007641C0000000000000000000007A800015B2A00152C00172B000F0407DC000A000F000F2069 HTTP/1.1" 200 320 "-" "-"
83.212.240.12 - - [14/Dec/2023:08:18:42 +0200] "POST /wp-cron.php?doing_wp_cron=1702534722.3628048896789550781250 HTTP/1.1" 200 166 "http://esa13thconference.eu/wp-cron.php?doing_wp_cron=1702534722.3628048896789550781250" "WordPress/4.9.6; http://esa13thconference.eu"
58.186.122.89 - - [14/Dec/2023:08:18:42 +0200] "GET /index.php/contact/ HTTP/1.1" 200 15110 "-" "Mozilla/5.0 (X11; Ubuntu; Linux i686; rv:114.0) Gecko/20100101 Firefox/114.0"
83.212.240.12 - - [14/Dec/2023:08:18:47 +0200] "POST /wp-cron.php?doing_wp_cron=1702534727.0414769649505615234375 HTTP/1.1" 200 166 "http://esa13thconference.eu/wp-cron.php?doing_wp_cron=1702534727.0414769649505615234375" "WordPress/4.9.6; http://esa13thconference.eu"
58.186.122.89 - - [14/Dec/2023:08:18:46 +0200] "GET /wp-admin/admin-ajax.php?action=formmakerwdcaptcha_fmc&digit=6&i=1 HTTP/1.1" 200 5140 "http://esa13thconference.eu/index.php/contact/" "Mozilla/5.0 (X11; Ubuntu; Linux i686; rv:114.0) Gecko/20100101 Firefox/114.0"
83.212.240.12 - - [14/Dec/2023:08:18:48 +0200] "POST /wp-cron.php?doing_wp_cron=1702534728.5508940219879150390625 HTTP/1.1" 200 166 "http://esa13thconference.eu/wp-cron.php?doing_wp_cron=1702534728.5508940219879150390625" "WordPress/4.9.6; http://esa13thconference.eu"
58.186.122.89 - - [14/Dec/2023:08:18:48 +0200] "GET /wp-admin/admin-ajax.php?action=formmakerwdcaptcha_fmc&digit=6&i=1 HTTP/1.1" 200 5010 "http://esa13thconference.eu/index.php/contact/" "Mozilla/5.0 (X11; Ubuntu; Linux i686; rv:114.0) Gecko/20100101 Firefox/114.0"
83.212.240.12 - - [14/Dec/2023:08:18:50 +0200] "POST /wp-cron.php?doing_wp_cron=1702534730.2254190444946289062500 HTTP/1.1" 200 166 "http://esa13thconference.eu/wp-cron.php?doing_wp_cron=1702534730.2254190444946289062500" "WordPress/4.9.6; http://esa13thconference.eu"
58.186.122.89 - - [14/Dec/2023:08:18:49 +0200] "GET /wp-admin/admin-ajax.php?action=formmakerwdcaptcha_fmc&digit=6&i=1 HTTP/1.1" 200 5335 "http://esa13thconference.eu/index.php/contact/" "Mozilla/5.0 (X11; Ubuntu; Linux i686; rv:114.0) Gecko/20100101 Firefox/114.0"
195.251.31.193 - - [14/Dec/2023:08:18:52 +0200] "POST /citymodel/1C000017/test2.php/1C0000170351000764580000000000000000000007A800015B2A00152C00172B000F0407DE000B000F001020CD HTTP/1.1" 200 320 "-" "-"
83.212.240.12 - - [14/Dec/2023:08:19:24 +0200] "POST /wp-cron.php?doing_wp_cron=1702534764.5864930152893066406250 HTTP/1.1" 200 166 "http://esa13thconference.eu/wp-cron.php?doing_wp_cron=1702534764.5864930152893066406250" "WordPress/4.9.6; http://esa13thconference.eu"
182.253.161.56 - - [14/Dec/2023:08:19:24 +0200] "GET / HTTP/1.1" 200 15882 "-" "Mozilla/5.0 (Windows NT 10.0; Win64; x64) AppleWebKit/537.36 (KHTML, like Gecko) Chrome/114.0.0.0 Safari/537.36"
195.251.31.193 - - [14/Dec/2023:08:19:52 +0200] "POST /citymodel/1C000017/test2.php/1C0000170351000764940000000000000000000007A800015B2A00152C00172B000F0407DE000B001000112091 HTTP/1.1" 200 320 "-" "-"
194.177.195.232 - - [14/Dec/2023:08:20:02 +0200] "GET /stations/Delacroix-Attiki/downld02.txt HTTP/1.1" 200 52215 "-" "curl/7.64.0"
194.177.195.232 - - [14/Dec/2023:08:20:02 +0200] "GET /stations/Delacroix-Attiki/downld08.txt HTTP/1.1" 200 231065 "-" "curl/7.64.0"
194.177.195.232 - - [14/Dec/2023:08:20:02 +0200] "GET /stations/Delacroix-Attiki/ZWNTANA.htm HTTP/1.1" 200 2293 "-" "curl/7.64.0"
194.177.195.232 - - [14/Dec/2023:08:20:02 +0200] "GET /stations/Delacroix-Attiki/NOAAMO.TXT HTTP/1.1" 200 2288 "-" "curl/7.64.0"
194.177.195.232 - - [14/Dec/2023:08:20:02 +0200] "GET /stations/Delacroix-Attiki/NOAAPRMO.TXT HTTP/1.1" 200 3610 "-" "curl/7.64.0"
194.177.195.232 - - [14/Dec/2023:08:20:02 +0200] "GET /stations/Delacroix-Attiki/NOAAYR.TXT HTTP/1.1" 200 3470 "-" "curl/7.64.0"
194.177.195.232 - - [14/Dec/2023:08:20:02 +0200] "GET /stations/Delacroix-Attiki/NOAAPRYR.TXT HTTP/1.1" 200 3470 "-" "curl/7.64.0"
194.177.195.232 - - [14/Dec/2023:08:20:02 +0200] "GET /stations/derveni/downld02.txt HTTP/1.1" 200 40623 "-" "curl/7.64.0"
194.177.195.232 - - [14/Dec/2023:08:20:02 +0200] "GET /stations/derveni/downld08.txt HTTP/1.1" 200 219473 "-" "curl/7.64.0"
194.177.195.232 - - [14/Dec/2023:08:20:02 +0200] "GET /stations/derveni/ZWNTANA.htm HTTP/1.1" 200 2349 "-" "curl/7.64.0"
194.177.195.232 - - [14/Dec/2023:08:20:02 +0200] "GET /stations/derveni/NOAAMO.TXT HTTP/1.1" 200 2362 "-" "curl/7.64.0"
194.177.195.232 - - [14/Dec/2023:08:20:02 +0200] "GET /stations/derveni/NOAAPRMO.TXT HTTP/1.1" 200 1269 "-" "curl/7.64.0"
194.177.195.232 - - [14/Dec/2023:08:20:02 +0200] "GET /stations/derveni/NOAAYR.TXT HTTP/1.1" 200 1937 "-" "curl/7.64.0"
194.177.195.232 - - [14/Dec/2023:08:20:02 +0200] "GET /stations/derveni/NOAAPRYR.TXT HTTP/1.1" 200 1803 "-" "curl/7.64.0"
194.177.195.232 - - [14/Dec/2023:08:20:02 +0200] "GET /stations/geraki/downld02.txt HTTP/1.1" 200 40830 "-" "curl/7.64.0"
194.177.195.232 - - [14/Dec/2023:08:20:02 +0200] "GET /stations/geraki/downld08.txt HTTP/1.1" 200 219680 "-" "curl/7.64.0"
194.177.195.232 - - [14/Dec/2023:08:20:02 +0200] "GET /stations/geraki/ZWNTANA.htm HTTP/1.1" 200 2342 "-" "curl/7.64.0"
194.177.195.232 - - [14/Dec/2023:08:20:02 +0200] "GET /stations/geraki/NOAAMO.TXT HTTP/1.1" 200 2392 "-" "curl/7.64.0"
194.177.195.232 - - [14/Dec/2023:08:20:02 +0200] "GET /stations/geraki/NOAAPRMO.TXT HTTP/1.1" 200 3637 "-" "curl/7.64.0"
194.177.195.232 - - [14/Dec/2023:08:20:02 +0200] "GET /stations/geraki/NOAAYR.TXT HTTP/1.1" 200 3495 "-" "curl/7.64.0"
194.177.195.232 - - [14/Dec/2023:08:20:02 +0200] "GET /stations/geraki/NOAAPRYR.TXT HTTP/1.1" 200 3495 "-" "curl/7.64.0"
194.177.195.232 - - [14/Dec/2023:08:20:02 +0200] "GET /stations/Harokopio-Athens/downld02.txt HTTP/1.1" 200 65919 "-" "curl/7.64.0"
194.177.195.232 - - [14/Dec/2023:08:20:02 +0200] "GET /stations/Harokopio-Athens/downld08.txt HTTP/1.1" 200 355360 "-" "curl/7.64.0"
194.177.195.232 - - [14/Dec/2023:08:20:02 +0200] "GET /stations/Harokopio-Athens/ZWNTANA.htm HTTP/1.1" 200 2296 "-" "curl/7.64.0"
194.177.195.232 - - [14/Dec/2023:08:20:02 +0200] "GET /stations/Harokopio-Athens/NOAAMO.TXT HTTP/1.1" 200 2395 "-" "curl/7.64.0"
194.177.195.232 - - [14/Dec/2023:08:20:02 +0200] "GET /stations/Harokopio-Athens/NOAAPRMO.TXT HTTP/1.1" 200 3638 "-" "curl/7.64.0"
194.177.195.232 - - [14/Dec/2023:08:20:02 +0200] "GET /stations/Harokopio-Athens/NOAAYR.TXT HTTP/1.1" 200 3498 "-" "curl/7.64.0"
194.177.195.232 - - [14/Dec/2023:08:20:02 +0200] "GET /stations/Harokopio-Athens/NOAAPRYR.TXT HTTP/1.1" 200 3498 "-" "curl/7.64.0"
194.177.195.232 - - [14/Dec/2023:08:20:05 +0200] "GET /stations/salamina/downld02.txt HTTP/1.1" 200 52422 "-" "curl/7.64.0"
194.177.195.232 - - [14/Dec/2023:08:20:05 +0200] "GET /stations/salamina/downld08.txt HTTP/1.1" 200 231272 "-" "curl/7.64.0"
194.177.195.232 - - [14/Dec/2023:08:20:05 +0200] "GET /stations/salamina/ZWNTANA.htm HTTP/1.1" 200 2295 "-" "curl/7.64.0"
194.177.195.232 - - [14/Dec/2023:08:20:05 +0200] "GET /stations/salamina/NOAAMO.TXT HTTP/1.1" 200 2316 "-" "curl/7.64.0"
194.177.195.232 - - [14/Dec/2023:08:20:05 +0200] "GET /stations/salamina/NOAAPRMO.TXT HTTP/1.1" 200 3638 "-" "curl/7.64.0"
194.177.195.232 - - [14/Dec/2023:08:20:05 +0200] "GET /stations/salamina/NOAAYR.TXT HTTP/1.1" 200 3497 "-" "curl/7.64.0"
194.177.195.232 - - [14/Dec/2023:08:20:05 +0200] "GET /stations/salamina/NOAAPRYR.TXT HTTP/1.1" 200 3497 "-" "curl/7.64.0"
74.208.68.9 - - [14/Dec/2023:08:20:44 +0200] "GET /stations/salamina/downld02.txt HTTP/1.1" 200 7121 "-" "Mozilla/5.0 (Windows NT 10.0; Win64; x64; rv:69.0) Gecko/20100101 Firefox/69.0"
195.251.31.193 - - [14/Dec/2023:08:20:52 +0200] "POST /citymodel/1C000017/test2.php/1C0000170351000764D00000000000000000000007A800015B2A00152C00172B000F0407DE000B001000122025 HTTP/1.1" 200 320 "-" "-"
74.208.68.9 - - [14/Dec/2023:08:20:56 +0200] "GET /stations/geraki/downld02.txt HTTP/1.1" 200 6256 "-" "Mozilla/5.0 (Windows NT 10.0; Win64; x64; rv:69.0) Gecko/20100101 Firefox/69.0"
74.208.68.9 - - [14/Dec/2023:08:20:58 +0200] "GET /stations/Harokopio-Athens/downld02.txt HTTP/1.1" 200 7023 "-" "Mozilla/5.0 (Windows NT 10.0; Win64; x64; rv:69.0) Gecko/20100101 Firefox/69.0"
74.208.68.9 - - [14/Dec/2023:08:20:58 +0200] "GET /stations/derveni/downld02.txt HTTP/1.1" 200 6195 "-" "Mozilla/5.0 (Windows NT 10.0; Win64; x64; rv:69.0) Gecko/20100101 Firefox/69.0"
83.212.240.12 - - [14/Dec/2023:08:21:00 +0200] "POST /wp-cron.php?doing_wp_cron=1702534860.2172780036926269531250 HTTP/1.1" 200 166 "http://esa13thconference.eu/wp-cron.php?doing_wp_cron=1702534860.2172780036926269531250" "WordPress/4.9.6; http://esa13thconference.eu"
185.241.208.80 - - [14/Dec/2023:08:20:59 +0200] "POST /wp-login.php?action=register HTTP/1.1" 302 3789 "-" "-"
74.208.68.9 - - [14/Dec/2023:08:21:14 +0200] "GET /stations/Delacroix-Attiki/downld02.txt HTTP/1.1" 200 8449 "-" "Mozilla/5.0 (Windows NT 10.0; Win64; x64; rv:69.0) Gecko/20100101 Firefox/69.0"
66.249.66.13 - - [14/Dec/2023:08:21:31 +0200] "GET /diatrofi/forum/showthread.php?tid=5312&action=lastpost HTTP/1.1" 302 4158 "-" "Mozilla/5.0 (Linux; Android 6.0.1; Nexus 5X Build/MMB29P) AppleWebKit/537.36 (KHTML, like Gecko) Chrome/120.0.6099.71 Mobile Safari/537.36 (compatible; Googlebot/2.1; +http://www.google.com/bot.html)"
66.249.66.14 - - [14/Dec/2023:08:21:32 +0200] "GET /diatrofi/forum/showthread.php?tid=5312&pid=5624 HTTP/1.1" 200 12947 "-" "Mozilla/5.0 (Linux; Android 6.0.1; Nexus 5X Build/MMB29P) AppleWebKit/537.36 (KHTML, like Gecko) Chrome/120.0.6099.71 Mobile Safari/537.36 (compatible; Googlebot/2.1; +http://www.google.com/bot.html)"
195.251.31.193 - - [14/Dec/2023:08:21:52 +0200] "POST /citymodel/1C000017/test2.php/1C00001703510007650C0000000000000000000007A800015B2A00152C00162B000F0407DF000B001000122007 HTTP/1.1" 200 320 "-" "-"
195.251.31.193 - - [14/Dec/2023:08:22:52 +0200] "POST /citymodel/1C000017/test2.php/1C0000170351000765480000000000000000000007A800015B2A00152C00172B000F0407DF000B0010001220CA HTTP/1.1" 200 320 "-" "-"
195.251.31.193 - - [14/Dec/2023:08:23:52 +0200] "POST /citymodel/1C000017/test2.php/1C0000170351000765840000000000000000000007A800015B2A00152C00172B000F0407E0000B0010001120A3 HTTP/1.1" 200 320 "-" "-"
195.251.31.193 - - [14/Dec/2023:08:24:52 +0200] "POST /citymodel/1C000017/test2.php/1C0000170351000765C00000000000000000000007A800015B2A00152C00172B000F0407E0000B001000112042 HTTP/1.1" 200 320 "-" "-"
74.208.68.9 - - [14/Dec/2023:08:25:24 +0200] "GET /stations/salamina/downld02.txt HTTP/1.1" 200 7121 "-" "Mozilla/5.0 (Windows NT 10.0; Win64; x64; rv:69.0) Gecko/20100101 Firefox/69.0"
74.208.68.9 - - [14/Dec/2023:08:25:38 +0200] "GET /stations/geraki/downld02.txt HTTP/1.1" 200 6299 "-" "Mozilla/5.0 (Windows NT 10.0; Win64; x64; rv:69.0) Gecko/20100101 Firefox/69.0"
74.208.68.9 - - [14/Dec/2023:08:25:50 +0200] "GET /stations/Delacroix-Attiki/downld02.txt HTTP/1.1" 200 8449 "-" "Mozilla/5.0 (Windows NT 10.0; Win64; x64; rv:69.0) Gecko/20100101 Firefox/69.0"
195.251.31.193 - - [14/Dec/2023:08:25:52 +0200] "POST /citymodel/1C000017/test2.php/1C0000170351000765FC0000000000000000000007A800015B2A00152C00172B000F0407E1000A000F001120CB HTTP/1.1" 200 320 "-" "-"
74.208.68.9 - - [14/Dec/2023:08:26:01 +0200] "GET /stations/derveni/downld02.txt HTTP/1.1" 200 6224 "-" "Mozilla/5.0 (Windows NT 10.0; Win64; x64; rv:69.0) Gecko/20100101 Firefox/69.0"
103.203.57.7 - - [14/Dec/2023:08:26:08 +0200] "GET / HTTP/1.1" 301 529 "-" "HTTP Banner Detection (https://security.ipip.net)"
74.208.68.9 - - [14/Dec/2023:08:26:14 +0200] "GET /stations/Harokopio-Athens/downld02.txt HTTP/1.1" 200 7056 "-" "Mozilla/5.0 (Windows NT 10.0; Win64; x64; rv:69.0) Gecko/20100101 Firefox/69.0"
195.251.31.193 - - [14/Dec/2023:08:26:52 +0200] "POST /citymodel/1C000017/test2.php/1C0000170351000766380000000000000000000007A800015B2A00152C00172B000F0407E3000A000E00102051 HTTP/1.1" 200 320 "-" "-"
195.251.31.193 - - [14/Dec/2023:08:27:52 +0200] "POST /citymodel/1C000017/test2.php/1C0000170351000766740000000000000000000007A800015B2A00152C00172B000F0407E3000B001000112021 HTTP/1.1" 200 320 "-" "-"
89.210.251.60 - - [14/Dec/2023:08:28:13 +0200] "GET /stations/Delacroix-Attiki/ HTTP/1.1" 200 4529 "-" "Mozilla/5.0 (Windows NT 6.1; rv:109.0) Gecko/20100101 Firefox/115.0"
89.210.251.60 - - [14/Dec/2023:08:28:14 +0200] "GET /stations/Delacroix-Attiki/Davis.jpg HTTP/1.1" 200 7492 "http://meteoclima.hua.gr/stations/Delacroix-Attiki/" "Mozilla/5.0 (Windows NT 6.1; rv:109.0) Gecko/20100101 Firefox/115.0"
89.210.251.60 - - [14/Dec/2023:08:28:14 +0200] "GET /stations/Delacroix-Attiki/logo.jpg HTTP/1.1" 200 5546 "http://meteoclima.hua.gr/stations/Delacroix-Attiki/" "Mozilla/5.0 (Windows NT 6.1; rv:109.0) Gecko/20100101 Firefox/115.0"
89.210.251.60 - - [14/Dec/2023:08:28:14 +0200] "GET /stations/Delacroix-Attiki/WindDirection.gif HTTP/1.1" 200 4949 "http://meteoclima.hua.gr/stations/Delacroix-Attiki/" "Mozilla/5.0 (Windows NT 6.1; rv:109.0) Gecko/20100101 Firefox/115.0"
89.210.251.60 - - [14/Dec/2023:08:28:14 +0200] "GET /stations/Delacroix-Attiki/WindDirectionHistory.gif HTTP/1.1" 200 12876 "http://meteoclima.hua.gr/stations/Delacroix-Attiki/" "Mozilla/5.0 (Windows NT 6.1; rv:109.0) Gecko/20100101 Firefox/115.0"
89.210.251.60 - - [14/Dec/2023:08:28:14 +0200] "GET /stations/Delacroix-Attiki/WindSpeedHistory.gif HTTP/1.1" 200 14278 "http://meteoclima.hua.gr/stations/Delacroix-Attiki/" "Mozilla/5.0 (Windows NT 6.1; rv:109.0) Gecko/20100101 Firefox/115.0"
89.210.251.60 - - [14/Dec/2023:08:28:14 +0200] "GET /stations/Delacroix-Attiki/BarometerHistory.gif HTTP/1.1" 200 12828 "http://meteoclima.hua.gr/stations/Delacroix-Attiki/" "Mozilla/5.0 (Windows NT 6.1; rv:109.0) Gecko/20100101 Firefox/115.0"
89.210.251.60 - - [14/Dec/2023:08:28:14 +0200] "GET /stations/Delacroix-Attiki/WindSpeed.gif HTTP/1.1" 200 4852 "http://meteoclima.hua.gr/stations/Delacroix-Attiki/" "Mozilla/5.0 (Windows NT 6.1; rv:109.0) Gecko/20100101 Firefox/115.0"
89.210.251.60 - - [14/Dec/2023:08:28:14 +0200] "GET /stations/Delacroix-Attiki/DewPointHistory.gif HTTP/1.1" 200 13033 "http://meteoclima.hua.gr/stations/Delacroix-Attiki/" "Mozilla/5.0 (Windows NT 6.1; rv:109.0) Gecko/20100101 Firefox/115.0"
89.210.251.60 - - [14/Dec/2023:08:28:14 +0200] "GET /stations/Delacroix-Attiki/10MinAvgWindSpeed.gif HTTP/1.1" 200 4780 "http://meteoclima.hua.gr/stations/Delacroix-Attiki/" "Mozilla/5.0 (Windows NT 6.1; rv:109.0) Gecko/20100101 Firefox/115.0"
89.210.251.60 - - [14/Dec/2023:08:28:14 +0200] "GET /stations/Delacroix-Attiki/Rain.gif HTTP/1.1" 200 4906 "http://meteoclima.hua.gr/stations/Delacroix-Attiki/" "Mozilla/5.0 (Windows NT 6.1; rv:109.0) Gecko/20100101 Firefox/115.0"
89.210.251.60 - - [14/Dec/2023:08:28:14 +0200] "GET /stations/Delacroix-Attiki/RainRate.gif HTTP/1.1" 200 6185 "http://meteoclima.hua.gr/stations/Delacroix-Attiki/" "Mozilla/5.0 (Windows NT 6.1; rv:109.0) Gecko/20100101 Firefox/115.0"
89.210.251.60 - - [14/Dec/2023:08:28:14 +0200] "GET /stations/Delacroix-Attiki/RainStorm.gif HTTP/1.1" 200 4924 "http://meteoclima.hua.gr/stations/Delacroix-Attiki/" "Mozilla/5.0 (Windows NT 6.1; rv:109.0) Gecko/20100101 Firefox/115.0"
89.210.251.60 - - [14/Dec/2023:08:28:14 +0200] "GET /stations/Delacroix-Attiki/MonthlyRain.gif HTTP/1.1" 200 4551 "http://meteoclima.hua.gr/stations/Delacroix-Attiki/" "Mozilla/5.0 (Windows NT 6.1; rv:109.0) Gecko/20100101 Firefox/115.0"
89.210.251.60 - - [14/Dec/2023:08:28:14 +0200] "GET /stations/Delacroix-Attiki/YearlyRain.gif HTTP/1.1" 200 5512 "http://meteoclima.hua.gr/stations/Delacroix-Attiki/" "Mozilla/5.0 (Windows NT 6.1; rv:109.0) Gecko/20100101 Firefox/115.0"
89.210.251.60 - - [14/Dec/2023:08:28:14 +0200] "GET /stations/Delacroix-Attiki/OutsideTempHistory.gif HTTP/1.1" 200 12681 "http://meteoclima.hua.gr/stations/Delacroix-Attiki/" "Mozilla/5.0 (Windows NT 6.1; rv:109.0) Gecko/20100101 Firefox/115.0"
89.210.251.60 - - [14/Dec/2023:08:28:14 +0200] "GET /stations/Delacroix-Attiki/OutsideHumidityHistory.gif HTTP/1.1" 200 12988 "http://meteoclima.hua.gr/stations/Delacroix-Attiki/" "Mozilla/5.0 (Windows NT 6.1; rv:109.0) Gecko/20100101 Firefox/115.0"
89.210.251.60 - - [14/Dec/2023:08:28:14 +0200] "GET /stations/Delacroix-Attiki/RainHistory.gif HTTP/1.1" 200 11757 "http://meteoclima.hua.gr/stations/Delacroix-Attiki/" "Mozilla/5.0 (Windows NT 6.1; rv:109.0) Gecko/20100101 Firefox/115.0"
89.210.251.60 - - [14/Dec/2023:08:28:14 +0200] "GET /stations/Delacroix-Attiki/RainRateHistory.gif HTTP/1.1" 200 11928 "http://meteoclima.hua.gr/stations/Delacroix-Attiki/" "Mozilla/5.0 (Windows NT 6.1; rv:109.0) Gecko/20100101 Firefox/115.0"
89.210.251.60 - - [14/Dec/2023:08:28:14 +0200] "GET /stations/Delacroix-Attiki/meteoSearchBanner.jpg HTTP/1.1" 200 5397 "http://meteoclima.hua.gr/stations/Delacroix-Attiki/" "Mozilla/5.0 (Windows NT 6.1; rv:109.0) Gecko/20100101 Firefox/115.0"
89.210.251.60 - - [14/Dec/2023:08:28:18 +0200] "GET /stations/Delacroix-Attiki/%CE%A4%CE%B1%20%CE%AD%CE%B3%CE%B3%CF%81%CE%B1%CF%86%CE%AC%20%CE%BC%CE%BF%CF%85/noa/meteo_stations/%CE%A4%CE%B1%20%CE%AD%CE%B3%CE%B3%CF%81%CE%B1%CF%86%CE%AC%20%CE%BC%CE%BF%CF%85/noa/meteo_stations/%CE%A4%CE%B1%20%CE%AD%CE%B3%CE%B3%CF%81%CE%B1%CF%86%CE%AC%20%CE%BC%CE%BF%CF%85/noa/meteo_stations/Pl_wa012.ico HTTP/1.1" 404 673 "http://meteoclima.hua.gr/stations/Delacroix-Attiki/" "Mozilla/5.0 (Windows NT 6.1; rv:109.0) Gecko/20100101 Firefox/115.0"
::1 - - [14/Dec/2023:08:28:24 +0200] "OPTIONS * HTTP/1.0" 200 126 "-" "Apache/2.4.10 (Debian) OpenSSL/1.0.1t mod_perl/2.0.9dev Perl/v5.20.2 (internal dummy connection)"
213.180.203.206 - - [14/Dec/2023:08:28:25 +0200] "GET /robots.txt HTTP/1.1" 403 4249 "-" "Mozilla/5.0 (compatible; YandexBot/3.0; +http://yandex.com/bots)"
213.180.203.249 - - [14/Dec/2023:08:28:25 +0200] "GET /~michail HTTP/1.1" 403 4247 "-" "Mozilla/5.0 (compatible; YandexBot/3.0; +http://yandex.com/bots)"
195.251.31.193 - - [14/Dec/2023:08:28:52 +0200] "POST /citymodel/1C000017/test2.php/1C0000170351000766B00000000000000000000007A800015B2A00152C00172B000F0407E3000B001000102090 HTTP/1.1" 200 320 "-" "-"
185.25.20.5 - - [14/Dec/2023:08:29:02 +0200] "GET /stations/derveni/NOAAMO.TXT HTTP/1.0" 200 2381 "-" "-"
185.25.20.5 - - [14/Dec/2023:08:29:03 +0200] "GET /stations/geraki/NOAAMO.TXT HTTP/1.0" 200 2411 "-" "-"
83.212.240.12 - - [14/Dec/2023:08:29:42 +0200] "POST /wp-cron.php?doing_wp_cron=1702535382.1774020195007324218750 HTTP/1.1" 200 166 "http://esa13thconference.eu/wp-cron.php?doing_wp_cron=1702535382.1774020195007324218750" "WordPress/4.9.6; http://esa13thconference.eu"
209.141.46.99 - - [14/Dec/2023:08:29:41 +0200] "GET /wp-login.php HTTP/1.1" 200 3736 "-" "Mozilla/5.0 (iPad; CPU OS 7_1_2 like Mac OS X) AppleWebKit/537.51.2 (KHTML, like Gecko) Version/7.0 Mobile/11D257 Safari/9537.53"
83.212.240.12 - - [14/Dec/2023:08:29:43 +0200] "POST /wp-cron.php?doing_wp_cron=1702535383.0890409946441650390625 HTTP/1.1" 200 166 "http://esa13thconference.eu/wp-cron.php?doing_wp_cron=1702535383.0890409946441650390625" "WordPress/4.9.6; http://esa13thconference.eu"
209.141.46.99 - - [14/Dec/2023:08:29:42 +0200] "POST /wp-login.php HTTP/1.1" 200 4882 "-" "Mozilla/5.0 (iPad; CPU OS 7_1_2 like Mac OS X) AppleWebKit/537.51.2 (KHTML, like Gecko) Version/7.0 Mobile/11D257 Safari/9537.53"
195.251.31.193 - - [14/Dec/2023:08:29:52 +0200] "POST /citymodel/1C000017/test2.php/1C0000170351000766EC0000000000000000000007A800015B2A00152C00172B000F0407E4000B0010001120B4 HTTP/1.1" 200 320 "-" "-"
194.177.195.232 - - [14/Dec/2023:08:30:01 +0200] "GET /stations/Delacroix-Attiki/downld02.txt HTTP/1.1" 200 52215 "-" "curl/7.64.0"
194.177.195.232 - - [14/Dec/2023:08:30:01 +0200] "GET /stations/Delacroix-Attiki/downld08.txt HTTP/1.1" 200 231065 "-" "curl/7.64.0"
194.177.195.232 - - [14/Dec/2023:08:30:01 +0200] "GET /stations/Delacroix-Attiki/ZWNTANA.htm HTTP/1.1" 200 2293 "-" "curl/7.64.0"
194.177.195.232 - - [14/Dec/2023:08:30:01 +0200] "GET /stations/Delacroix-Attiki/NOAAMO.TXT HTTP/1.1" 200 2288 "-" "curl/7.64.0"
194.177.195.232 - - [14/Dec/2023:08:30:01 +0200] "GET /stations/Delacroix-Attiki/NOAAPRMO.TXT HTTP/1.1" 200 3610 "-" "curl/7.64.0"
194.177.195.232 - - [14/Dec/2023:08:30:01 +0200] "GET /stations/Delacroix-Attiki/NOAAYR.TXT HTTP/1.1" 200 3470 "-" "curl/7.64.0"
194.177.195.232 - - [14/Dec/2023:08:30:01 +0200] "GET /stations/Delacroix-Attiki/NOAAPRYR.TXT HTTP/1.1" 200 3470 "-" "curl/7.64.0"
194.177.195.232 - - [14/Dec/2023:08:30:01 +0200] "GET /stations/derveni/downld02.txt HTTP/1.1" 200 40830 "-" "curl/7.64.0"
194.177.195.232 - - [14/Dec/2023:08:30:01 +0200] "GET /stations/derveni/downld08.txt HTTP/1.1" 200 219680 "-" "curl/7.64.0"
194.177.195.232 - - [14/Dec/2023:08:30:01 +0200] "GET /stations/derveni/ZWNTANA.htm HTTP/1.1" 200 2349 "-" "curl/7.64.0"
194.177.195.232 - - [14/Dec/2023:08:30:01 +0200] "GET /stations/derveni/NOAAMO.TXT HTTP/1.1" 200 2362 "-" "curl/7.64.0"
194.177.195.232 - - [14/Dec/2023:08:30:01 +0200] "GET /stations/derveni/NOAAPRMO.TXT HTTP/1.1" 200 1269 "-" "curl/7.64.0"
194.177.195.232 - - [14/Dec/2023:08:30:01 +0200] "GET /stations/derveni/NOAAYR.TXT HTTP/1.1" 200 1937 "-" "curl/7.64.0"
194.177.195.232 - - [14/Dec/2023:08:30:01 +0200] "GET /stations/derveni/NOAAPRYR.TXT HTTP/1.1" 200 1803 "-" "curl/7.64.0"
194.177.195.232 - - [14/Dec/2023:08:30:01 +0200] "GET /stations/geraki/downld02.txt HTTP/1.1" 200 41037 "-" "curl/7.64.0"
194.177.195.232 - - [14/Dec/2023:08:30:01 +0200] "GET /stations/geraki/downld08.txt HTTP/1.1" 200 219887 "-" "curl/7.64.0"
194.177.195.232 - - [14/Dec/2023:08:30:01 +0200] "GET /stations/geraki/ZWNTANA.htm HTTP/1.1" 200 2343 "-" "curl/7.64.0"
194.177.195.232 - - [14/Dec/2023:08:30:01 +0200] "GET /stations/geraki/NOAAMO.TXT HTTP/1.1" 200 2392 "-" "curl/7.64.0"
194.177.195.232 - - [14/Dec/2023:08:30:01 +0200] "GET /stations/geraki/NOAAPRMO.TXT HTTP/1.1" 200 3637 "-" "curl/7.64.0"
194.177.195.232 - - [14/Dec/2023:08:30:01 +0200] "GET /stations/geraki/NOAAYR.TXT HTTP/1.1" 200 3495 "-" "curl/7.64.0"
194.177.195.232 - - [14/Dec/2023:08:30:01 +0200] "GET /stations/geraki/NOAAPRYR.TXT HTTP/1.1" 200 3495 "-" "curl/7.64.0"
194.177.195.232 - - [14/Dec/2023:08:30:01 +0200] "GET /stations/Harokopio-Athens/downld02.txt HTTP/1.1" 200 66254 "-" "curl/7.64.0"
194.177.195.232 - - [14/Dec/2023:08:30:01 +0200] "GET /stations/Harokopio-Athens/downld08.txt HTTP/1.1" 200 355695 "-" "curl/7.64.0"
194.177.195.232 - - [14/Dec/2023:08:30:01 +0200] "GET /stations/Harokopio-Athens/ZWNTANA.htm HTTP/1.1" 200 2296 "-" "curl/7.64.0"
194.177.195.232 - - [14/Dec/2023:08:30:01 +0200] "GET /stations/Harokopio-Athens/NOAAMO.TXT HTTP/1.1" 200 2395 "-" "curl/7.64.0"
194.177.195.232 - - [14/Dec/2023:08:30:01 +0200] "GET /stations/Harokopio-Athens/NOAAPRMO.TXT HTTP/1.1" 200 3638 "-" "curl/7.64.0"
194.177.195.232 - - [14/Dec/2023:08:30:01 +0200] "GET /stations/Harokopio-Athens/NOAAYR.TXT HTTP/1.1" 200 3498 "-" "curl/7.64.0"
194.177.195.232 - - [14/Dec/2023:08:30:01 +0200] "GET /stations/Harokopio-Athens/NOAAPRYR.TXT HTTP/1.1" 200 3498 "-" "curl/7.64.0"
194.177.195.232 - - [14/Dec/2023:08:30:04 +0200] "GET /stations/salamina/downld02.txt HTTP/1.1" 200 52422 "-" "curl/7.64.0"
194.177.195.232 - - [14/Dec/2023:08:30:05 +0200] "GET /stations/salamina/downld08.txt HTTP/1.1" 200 231272 "-" "curl/7.64.0"
194.177.195.232 - - [14/Dec/2023:08:30:05 +0200] "GET /stations/salamina/ZWNTANA.htm HTTP/1.1" 200 2295 "-" "curl/7.64.0"
194.177.195.232 - - [14/Dec/2023:08:30:05 +0200] "GET /stations/salamina/NOAAMO.TXT HTTP/1.1" 200 2316 "-" "curl/7.64.0"
194.177.195.232 - - [14/Dec/2023:08:30:05 +0200] "GET /stations/salamina/NOAAPRMO.TXT HTTP/1.1" 200 3638 "-" "curl/7.64.0"
194.177.195.232 - - [14/Dec/2023:08:30:05 +0200] "GET /stations/salamina/NOAAYR.TXT HTTP/1.1" 200 3497 "-" "curl/7.64.0"
194.177.195.232 - - [14/Dec/2023:08:30:05 +0200] "GET /stations/salamina/NOAAPRYR.TXT HTTP/1.1" 200 3497 "-" "curl/7.64.0"
74.208.68.9 - - [14/Dec/2023:08:30:06 +0200] "GET /stations/Delacroix-Attiki/NOAAMO.TXT HTTP/1.1" 200 1160 "-" "Mozilla/5.0 (Windows NT 10.0; Win64; x64; rv:81.0) Gecko/20100101 Firefox/81.0"
74.208.68.9 - - [14/Dec/2023:08:30:06 +0200] "GET /stations/salamina/NOAAMO.TXT HTTP/1.1" 200 1183 "-" "Mozilla/5.0 (Windows NT 10.0; Win64; x64; rv:81.0) Gecko/20100101 Firefox/81.0"
74.208.68.9 - - [14/Dec/2023:08:30:11 +0200] "GET /stations/Harokopio-Athens/NOAAMO.TXT HTTP/1.1" 200 1205 "-" "Mozilla/5.0 (Windows NT 10.0; Win64; x64; rv:81.0) Gecko/20100101 Firefox/81.0"
74.208.68.9 - - [14/Dec/2023:08:30:25 +0200] "GET /stations/geraki/NOAAMO.TXT HTTP/1.1" 200 1206 "-" "Mozilla/5.0 (Windows NT 10.0; Win64; x64; rv:81.0) Gecko/20100101 Firefox/81.0"
83.212.240.12 - - [14/Dec/2023:08:30:31 +0200] "POST /wp-cron.php?doing_wp_cron=1702535431.3831379413604736328125 HTTP/1.1" 200 166 "http://esa13thconference.eu/wp-cron.php?doing_wp_cron=1702535431.3831379413604736328125" "WordPress/4.9.6; http://esa13thconference.eu"
66.249.66.140 - - [14/Dec/2023:08:30:31 +0200] "GET /index.php/2017/07/13/touring-in-around-athens/ HTTP/1.1" 200 15686 "-" "Mozilla/5.0 (Linux; Android 6.0.1; Nexus 5X Build/MMB29P) AppleWebKit/537.36 (KHTML, like Gecko) Chrome/120.0.6099.71 Mobile Safari/537.36 (compatible; Googlebot/2.1; +http://www.google.com/bot.html)"
74.208.68.9 - - [14/Dec/2023:08:30:40 +0200] "GET /stations/derveni/NOAAMO.TXT HTTP/1.1" 200 1161 "-" "Mozilla/5.0 (Windows NT 10.0; Win64; x64; rv:81.0) Gecko/20100101 Firefox/81.0"
74.208.68.9 - - [14/Dec/2023:08:30:46 +0200] "GET /stations/Delacroix-Attiki/downld02.txt HTTP/1.1" 200 8449 "-" "Mozilla/5.0 (Windows NT 10.0; Win64; x64; rv:69.0) Gecko/20100101 Firefox/69.0"
195.251.31.193 - - [14/Dec/2023:08:30:52 +0200] "POST /citymodel/1C000017/test2.php/1C0000170351000767280000000000000000000007A800015B2A00152C00172B000F0407E5000B00100011206B HTTP/1.1" 200 320 "-" "-"
74.208.68.9 - - [14/Dec/2023:08:30:52 +0200] "GET /stations/Harokopio-Athens/downld02.txt HTTP/1.1" 200 7056 "-" "Mozilla/5.0 (Windows NT 10.0; Win64; x64; rv:69.0) Gecko/20100101 Firefox/69.0"
74.208.68.9 - - [14/Dec/2023:08:30:54 +0200] "GET /stations/salamina/downld02.txt HTTP/1.1" 200 7121 "-" "Mozilla/5.0 (Windows NT 10.0; Win64; x64; rv:69.0) Gecko/20100101 Firefox/69.0"
74.208.68.9 - - [14/Dec/2023:08:30:56 +0200] "GET /stations/geraki/downld02.txt HTTP/1.1" 200 6299 "-" "Mozilla/5.0 (Windows NT 10.0; Win64; x64; rv:69.0) Gecko/20100101 Firefox/69.0"
74.208.68.9 - - [14/Dec/2023:08:30:59 +0200] "GET /stations/derveni/downld02.txt HTTP/1.1" 200 6224 "-" "Mozilla/5.0 (Windows NT 10.0; Win64; x64; rv:69.0) Gecko/20100101 Firefox/69.0"
176.58.227.164 - - [14/Dec/2023:08:30:59 +0200] "GET / HTTP/1.1" 200 11107 "-" "Mozilla/5.0 (Windows NT 10.0; Win64; x64; rv:120.0) Gecko/20100101 Firefox/120.0"
176.58.227.164 - - [14/Dec/2023:08:31:00 +0200] "GET /images/cameras/Harokopio/latest_img01.jpg HTTP/1.1" 200 188604 "http://meteoclima.hua.gr/" "Mozilla/5.0 (Windows NT 10.0; Win64; x64; rv:120.0) Gecko/20100101 Firefox/120.0"
176.58.227.164 - - [14/Dec/2023:08:31:00 +0200] "GET /slideshow.php HTTP/1.1" 200 768 "http://meteoclima.hua.gr/" "Mozilla/5.0 (Windows NT 10.0; Win64; x64; rv:120.0) Gecko/20100101 Firefox/120.0"
176.58.227.164 - - [14/Dec/2023:08:31:00 +0200] "GET /labelgoogle.html HTTP/1.1" 200 552 "http://meteoclima.hua.gr/" "Mozilla/5.0 (Windows NT 10.0; Win64; x64; rv:120.0) Gecko/20100101 Firefox/120.0"
176.58.227.164 - - [14/Dec/2023:08:31:00 +0200] "GET /slideshow_seasonal.php HTTP/1.1" 200 772 "http://meteoclima.hua.gr/" "Mozilla/5.0 (Windows NT 10.0; Win64; x64; rv:120.0) Gecko/20100101 Firefox/120.0"
176.58.227.164 - - [14/Dec/2023:08:31:00 +0200] "GET /images/stories/data/wrf/python/meteograms/nmmV3-chart.d02.gif HTTP/1.1" 200 29769 "http://meteoclima.hua.gr/slideshow.php" "Mozilla/5.0 (Windows NT 10.0; Win64; x64; rv:120.0) Gecko/20100101 Firefox/120.0"
176.58.227.164 - - [14/Dec/2023:08:31:00 +0200] "GET /images/stories/data/laps/prec-mslp-wind.d02.hires.zoom.000.300x300.png HTTP/1.1" 200 521343 "http://meteoclima.hua.gr/" "Mozilla/5.0 (Windows NT 10.0; Win64; x64; rv:120.0) Gecko/20100101 Firefox/120.0"
176.58.227.164 - - [14/Dec/2023:08:31:00 +0200] "GET /slideshow-bg.png HTTP/1.1" 404 513 "http://meteoclima.hua.gr/slideshow.php" "Mozilla/5.0 (Windows NT 10.0; Win64; x64; rv:120.0) Gecko/20100101 Firefox/120.0"
176.58.227.164 - - [14/Dec/2023:08:31:00 +0200] "GET /images/stories/data/wrf/python/meteograms/nmmV3-chart.d01.gif HTTP/1.1" 200 40767 "http://meteoclima.hua.gr/slideshow.php" "Mozilla/5.0 (Windows NT 10.0; Win64; x64; rv:120.0) Gecko/20100101 Firefox/120.0"
176.58.227.164 - - [14/Dec/2023:08:31:00 +0200] "GET /images/stories/data/laps/prec-mslp.d01.000.300x300.png HTTP/1.1" 200 616657 "http://meteoclima.hua.gr/" "Mozilla/5.0 (Windows NT 10.0; Win64; x64; rv:120.0) Gecko/20100101 Firefox/120.0"
176.58.227.164 - - [14/Dec/2023:08:31:01 +0200] "GET /templates/ja_purity_ii/images/favicon.ico HTTP/1.1" 200 1706 "http://meteoclima.hua.gr/" "Mozilla/5.0 (Windows NT 10.0; Win64; x64; rv:120.0) Gecko/20100101 Firefox/120.0"
176.58.227.164 - - [14/Dec/2023:08:31:01 +0200] "GET /images/stories/data/wrf/google/windlbl.png HTTP/1.1" 200 16872 "http://meteoclima.hua.gr/europe_cloud_overlay.html" "Mozilla/5.0 (Windows NT 10.0; Win64; x64; rv:120.0) Gecko/20100101 Firefox/120.0"
176.58.227.164 - - [14/Dec/2023:08:31:01 +0200] "GET /images/stories/data/wrf/google/t2mc.png HTTP/1.1" 200 4323 "http://meteoclima.hua.gr/europe_temperature_overlay.html" "Mozilla/5.0 (Windows NT 10.0; Win64; x64; rv:120.0) Gecko/20100101 Firefox/120.0"
176.58.227.164 - - [14/Dec/2023:08:31:01 +0200] "GET /images/stories/data/wrf/google/latest-t2m.png HTTP/1.1" 200 28907 "http://meteoclima.hua.gr/europe_temperature_overlay.html" "Mozilla/5.0 (Windows NT 10.0; Win64; x64; rv:120.0) Gecko/20100101 Firefox/120.0"
176.58.227.164 - - [14/Dec/2023:08:31:01 +0200] "GET /images/stories/data/wrf/google/latest-rain.png HTTP/1.1" 200 21912 "http://meteoclima.hua.gr/europe_rain_overlay.html" "Mozilla/5.0 (Windows NT 10.0; Win64; x64; rv:120.0) Gecko/20100101 Firefox/120.0"
176.58.227.164 - - [14/Dec/2023:08:31:01 +0200] "GET /images/stories/data/wrf/google/latest-cloud.png HTTP/1.1" 200 264711 "http://meteoclima.hua.gr/europe_cloud_overlay.html" "Mozilla/5.0 (Windows NT 10.0; Win64; x64; rv:120.0) Gecko/20100101 Firefox/120.0"
83.212.240.12 - - [14/Dec/2023:08:31:02 +0200] "POST /wp-cron.php?doing_wp_cron=1702535461.9985430240631103515625 HTTP/1.1" 200 166 "http://esa13thconference.eu/wp-cron.php?doing_wp_cron=1702535461.9985430240631103515625" "WordPress/4.9.6; http://esa13thconference.eu"
37.139.13.81 - - [14/Dec/2023:08:31:01 +0200] "POST /wp-login.php HTTP/1.1" 200 2298 "-" "Mozilla/5.0 (Windows NT 6.1; WOW64) AppleWebKit/537.36 (KHTML, like Gecko) Chrome/51.0.2704.106 Safari/537.36"
176.58.227.164 - - [14/Dec/2023:08:31:07 +0200] "GET /index.php?option=com_content&view=article&id=91&Itemid=117 HTTP/1.1" 200 7723 "http://meteoclima.hua.gr/" "Mozilla/5.0 (Windows NT 10.0; Win64; x64; rv:120.0) Gecko/20100101 Firefox/120.0"
176.58.227.164 - - [14/Dec/2023:08:31:07 +0200] "GET /wrfgr.html HTTP/1.1" 200 1427 "http://meteoclima.hua.gr/index.php?option=com_content&view=article&id=91&Itemid=117" "Mozilla/5.0 (Windows NT 10.0; Win64; x64; rv:120.0) Gecko/20100101 Firefox/120.0"
176.58.227.164 - - [14/Dec/2023:08:31:07 +0200] "GET /images/stories/data/wrf/python/images/nmmV3-TEMPMSL-d02.zoom-024.png HTTP/1.1" 200 486946 "http://meteoclima.hua.gr/framedowngr2.html" "Mozilla/5.0 (Windows NT 10.0; Win64; x64; rv:120.0) Gecko/20100101 Firefox/120.0"
8.222.253.90 - - [14/Dec/2023:08:31:09 +0200] "POST /dns-query HTTP/1.1" 301 4486 "-" "Chrome"
176.58.227.164 - - [14/Dec/2023:08:31:11 +0200] "GET /images/stories/data/wrf/python/images/nmmV3-CLOUDPREC-d02.zoom-024.png HTTP/1.1" 200 215129 "http://meteoclima.hua.gr/wrfgr.html" "Mozilla/5.0 (Windows NT 10.0; Win64; x64; rv:120.0) Gecko/20100101 Firefox/120.0"
176.58.227.164 - - [14/Dec/2023:08:31:14 +0200] "GET /images/stories/data/wrf/python/images/nmmV3-CLOUDPREC-d02.zoom-018.png HTTP/1.1" 200 186659 "http://meteoclima.hua.gr/wrfgr.html" "Mozilla/5.0 (Windows NT 10.0; Win64; x64; rv:120.0) Gecko/20100101 Firefox/120.0"
176.58.227.164 - - [14/Dec/2023:08:31:15 +0200] "GET /images/stories/data/wrf/python/images/nmmV3-CLOUDPREC-d02.zoom-021.png HTTP/1.1" 200 197870 "http://meteoclima.hua.gr/wrfgr.html" "Mozilla/5.0 (Windows NT 10.0; Win64; x64; rv:120.0) Gecko/20100101 Firefox/120.0"
176.58.227.164 - - [14/Dec/2023:08:31:16 +0200] "GET /images/stories/data/wrf/python/images/nmmV3-CLOUDPREC-d02.zoom-027.png HTTP/1.1" 200 225649 "http://meteoclima.hua.gr/wrfgr.html" "Mozilla/5.0 (Windows NT 10.0; Win64; x64; rv:120.0) Gecko/20100101 Firefox/120.0"
176.58.227.164 - - [14/Dec/2023:08:31:18 +0200] "GET /images/stories/data/wrf/python/images/nmmV3-CLOUDPREC-d02.zoom-030.png HTTP/1.1" 200 207282 "http://meteoclima.hua.gr/wrfgr.html" "Mozilla/5.0 (Windows NT 10.0; Win64; x64; rv:120.0) Gecko/20100101 Firefox/120.0"
176.58.227.164 - - [14/Dec/2023:08:31:18 +0200] "GET /images/stories/data/wrf/python/images/nmmV3-CLOUDPREC-d02.zoom-033.png HTTP/1.1" 200 197711 "http://meteoclima.hua.gr/wrfgr.html" "Mozilla/5.0 (Windows NT 10.0; Win64; x64; rv:120.0) Gecko/20100101 Firefox/120.0"
176.58.227.164 - - [14/Dec/2023:08:31:19 +0200] "GET /images/stories/data/wrf/python/images/nmmV3-CLOUDPREC-d02.zoom-036.png HTTP/1.1" 200 201709 "http://meteoclima.hua.gr/wrfgr.html" "Mozilla/5.0 (Windows NT 10.0; Win64; x64; rv:120.0) Gecko/20100101 Firefox/120.0"
176.58.227.164 - - [14/Dec/2023:08:31:19 +0200] "GET /images/stories/data/wrf/python/images/nmmV3-CLOUDPREC-d02.zoom-039.png HTTP/1.1" 200 213068 "http://meteoclima.hua.gr/wrfgr.html" "Mozilla/5.0 (Windows NT 10.0; Win64; x64; rv:120.0) Gecko/20100101 Firefox/120.0"
176.58.227.164 - - [14/Dec/2023:08:31:20 +0200] "GET /images/stories/data/wrf/python/images/nmmV3-CLOUDPREC-d02.zoom-042.png HTTP/1.1" 200 230530 "http://meteoclima.hua.gr/wrfgr.html" "Mozilla/5.0 (Windows NT 10.0; Win64; x64; rv:120.0) Gecko/20100101 Firefox/120.0"
176.58.227.164 - - [14/Dec/2023:08:31:20 +0200] "GET /images/stories/data/wrf/python/images/nmmV3-CLOUDPREC-d02.zoom-045.png HTTP/1.1" 200 250083 "http://meteoclima.hua.gr/wrfgr.html" "Mozilla/5.0 (Windows NT 10.0; Win64; x64; rv:120.0) Gecko/20100101 Firefox/120.0"
176.58.227.164 - - [14/Dec/2023:08:31:23 +0200] "GET /images/stories/data/wrf/python/images/nmmV3-CLOUDPREC-d02.zoom-048.png HTTP/1.1" 200 273176 "http://meteoclima.hua.gr/wrfgr.html" "Mozilla/5.0 (Windows NT 10.0; Win64; x64; rv:120.0) Gecko/20100101 Firefox/120.0"
176.58.227.164 - - [14/Dec/2023:08:31:24 +0200] "GET /images/stories/data/wrf/python/images/nmmV3-CLOUDPREC-d02.zoom-051.png HTTP/1.1" 200 304223 "http://meteoclima.hua.gr/wrfgr.html" "Mozilla/5.0 (Windows NT 10.0; Win64; x64; rv:120.0) Gecko/20100101 Firefox/120.0"
176.58.227.164 - - [14/Dec/2023:08:31:24 +0200] "GET /images/stories/data/wrf/python/images/nmmV3-CLOUDPREC-d02.zoom-054.png HTTP/1.1" 200 324993 "http://meteoclima.hua.gr/wrfgr.html" "Mozilla/5.0 (Windows NT 10.0; Win64; x64; rv:120.0) Gecko/20100101 Firefox/120.0"
176.58.227.164 - - [14/Dec/2023:08:31:25 +0200] "GET /images/stories/data/wrf/python/images/nmmV3-CLOUDPREC-d02.zoom-057.png HTTP/1.1" 200 351881 "http://meteoclima.hua.gr/wrfgr.html" "Mozilla/5.0 (Windows NT 10.0; Win64; x64; rv:120.0) Gecko/20100101 Firefox/120.0"
83.212.240.12 - - [14/Dec/2023:08:31:25 +0200] "POST /wp-cron.php?doing_wp_cron=1702535485.5059280395507812500000 HTTP/1.1" 200 166 "http://esa13thconference.eu/wp-cron.php?doing_wp_cron=1702535485.5059280395507812500000" "WordPress/4.9.6; http://esa13thconference.eu"
185.241.208.80 - - [14/Dec/2023:08:31:25 +0200] "POST /wp-login.php?action=register HTTP/1.1" 302 3788 "-" "-"
176.58.227.164 - - [14/Dec/2023:08:31:28 +0200] "GET /images/stories/data/wrf/python/images/nmmV3-CLOUDPREC-d02.zoom-060.png HTTP/1.1" 200 346656 "http://meteoclima.hua.gr/wrfgr.html" "Mozilla/5.0 (Windows NT 10.0; Win64; x64; rv:120.0) Gecko/20100101 Firefox/120.0"
176.58.227.164 - - [14/Dec/2023:08:31:28 +0200] "GET /images/stories/data/wrf/python/images/nmmV3-CLOUDPREC-d02.zoom-063.png HTTP/1.1" 200 352727 "http://meteoclima.hua.gr/wrfgr.html" "Mozilla/5.0 (Windows NT 10.0; Win64; x64; rv:120.0) Gecko/20100101 Firefox/120.0"
176.58.227.164 - - [14/Dec/2023:08:31:29 +0200] "GET /images/stories/data/wrf/python/images/nmmV3-CLOUDPREC-d02.zoom-066.png HTTP/1.1" 200 354086 "http://meteoclima.hua.gr/wrfgr.html" "Mozilla/5.0 (Windows NT 10.0; Win64; x64; rv:120.0) Gecko/20100101 Firefox/120.0"
176.58.227.164 - - [14/Dec/2023:08:31:30 +0200] "GET /images/stories/data/wrf/python/images/nmmV3-CLOUDPREC-d02.zoom-069.png HTTP/1.1" 200 338731 "http://meteoclima.hua.gr/wrfgr.html" "Mozilla/5.0 (Windows NT 10.0; Win64; x64; rv:120.0) Gecko/20100101 Firefox/120.0"
176.58.227.164 - - [14/Dec/2023:08:31:31 +0200] "GET /images/stories/data/wrf/python/images/nmmV3-CLOUDPREC-d02.zoom-072.png HTTP/1.1" 200 330831 "http://meteoclima.hua.gr/wrfgr.html" "Mozilla/5.0 (Windows NT 10.0; Win64; x64; rv:120.0) Gecko/20100101 Firefox/120.0"
176.58.227.164 - - [14/Dec/2023:08:31:33 +0200] "GET /images/stories/data/wrf/python/images/nmmV3-CLOUDPREC-d02.zoom-075.png HTTP/1.1" 200 324483 "http://meteoclima.hua.gr/wrfgr.html" "Mozilla/5.0 (Windows NT 10.0; Win64; x64; rv:120.0) Gecko/20100101 Firefox/120.0"
176.58.227.164 - - [14/Dec/2023:08:31:33 +0200] "GET /images/stories/data/wrf/python/images/nmmV3-CLOUDPREC-d02.zoom-078.png HTTP/1.1" 200 300965 "http://meteoclima.hua.gr/wrfgr.html" "Mozilla/5.0 (Windows NT 10.0; Win64; x64; rv:120.0) Gecko/20100101 Firefox/120.0"
176.58.227.164 - - [14/Dec/2023:08:31:33 +0200] "GET /images/stories/data/wrf/python/images/nmmV3-CLOUDPREC-d02.zoom-081.png HTTP/1.1" 200 274507 "http://meteoclima.hua.gr/wrfgr.html" "Mozilla/5.0 (Windows NT 10.0; Win64; x64; rv:120.0) Gecko/20100101 Firefox/120.0"
176.58.227.164 - - [14/Dec/2023:08:31:34 +0200] "GET /images/stories/data/wrf/python/images/nmmV3-CLOUDPREC-d02.zoom-084.png HTTP/1.1" 200 266369 "http://meteoclima.hua.gr/wrfgr.html" "Mozilla/5.0 (Windows NT 10.0; Win64; x64; rv:120.0) Gecko/20100101 Firefox/120.0"
176.58.227.164 - - [14/Dec/2023:08:31:34 +0200] "GET /images/stories/data/wrf/python/images/nmmV3-CLOUDPREC-d02.zoom-087.png HTTP/1.1" 200 274676 "http://meteoclima.hua.gr/wrfgr.html" "Mozilla/5.0 (Windows NT 10.0; Win64; x64; rv:120.0) Gecko/20100101 Firefox/120.0"
176.58.227.164 - - [14/Dec/2023:08:31:35 +0200] "GET /images/stories/data/wrf/python/images/nmmV3-CLOUDPREC-d02.zoom-090.png HTTP/1.1" 200 279044 "http://meteoclima.hua.gr/wrfgr.html" "Mozilla/5.0 (Windows NT 10.0; Win64; x64; rv:120.0) Gecko/20100101 Firefox/120.0"
176.58.227.164 - - [14/Dec/2023:08:31:35 +0200] "GET /images/stories/data/wrf/python/images/nmmV3-CLOUDPREC-d02.zoom-093.png HTTP/1.1" 200 270651 "http://meteoclima.hua.gr/wrfgr.html" "Mozilla/5.0 (Windows NT 10.0; Win64; x64; rv:120.0) Gecko/20100101 Firefox/120.0"
176.58.227.164 - - [14/Dec/2023:08:31:35 +0200] "GET /images/stories/data/wrf/python/images/nmmV3-CLOUDPREC-d02.zoom-096.png HTTP/1.1" 200 259576 "http://meteoclima.hua.gr/wrfgr.html" "Mozilla/5.0 (Windows NT 10.0; Win64; x64; rv:120.0) Gecko/20100101 Firefox/120.0"
176.58.227.164 - - [14/Dec/2023:08:31:36 +0200] "GET /images/stories/data/wrf/python/images/nmmV3-CLOUDPREC-d02.zoom-099.png HTTP/1.1" 200 249863 "http://meteoclima.hua.gr/wrfgr.html" "Mozilla/5.0 (Windows NT 10.0; Win64; x64; rv:120.0) Gecko/20100101 Firefox/120.0"
176.58.227.164 - - [14/Dec/2023:08:31:36 +0200] "GET /images/stories/data/wrf/python/images/nmmV3-CLOUDPREC-d02.zoom-102.png HTTP/1.1" 200 248460 "http://meteoclima.hua.gr/wrfgr.html" "Mozilla/5.0 (Windows NT 10.0; Win64; x64; rv:120.0) Gecko/20100101 Firefox/120.0"
176.58.227.164 - - [14/Dec/2023:08:31:37 +0200] "GET /images/stories/data/wrf/python/images/nmmV3-CLOUDPREC-d02.zoom-105.png HTTP/1.1" 200 239256 "http://meteoclima.hua.gr/wrfgr.html" "Mozilla/5.0 (Windows NT 10.0; Win64; x64; rv:120.0) Gecko/20100101 Firefox/120.0"
176.58.227.164 - - [14/Dec/2023:08:31:37 +0200] "GET /images/stories/data/wrf/python/images/nmmV3-CLOUDPREC-d02.zoom-108.png HTTP/1.1" 200 224962 "http://meteoclima.hua.gr/wrfgr.html" "Mozilla/5.0 (Windows NT 10.0; Win64; x64; rv:120.0) Gecko/20100101 Firefox/120.0"
176.58.227.164 - - [14/Dec/2023:08:31:42 +0200] "GET /images/stories/data/wrf/python/images/nmmV3-SNOW-d02.zoom-108.png HTTP/1.1" 200 415995 "http://meteoclima.hua.gr/wrfgr.html" "Mozilla/5.0 (Windows NT 10.0; Win64; x64; rv:120.0) Gecko/20100101 Firefox/120.0"
176.58.227.164 - - [14/Dec/2023:08:31:46 +0200] "GET /index.php?option=com_content&view=article&id=93&Itemid=120 HTTP/1.1" 200 7702 "http://meteoclima.hua.gr/index.php?option=com_content&view=article&id=91&Itemid=117" "Mozilla/5.0 (Windows NT 10.0; Win64; x64; rv:120.0) Gecko/20100101 Firefox/120.0"
176.58.227.164 - - [14/Dec/2023:08:31:47 +0200] "GET /images/stories/data/wrf/python/meteograms/nmmV3-meteogram-001.png HTTP/1.1" 200 94902 "http://meteoclima.hua.gr/framedown_metgramgr.html" "Mozilla/5.0 (Windows NT 10.0; Win64; x64; rv:120.0) Gecko/20100101 Firefox/120.0"
195.251.31.193 - - [14/Dec/2023:08:31:52 +0200] "POST /citymodel/1C000017/test2.php/1C0000170351000767640000000000000000000007A800015B2A00152C00172B000F0407E6000A001000112037 HTTP/1.1" 200 320 "-" "-"
195.251.31.193 - - [14/Dec/2023:08:32:52 +0200] "POST /citymodel/1C000017/test2.php/1C0000170351000767A00000000000000000000007A800015B2A00152C00172B000F0407E7000A000F001120A3 HTTP/1.1" 200 320 "-" "-"
176.58.227.164 - - [14/Dec/2023:08:33:30 +0200] "GET /index.php?option=com_content&view=article&id=91&Itemid=117 HTTP/1.1" 200 7724 "http://meteoclima.hua.gr/index.php?option=com_content&view=article&id=93&Itemid=120" "Mozilla/5.0 (Windows NT 10.0; Win64; x64; rv:120.0) Gecko/20100101 Firefox/120.0"
195.251.31.193 - - [14/Dec/2023:08:33:52 +0200] "POST /citymodel/1C000017/test2.php/1C0000170351000767DC0000000000000000000007A800015B2A00152C00172B000F0407E7000B000F000F20B1 HTTP/1.1" 200 320 "-" "-"
176.58.227.164 - - [14/Dec/2023:08:34:32 +0200] "GET /stations/Harokopio-Athens/Harokopio-Athens.htm HTTP/1.1" 200 4564 "http://meteoclima.hua.gr/index.php?option=com_content&view=article&id=93&Itemid=120" "Mozilla/5.0 (Windows NT 10.0; Win64; x64; rv:120.0) Gecko/20100101 Firefox/120.0"
176.58.227.164 - - [14/Dec/2023:08:34:32 +0200] "GET /stations/Harokopio-Athens/SolarRadHistory.gif HTTP/1.1" 200 12641 "http://meteoclima.hua.gr/stations/Harokopio-Athens/Harokopio-Athens.htm" "Mozilla/5.0 (Windows NT 10.0; Win64; x64; rv:120.0) Gecko/20100101 Firefox/120.0"
176.58.227.164 - - [14/Dec/2023:08:34:32 +0200] "GET /stations/Harokopio-Athens/OutsideHumidityHistory.gif HTTP/1.1" 200 12396 "http://meteoclima.hua.gr/stations/Harokopio-Athens/Harokopio-Athens.htm" "Mozilla/5.0 (Windows NT 10.0; Win64; x64; rv:120.0) Gecko/20100101 Firefox/120.0"
176.58.227.164 - - [14/Dec/2023:08:34:32 +0200] "GET /stations/Harokopio-Athens/OutsideTempHistory.gif HTTP/1.1" 200 12895 "http://meteoclima.hua.gr/stations/Harokopio-Athens/Harokopio-Athens.htm" "Mozilla/5.0 (Windows NT 10.0; Win64; x64; rv:120.0) Gecko/20100101 Firefox/120.0"
176.58.227.164 - - [14/Dec/2023:08:34:32 +0200] "GET /stations/Harokopio-Athens/RainRateHistory.gif HTTP/1.1" 200 11885 "http://meteoclima.hua.gr/stations/Harokopio-Athens/Harokopio-Athens.htm" "Mozilla/5.0 (Windows NT 10.0; Win64; x64; rv:120.0) Gecko/20100101 Firefox/120.0"
176.58.227.164 - - [14/Dec/2023:08:34:32 +0200] "GET /stations/Harokopio-Athens/RainHistory.gif HTTP/1.1" 200 11714 "http://meteoclima.hua.gr/stations/Harokopio-Athens/Harokopio-Athens.htm" "Mozilla/5.0 (Windows NT 10.0; Win64; x64; rv:120.0) Gecko/20100101 Firefox/120.0"
176.58.227.164 - - [14/Dec/2023:08:34:32 +0200] "GET /stations/Harokopio-Athens/WindSpeedHistory.gif HTTP/1.1" 200 13156 "http://meteoclima.hua.gr/stations/Harokopio-Athens/Harokopio-Athens.htm" "Mozilla/5.0 (Windows NT 10.0; Win64; x64; rv:120.0) Gecko/20100101 Firefox/120.0"
176.58.227.164 - - [14/Dec/2023:08:34:32 +0200] "GET /stations/Harokopio-Athens/UVHistory.gif HTTP/1.1" 200 12926 "http://meteoclima.hua.gr/stations/Harokopio-Athens/Harokopio-Athens.htm" "Mozilla/5.0 (Windows NT 10.0; Win64; x64; rv:120.0) Gecko/20100101 Firefox/120.0"
176.58.227.164 - - [14/Dec/2023:08:34:32 +0200] "GET /stations/Harokopio-Athens/WindDirectionHistory.gif HTTP/1.1" 200 13093 "http://meteoclima.hua.gr/stations/Harokopio-Athens/Harokopio-Athens.htm" "Mozilla/5.0 (Windows NT 10.0; Win64; x64; rv:120.0) Gecko/20100101 Firefox/120.0"
176.58.227.164 - - [14/Dec/2023:08:34:32 +0200] "GET /stations/Harokopio-Athens/BarometerHistory.gif HTTP/1.1" 200 12804 "http://meteoclima.hua.gr/stations/Harokopio-Athens/Harokopio-Athens.htm" "Mozilla/5.0 (Windows NT 10.0; Win64; x64; rv:120.0) Gecko/20100101 Firefox/120.0"
176.58.227.164 - - [14/Dec/2023:08:34:32 +0200] "GET /stations/Harokopio-Athens/DewPointHistory.gif HTTP/1.1" 200 12386 "http://meteoclima.hua.gr/stations/Harokopio-Athens/Harokopio-Athens.htm" "Mozilla/5.0 (Windows NT 10.0; Win64; x64; rv:120.0) Gecko/20100101 Firefox/120.0"
176.58.227.164 - - [14/Dec/2023:08:34:32 +0200] "GET /stations/Harokopio-Athens/SoilTemp1History.gif HTTP/1.1" 200 12593 "http://meteoclima.hua.gr/stations/Harokopio-Athens/Harokopio-Athens.htm" "Mozilla/5.0 (Windows NT 10.0; Win64; x64; rv:120.0) Gecko/20100101 Firefox/120.0"
176.58.227.164 - - [14/Dec/2023:08:34:32 +0200] "GET /stations/Harokopio-Athens/SoilMoist1History.gif HTTP/1.1" 200 11971 "http://meteoclima.hua.gr/stations/Harokopio-Athens/Harokopio-Athens.htm" "Mozilla/5.0 (Windows NT 10.0; Win64; x64; rv:120.0) Gecko/20100101 Firefox/120.0"
176.58.227.164 - - [14/Dec/2023:08:34:32 +0200] "GET /stations/Harokopio-Athens/SoilTemp2History.gif HTTP/1.1" 200 12041 "http://meteoclima.hua.gr/stations/Harokopio-Athens/Harokopio-Athens.htm" "Mozilla/5.0 (Windows NT 10.0; Win64; x64; rv:120.0) Gecko/20100101 Firefox/120.0"
176.58.227.164 - - [14/Dec/2023:08:34:32 +0200] "GET /stations/Harokopio-Athens/SoilMoist2History.gif HTTP/1.1" 200 11993 "http://meteoclima.hua.gr/stations/Harokopio-Athens/Harokopio-Athens.htm" "Mozilla/5.0 (Windows NT 10.0; Win64; x64; rv:120.0) Gecko/20100101 Firefox/120.0"
176.58.227.164 - - [14/Dec/2023:08:34:32 +0200] "GET /stations/Harokopio-Athens/SoilTemp3History.gif HTTP/1.1" 200 12032 "http://meteoclima.hua.gr/stations/Harokopio-Athens/Harokopio-Athens.htm" "Mozilla/5.0 (Windows NT 10.0; Win64; x64; rv:120.0) Gecko/20100101 Firefox/120.0"
176.58.227.164 - - [14/Dec/2023:08:34:32 +0200] "GET /stations/Harokopio-Athens/SoilMoist3History.gif HTTP/1.1" 200 11911 "http://meteoclima.hua.gr/stations/Harokopio-Athens/Harokopio-Athens.htm" "Mozilla/5.0 (Windows NT 10.0; Win64; x64; rv:120.0) Gecko/20100101 Firefox/120.0"
176.58.227.164 - - [14/Dec/2023:08:34:32 +0200] "GET /stations/Harokopio-Athens/SoilTemp4History.gif HTTP/1.1" 200 12523 "http://meteoclima.hua.gr/stations/Harokopio-Athens/Harokopio-Athens.htm" "Mozilla/5.0 (Windows NT 10.0; Win64; x64; rv:120.0) Gecko/20100101 Firefox/120.0"
176.58.227.164 - - [14/Dec/2023:08:34:32 +0200] "GET /stations/Harokopio-Athens/SoilMoist4History.gif HTTP/1.1" 200 11909 "http://meteoclima.hua.gr/stations/Harokopio-Athens/Harokopio-Athens.htm" "Mozilla/5.0 (Windows NT 10.0; Win64; x64; rv:120.0) Gecko/20100101 Firefox/120.0"
