62.1.222.72 - - [14/Dec/2023:08:41:21 +0200] "GET /images/stories/data/seasonal/Feb2022/Winter2023_crop.png HTTP/1.1" 200 610157 "http://meteoclima.hua.gr/slideshow_seasonal.php" "Mozilla/5.0 (iPhone; CPU iPhone OS 17_1_2 like Mac OS X) AppleWebKit/605.1.15 (KHTML, like Gecko) Version/17.1.2 Mobile/15E148 Safari/604.1"
62.1.222.72 - - [14/Dec/2023:08:41:21 +0200] "GET /images/stories/data/seasonal/Feb2022/Summer2022_crop.png HTTP/1.1" 200 611473 "http://meteoclima.hua.gr/slideshow_seasonal.php" "Mozilla/5.0 (iPhone; CPU iPhone OS 17_1_2 like Mac OS X) AppleWebKit/605.1.15 (KHTML, like Gecko) Version/17.1.2 Mobile/15E148 Safari/604.1"
62.1.222.72 - - [14/Dec/2023:08:41:22 +0200] "GET /images/stories/data/wrf/google/rainmm2.png HTTP/1.1" 200 3726 "http://meteoclima.hua.gr/europe_rain_overlay.html" "Mozilla/5.0 (iPhone; CPU iPhone OS 17_1_2 like Mac OS X) AppleWebKit/605.1.15 (KHTML, like Gecko) Version/17.1.2 Mobile/15E148 Safari/604.1"
62.1.222.72 - - [14/Dec/2023:08:41:22 +0200] "GET /images/stories/data/wrf/google/t2mc.png HTTP/1.1" 200 4323 "http://meteoclima.hua.gr/europe_temperature_overlay.html" "Mozilla/5.0 (iPhone; CPU iPhone OS 17_1_2 like Mac OS X) AppleWebKit/605.1.15 (KHTML, like Gecko) Version/17.1.2 Mobile/15E148 Safari/604.1"
62.1.222.72 - - [14/Dec/2023:08:41:22 +0200] "GET /images/stories/data/wrf/google/windlbl.png HTTP/1.1" 200 16872 "http://meteoclima.hua.gr/europe_cloud_overlay.html" "Mozilla/5.0 (iPhone; CPU iPhone OS 17_1_2 like Mac OS X) AppleWebKit/605.1.15 (KHTML, like Gecko) Version/17.1.2 Mobile/15E148 Safari/604.1"
62.1.222.72 - - [14/Dec/2023:08:41:22 +0200] "GET /templates/ja_purity_ii/images/icon-show.png HTTP/1.1" 200 442 "http://meteoclima.hua.gr/" "Mozilla/5.0 (iPhone; CPU iPhone OS 17_1_2 like Mac OS X) AppleWebKit/605.1.15 (KHTML, like Gecko) Version/17.1.2 Mobile/15E148 Safari/604.1"
62.1.222.72 - - [14/Dec/2023:08:41:22 +0200] "GET /templates/ja_purity_ii/images/favicon.ico HTTP/1.1" 200 1706 "http://meteoclima.hua.gr/" "Mozilla/5.0 (iPhone; CPU iPhone OS 17_1_2 like Mac OS X) AppleWebKit/605.1.15 (KHTML, like Gecko) Version/17.1.2 Mobile/15E148 Safari/604.1"
62.1.222.72 - - [14/Dec/2023:08:41:22 +0200] "GET /images/stories/data/wrf/google/latest-t2m.png HTTP/1.1" 200 28907 "http://meteoclima.hua.gr/europe_temperature_overlay.html" "Mozilla/5.0 (iPhone; CPU iPhone OS 17_1_2 like Mac OS X) AppleWebKit/605.1.15 (KHTML, like Gecko) Version/17.1.2 Mobile/15E148 Safari/604.1"
62.1.222.72 - - [14/Dec/2023:08:41:22 +0200] "GET /images/stories/data/wrf/google/latest-rain.png HTTP/1.1" 200 21912 "http://meteoclima.hua.gr/europe_rain_overlay.html" "Mozilla/5.0 (iPhone; CPU iPhone OS 17_1_2 like Mac OS X) AppleWebKit/605.1.15 (KHTML, like Gecko) Version/17.1.2 Mobile/15E148 Safari/604.1"
62.1.222.72 - - [14/Dec/2023:08:41:22 +0200] "GET /images/stories/data/wrf/google/latest-cloud.png HTTP/1.1" 200 264711 "http://meteoclima.hua.gr/europe_cloud_overlay.html" "Mozilla/5.0 (iPhone; CPU iPhone OS 17_1_2 like Mac OS X) AppleWebKit/605.1.15 (KHTML, like Gecko) Version/17.1.2 Mobile/15E148 Safari/604.1"
::1 - - [14/Dec/2023:08:41:27 +0200] "OPTIONS * HTTP/1.0" 200 126 "-" "Apache/2.4.10 (Debian) OpenSSL/1.0.1t mod_perl/2.0.9dev Perl/v5.20.2 (internal dummy connection)"
::1 - - [14/Dec/2023:08:41:28 +0200] "OPTIONS * HTTP/1.0" 200 126 "-" "Apache/2.4.10 (Debian) OpenSSL/1.0.1t mod_perl/2.0.9dev Perl/v5.20.2 (internal dummy connection)"
::1 - - [14/Dec/2023:08:41:29 +0200] "OPTIONS * HTTP/1.0" 200 126 "-" "Apache/2.4.10 (Debian) OpenSSL/1.0.1t mod_perl/2.0.9dev Perl/v5.20.2 (internal dummy connection)"
62.1.222.72 - - [14/Dec/2023:08:41:31 +0200] "GET /index.php?option=com_content&view=article&id=91&Itemid=117 HTTP/1.1" 200 7771 "http://meteoclima.hua.gr/" "Mozilla/5.0 (iPhone; CPU iPhone OS 17_1_2 like Mac OS X) AppleWebKit/605.1.15 (KHTML, like Gecko) Version/17.1.2 Mobile/15E148 Safari/604.1"
62.1.222.72 - - [14/Dec/2023:08:41:31 +0200] "GET /media/system/images/arrow.png HTTP/1.1" 200 398 "http://meteoclima.hua.gr/index.php?option=com_content&view=article&id=91&Itemid=117" "Mozilla/5.0 (iPhone; CPU iPhone OS 17_1_2 like Mac OS X) AppleWebKit/605.1.15 (KHTML, like Gecko) Version/17.1.2 Mobile/15E148 Safari/604.1"
62.1.222.72 - - [14/Dec/2023:08:41:31 +0200] "GET /wrfgr.html HTTP/1.1" 200 1426 "http://meteoclima.hua.gr/index.php?option=com_content&view=article&id=91&Itemid=117" "Mozilla/5.0 (iPhone; CPU iPhone OS 17_1_2 like Mac OS X) AppleWebKit/605.1.15 (KHTML, like Gecko) Version/17.1.2 Mobile/15E148 Safari/604.1"
62.1.222.72 - - [14/Dec/2023:08:41:31 +0200] "GET /framedowngr2.html HTTP/1.1" 200 527 "http://meteoclima.hua.gr/index.php?option=com_content&view=article&id=91&Itemid=117" "Mozilla/5.0 (iPhone; CPU iPhone OS 17_1_2 like Mac OS X) AppleWebKit/605.1.15 (KHTML, like Gecko) Version/17.1.2 Mobile/15E148 Safari/604.1"
62.1.222.72 - - [14/Dec/2023:08:41:31 +0200] "GET /framemidgr.html HTTP/1.1" 200 599 "http://meteoclima.hua.gr/index.php?option=com_content&view=article&id=91&Itemid=117" "Mozilla/5.0 (iPhone; CPU iPhone OS 17_1_2 like Mac OS X) AppleWebKit/605.1.15 (KHTML, like Gecko) Version/17.1.2 Mobile/15E148 Safari/604.1"
62.1.222.72 - - [14/Dec/2023:08:41:31 +0200] "GET /images/stories/data/wrf/python/images/nmmV3-TEMPMSL-d02.zoom-024.png HTTP/1.1" 200 486946 "http://meteoclima.hua.gr/framedowngr2.html" "Mozilla/5.0 (iPhone; CPU iPhone OS 17_1_2 like Mac OS X) AppleWebKit/605.1.15 (KHTML, like Gecko) Version/17.1.2 Mobile/15E148 Safari/604.1"
176.58.227.164 - - [14/Dec/2023:08:41:37 +0200] "GET //meteoclima/admin HTTP/1.1" 301 597 "-" "Mozilla/5.0 (Windows NT 10.0; Win64; x64; rv:120.0) Gecko/20100101 Firefox/120.0"
176.58.227.164 - - [14/Dec/2023:08:41:37 +0200] "GET /meteoclima/admin/ HTTP/1.1" 301 596 "-" "Mozilla/5.0 (Windows NT 10.0; Win64; x64; rv:120.0) Gecko/20100101 Firefox/120.0"
176.58.227.164 - - [14/Dec/2023:08:41:37 +0200] "GET //meteoclima/admin HTTP/1.1" 301 596 "-" "Mozilla/5.0 (Windows NT 10.0; Win64; x64; rv:120.0) Gecko/20100101 Firefox/120.0"
176.58.227.164 - - [14/Dec/2023:08:41:37 +0200] "GET /meteoclima/admin/ HTTP/1.1" 301 596 "-" "Mozilla/5.0 (Windows NT 10.0; Win64; x64; rv:120.0) Gecko/20100101 Firefox/120.0"
176.58.227.164 - - [14/Dec/2023:08:41:37 +0200] "GET //meteoclima/admin HTTP/1.1" 301 596 "-" "Mozilla/5.0 (Windows NT 10.0; Win64; x64; rv:120.0) Gecko/20100101 Firefox/120.0"
176.58.227.164 - - [14/Dec/2023:08:41:37 +0200] "GET /meteoclima/admin/ HTTP/1.1" 301 596 "-" "Mozilla/5.0 (Windows NT 10.0; Win64; x64; rv:120.0) Gecko/20100101 Firefox/120.0"
176.58.227.164 - - [14/Dec/2023:08:41:37 +0200] "GET //meteoclima/admin HTTP/1.1" 301 596 "-" "Mozilla/5.0 (Windows NT 10.0; Win64; x64; rv:120.0) Gecko/20100101 Firefox/120.0"
176.58.227.164 - - [14/Dec/2023:08:41:37 +0200] "GET /meteoclima/admin/ HTTP/1.1" 301 596 "-" "Mozilla/5.0 (Windows NT 10.0; Win64; x64; rv:120.0) Gecko/20100101 Firefox/120.0"
176.58.227.164 - - [14/Dec/2023:08:41:37 +0200] "GET //meteoclima/admin HTTP/1.1" 301 596 "-" "Mozilla/5.0 (Windows NT 10.0; Win64; x64; rv:120.0) Gecko/20100101 Firefox/120.0"
176.58.227.164 - - [14/Dec/2023:08:41:37 +0200] "GET /meteoclima/admin/ HTTP/1.1" 301 596 "-" "Mozilla/5.0 (Windows NT 10.0; Win64; x64; rv:120.0) Gecko/20100101 Firefox/120.0"
176.58.227.164 - - [14/Dec/2023:08:41:37 +0200] "GET //meteoclima/admin HTTP/1.1" 301 596 "-" "Mozilla/5.0 (Windows NT 10.0; Win64; x64; rv:120.0) Gecko/20100101 Firefox/120.0"
176.58.227.164 - - [14/Dec/2023:08:41:37 +0200] "GET /meteoclima/admin/ HTTP/1.1" 301 596 "-" "Mozilla/5.0 (Windows NT 10.0; Win64; x64; rv:120.0) Gecko/20100101 Firefox/120.0"
176.58.227.164 - - [14/Dec/2023:08:41:37 +0200] "GET //meteoclima/admin HTTP/1.1" 301 596 "-" "Mozilla/5.0 (Windows NT 10.0; Win64; x64; rv:120.0) Gecko/20100101 Firefox/120.0"
176.58.227.164 - - [14/Dec/2023:08:41:38 +0200] "GET /meteoclima/admin/ HTTP/1.1" 301 596 "-" "Mozilla/5.0 (Windows NT 10.0; Win64; x64; rv:120.0) Gecko/20100101 Firefox/120.0"
176.58.227.164 - - [14/Dec/2023:08:41:38 +0200] "GET //meteoclima/admin HTTP/1.1" 301 596 "-" "Mozilla/5.0 (Windows NT 10.0; Win64; x64; rv:120.0) Gecko/20100101 Firefox/120.0"
176.58.227.164 - - [14/Dec/2023:08:41:38 +0200] "GET /meteoclima/admin/ HTTP/1.1" 301 596 "-" "Mozilla/5.0 (Windows NT 10.0; Win64; x64; rv:120.0) Gecko/20100101 Firefox/120.0"
176.58.227.164 - - [14/Dec/2023:08:41:38 +0200] "GET //meteoclima/admin HTTP/1.1" 301 596 "-" "Mozilla/5.0 (Windows NT 10.0; Win64; x64; rv:120.0) Gecko/20100101 Firefox/120.0"
176.58.227.164 - - [14/Dec/2023:08:41:38 +0200] "GET /meteoclima/admin/ HTTP/1.1" 301 596 "-" "Mozilla/5.0 (Windows NT 10.0; Win64; x64; rv:120.0) Gecko/20100101 Firefox/120.0"
176.58.227.164 - - [14/Dec/2023:08:41:38 +0200] "GET //meteoclima/admin HTTP/1.1" 301 596 "-" "Mozilla/5.0 (Windows NT 10.0; Win64; x64; rv:120.0) Gecko/20100101 Firefox/120.0"
62.1.222.72 - - [14/Dec/2023:08:41:38 +0200] "GET /images/stories/data/wrf/PRECMSL-zoom.html HTTP/1.1" 200 673 "http://meteoclima.hua.gr/wrfgr.html" "Mozilla/5.0 (iPhone; CPU iPhone OS 17_1_2 like Mac OS X) AppleWebKit/605.1.15 (KHTML, like Gecko) Version/17.1.2 Mobile/15E148 Safari/604.1"
62.1.222.72 - - [14/Dec/2023:08:41:38 +0200] "GET /images/stories/data/wrf/python/images/nmmV3-PRECMSL-d02.zoom-024.png HTTP/1.1" 200 428255 "http://meteoclima.hua.gr/wrfgr.html" "Mozilla/5.0 (iPhone; CPU iPhone OS 17_1_2 like Mac OS X) AppleWebKit/605.1.15 (KHTML, like Gecko) Version/17.1.2 Mobile/15E148 Safari/604.1"
176.58.227.164 - - [14/Dec/2023:08:41:43 +0200] "GET //meteoclima HTTP/1.1" 301 585 "-" "Mozilla/5.0 (Windows NT 10.0; Win64; x64; rv:120.0) Gecko/20100101 Firefox/120.0"
176.58.227.164 - - [14/Dec/2023:08:41:43 +0200] "GET /meteoclima/ HTTP/1.1" 301 584 "-" "Mozilla/5.0 (Windows NT 10.0; Win64; x64; rv:120.0) Gecko/20100101 Firefox/120.0"
176.58.227.164 - - [14/Dec/2023:08:41:43 +0200] "GET //meteoclima HTTP/1.1" 301 584 "-" "Mozilla/5.0 (Windows NT 10.0; Win64; x64; rv:120.0) Gecko/20100101 Firefox/120.0"
176.58.227.164 - - [14/Dec/2023:08:41:43 +0200] "GET /meteoclima/ HTTP/1.1" 301 584 "-" "Mozilla/5.0 (Windows NT 10.0; Win64; x64; rv:120.0) Gecko/20100101 Firefox/120.0"
176.58.227.164 - - [14/Dec/2023:08:41:43 +0200] "GET //meteoclima HTTP/1.1" 301 584 "-" "Mozilla/5.0 (Windows NT 10.0; Win64; x64; rv:120.0) Gecko/20100101 Firefox/120.0"
176.58.227.164 - - [14/Dec/2023:08:41:43 +0200] "GET /meteoclima/ HTTP/1.1" 301 584 "-" "Mozilla/5.0 (Windows NT 10.0; Win64; x64; rv:120.0) Gecko/20100101 Firefox/120.0"
176.58.227.164 - - [14/Dec/2023:08:41:43 +0200] "GET //meteoclima HTTP/1.1" 301 584 "-" "Mozilla/5.0 (Windows NT 10.0; Win64; x64; rv:120.0) Gecko/20100101 Firefox/120.0"
176.58.227.164 - - [14/Dec/2023:08:41:43 +0200] "GET /meteoclima/ HTTP/1.1" 301 584 "-" "Mozilla/5.0 (Windows NT 10.0; Win64; x64; rv:120.0) Gecko/20100101 Firefox/120.0"
176.58.227.164 - - [14/Dec/2023:08:41:43 +0200] "GET //meteoclima HTTP/1.1" 301 584 "-" "Mozilla/5.0 (Windows NT 10.0; Win64; x64; rv:120.0) Gecko/20100101 Firefox/120.0"
176.58.227.164 - - [14/Dec/2023:08:41:43 +0200] "GET /meteoclima/ HTTP/1.1" 301 584 "-" "Mozilla/5.0 (Windows NT 10.0; Win64; x64; rv:120.0) Gecko/20100101 Firefox/120.0"
176.58.227.164 - - [14/Dec/2023:08:41:43 +0200] "GET //meteoclima HTTP/1.1" 301 584 "-" "Mozilla/5.0 (Windows NT 10.0; Win64; x64; rv:120.0) Gecko/20100101 Firefox/120.0"
176.58.227.164 - - [14/Dec/2023:08:41:43 +0200] "GET /meteoclima/ HTTP/1.1" 301 584 "-" "Mozilla/5.0 (Windows NT 10.0; Win64; x64; rv:120.0) Gecko/20100101 Firefox/120.0"
176.58.227.164 - - [14/Dec/2023:08:41:43 +0200] "GET //meteoclima HTTP/1.1" 301 584 "-" "Mozilla/5.0 (Windows NT 10.0; Win64; x64; rv:120.0) Gecko/20100101 Firefox/120.0"
176.58.227.164 - - [14/Dec/2023:08:41:43 +0200] "GET /meteoclima/ HTTP/1.1" 301 584 "-" "Mozilla/5.0 (Windows NT 10.0; Win64; x64; rv:120.0) Gecko/20100101 Firefox/120.0"
176.58.227.164 - - [14/Dec/2023:08:41:43 +0200] "GET //meteoclima HTTP/1.1" 301 584 "-" "Mozilla/5.0 (Windows NT 10.0; Win64; x64; rv:120.0) Gecko/20100101 Firefox/120.0"
176.58.227.164 - - [14/Dec/2023:08:41:43 +0200] "GET /meteoclima/ HTTP/1.1" 301 584 "-" "Mozilla/5.0 (Windows NT 10.0; Win64; x64; rv:120.0) Gecko/20100101 Firefox/120.0"
176.58.227.164 - - [14/Dec/2023:08:41:43 +0200] "GET //meteoclima HTTP/1.1" 301 584 "-" "Mozilla/5.0 (Windows NT 10.0; Win64; x64; rv:120.0) Gecko/20100101 Firefox/120.0"
176.58.227.164 - - [14/Dec/2023:08:41:43 +0200] "GET /meteoclima/ HTTP/1.1" 301 584 "-" "Mozilla/5.0 (Windows NT 10.0; Win64; x64; rv:120.0) Gecko/20100101 Firefox/120.0"
176.58.227.164 - - [14/Dec/2023:08:41:43 +0200] "GET //meteoclima HTTP/1.1" 301 584 "-" "Mozilla/5.0 (Windows NT 10.0; Win64; x64; rv:120.0) Gecko/20100101 Firefox/120.0"
62.1.222.72 - - [14/Dec/2023:08:41:46 +0200] "GET /images/stories/data/wrf/python/images/nmmV3-PRECMSL-d02.zoom-027.png HTTP/1.1" 200 425770 "http://meteoclima.hua.gr/wrfgr.html" "Mozilla/5.0 (iPhone; CPU iPhone OS 17_1_2 like Mac OS X) AppleWebKit/605.1.15 (KHTML, like Gecko) Version/17.1.2 Mobile/15E148 Safari/604.1"
83.212.240.12 - - [14/Dec/2023:08:41:49 +0200] "POST /wp-cron.php?doing_wp_cron=1702536109.4052119255065917968750 HTTP/1.1" 200 166 "http://esa13thconference.eu/wp-cron.php?doing_wp_cron=1702536109.4052119255065917968750" "WordPress/4.9.6; http://esa13thconference.eu"
185.241.208.80 - - [14/Dec/2023:08:41:49 +0200] "POST /wp-login.php?action=register HTTP/1.1" 302 3788 "-" "-"
62.1.222.72 - - [14/Dec/2023:08:41:51 +0200] "GET /images/stories/data/wrf/python/images/nmmV3-PRECMSL-d02.zoom-030.png HTTP/1.1" 200 432505 "http://meteoclima.hua.gr/wrfgr.html" "Mozilla/5.0 (iPhone; CPU iPhone OS 17_1_2 like Mac OS X) AppleWebKit/605.1.15 (KHTML, like Gecko) Version/17.1.2 Mobile/15E148 Safari/604.1"
195.251.31.193 - - [14/Dec/2023:08:41:52 +0200] "POST /citymodel/1C000017/test2.php/1C0000170351000769BC0000000000000000000007A800015B2A00152C00172B000F0407F1000B000F001020AE HTTP/1.1" 200 320 "-" "-"
62.1.222.72 - - [14/Dec/2023:08:41:58 +0200] "GET /images/stories/data/wrf/python/images/nmmV3-PRECMSL-d02.zoom-045.png HTTP/1.1" 200 439920 "http://meteoclima.hua.gr/wrfgr.html" "Mozilla/5.0 (iPhone; CPU iPhone OS 17_1_2 like Mac OS X) AppleWebKit/605.1.15 (KHTML, like Gecko) Version/17.1.2 Mobile/15E148 Safari/604.1"
176.58.227.164 - - [14/Dec/2023:08:42:07 +0200] "GET / HTTP/1.1" 200 4242 "-" "Mozilla/5.0 (Windows NT 10.0; Win64; x64; rv:120.0) Gecko/20100101 Firefox/120.0"
176.58.227.164 - - [14/Dec/2023:08:42:07 +0200] "GET /favicon.ico HTTP/1.1" 404 562 "https://webms.hua.gr/" "Mozilla/5.0 (Windows NT 10.0; Win64; x64; rv:120.0) Gecko/20100101 Firefox/120.0"
62.1.222.72 - - [14/Dec/2023:08:42:07 +0200] "GET /images/stories/data/wrf/python/images/nmmV3-PRECMSL-d02.zoom-054.png HTTP/1.1" 200 452204 "http://meteoclima.hua.gr/wrfgr.html" "Mozilla/5.0 (iPhone; CPU iPhone OS 17_1_2 like Mac OS X) AppleWebKit/605.1.15 (KHTML, like Gecko) Version/17.1.2 Mobile/15E148 Safari/604.1"
62.1.222.72 - - [14/Dec/2023:08:42:13 +0200] "GET /images/stories/data/wrf/python/images/nmmV3-PRECMSL-d02.zoom-060.png HTTP/1.1" 200 455828 "http://meteoclima.hua.gr/wrfgr.html" "Mozilla/5.0 (iPhone; CPU iPhone OS 17_1_2 like Mac OS X) AppleWebKit/605.1.15 (KHTML, like Gecko) Version/17.1.2 Mobile/15E148 Safari/604.1"
62.1.222.72 - - [14/Dec/2023:08:42:20 +0200] "GET /images/stories/data/wrf/python/images/nmmV3-PRECMSL-d02.zoom-066.png HTTP/1.1" 200 465164 "http://meteoclima.hua.gr/wrfgr.html" "Mozilla/5.0 (iPhone; CPU iPhone OS 17_1_2 like Mac OS X) AppleWebKit/605.1.15 (KHTML, like Gecko) Version/17.1.2 Mobile/15E148 Safari/604.1"
176.58.227.164 - - [14/Dec/2023:08:42:25 +0200] "GET //meteoclima/administrator HTTP/1.1" 301 613 "-" "Mozilla/5.0 (Windows NT 10.0; Win64; x64; rv:120.0) Gecko/20100101 Firefox/120.0"
176.58.227.164 - - [14/Dec/2023:08:42:25 +0200] "GET /meteoclima/administrator/ HTTP/1.1" 301 612 "-" "Mozilla/5.0 (Windows NT 10.0; Win64; x64; rv:120.0) Gecko/20100101 Firefox/120.0"
176.58.227.164 - - [14/Dec/2023:08:42:25 +0200] "GET /meteoclima/administrator/ HTTP/1.1" 301 612 "-" "Mozilla/5.0 (Windows NT 10.0; Win64; x64; rv:120.0) Gecko/20100101 Firefox/120.0"
176.58.227.164 - - [14/Dec/2023:08:42:25 +0200] "GET //meteoclima/administrator HTTP/1.1" 301 612 "-" "Mozilla/5.0 (Windows NT 10.0; Win64; x64; rv:120.0) Gecko/20100101 Firefox/120.0"
176.58.227.164 - - [14/Dec/2023:08:42:25 +0200] "GET /meteoclima/administrator/ HTTP/1.1" 301 612 "-" "Mozilla/5.0 (Windows NT 10.0; Win64; x64; rv:120.0) Gecko/20100101 Firefox/120.0"
176.58.227.164 - - [14/Dec/2023:08:42:25 +0200] "GET //meteoclima/administrator HTTP/1.1" 301 612 "-" "Mozilla/5.0 (Windows NT 10.0; Win64; x64; rv:120.0) Gecko/20100101 Firefox/120.0"
176.58.227.164 - - [14/Dec/2023:08:42:25 +0200] "GET /meteoclima/administrator/ HTTP/1.1" 301 612 "-" "Mozilla/5.0 (Windows NT 10.0; Win64; x64; rv:120.0) Gecko/20100101 Firefox/120.0"
176.58.227.164 - - [14/Dec/2023:08:42:25 +0200] "GET //meteoclima/administrator HTTP/1.1" 301 612 "-" "Mozilla/5.0 (Windows NT 10.0; Win64; x64; rv:120.0) Gecko/20100101 Firefox/120.0"
176.58.227.164 - - [14/Dec/2023:08:42:26 +0200] "GET /meteoclima/administrator/ HTTP/1.1" 301 612 "-" "Mozilla/5.0 (Windows NT 10.0; Win64; x64; rv:120.0) Gecko/20100101 Firefox/120.0"
176.58.227.164 - - [14/Dec/2023:08:42:26 +0200] "GET //meteoclima/administrator HTTP/1.1" 301 612 "-" "Mozilla/5.0 (Windows NT 10.0; Win64; x64; rv:120.0) Gecko/20100101 Firefox/120.0"
176.58.227.164 - - [14/Dec/2023:08:42:26 +0200] "GET /meteoclima/administrator/ HTTP/1.1" 301 612 "-" "Mozilla/5.0 (Windows NT 10.0; Win64; x64; rv:120.0) Gecko/20100101 Firefox/120.0"
176.58.227.164 - - [14/Dec/2023:08:42:26 +0200] "GET //meteoclima/administrator HTTP/1.1" 301 612 "-" "Mozilla/5.0 (Windows NT 10.0; Win64; x64; rv:120.0) Gecko/20100101 Firefox/120.0"
176.58.227.164 - - [14/Dec/2023:08:42:26 +0200] "GET /meteoclima/administrator/ HTTP/1.1" 301 612 "-" "Mozilla/5.0 (Windows NT 10.0; Win64; x64; rv:120.0) Gecko/20100101 Firefox/120.0"
176.58.227.164 - - [14/Dec/2023:08:42:26 +0200] "GET //meteoclima/administrator HTTP/1.1" 301 612 "-" "Mozilla/5.0 (Windows NT 10.0; Win64; x64; rv:120.0) Gecko/20100101 Firefox/120.0"
176.58.227.164 - - [14/Dec/2023:08:42:26 +0200] "GET /meteoclima/administrator/ HTTP/1.1" 301 612 "-" "Mozilla/5.0 (Windows NT 10.0; Win64; x64; rv:120.0) Gecko/20100101 Firefox/120.0"
176.58.227.164 - - [14/Dec/2023:08:42:26 +0200] "GET //meteoclima/administrator HTTP/1.1" 301 612 "-" "Mozilla/5.0 (Windows NT 10.0; Win64; x64; rv:120.0) Gecko/20100101 Firefox/120.0"
176.58.227.164 - - [14/Dec/2023:08:42:26 +0200] "GET /meteoclima/administrator/ HTTP/1.1" 301 612 "-" "Mozilla/5.0 (Windows NT 10.0; Win64; x64; rv:120.0) Gecko/20100101 Firefox/120.0"
176.58.227.164 - - [14/Dec/2023:08:42:26 +0200] "GET //meteoclima/administrator HTTP/1.1" 301 612 "-" "Mozilla/5.0 (Windows NT 10.0; Win64; x64; rv:120.0) Gecko/20100101 Firefox/120.0"
176.58.227.164 - - [14/Dec/2023:08:42:26 +0200] "GET /meteoclima/administrator/ HTTP/1.1" 301 612 "-" "Mozilla/5.0 (Windows NT 10.0; Win64; x64; rv:120.0) Gecko/20100101 Firefox/120.0"
62.1.222.72 - - [14/Dec/2023:08:42:37 +0200] "GET /images/stories/data/wrf/python/images/nmmV3-PRECMSL-d02.zoom-072.png HTTP/1.1" 200 460494 "http://meteoclima.hua.gr/wrfgr.html" "Mozilla/5.0 (iPhone; CPU iPhone OS 17_1_2 like Mac OS X) AppleWebKit/605.1.15 (KHTML, like Gecko) Version/17.1.2 Mobile/15E148 Safari/604.1"
213.180.203.206 - - [14/Dec/2023:08:42:47 +0200] "GET /robots.txt HTTP/1.1" 403 519 "-" "Mozilla/5.0 (compatible; YandexBot/3.0; +http://yandex.com/bots)"
213.180.203.249 - - [14/Dec/2023:08:42:48 +0200] "GET /stations/derveni/%CE%A4%CE%B1%20%CE%AD%CE%B3%CE%B3%CF%81%CE%B1%CF%86%CE%AC%20%CE%BC%CE%BF%CF%85/noa/meteo_stations/%CE%A4%CE%B1%20%CE%AD%CE%B3%CE%B3%CF%81%CE%B1%CF%86%CE%AC%20%CE%BC%CE%BF%CF%85/noa/meteo_stations/%CE%A4%CE%B1%20%CE%AD%CE%B3%CE%B3%CF%81%CE%B1%CF%86%CE%AC%20%CE%BC%CE%BF%CF%85/noa/meteo_stations/Pl_wa012.ico HTTP/1.1" 403 676 "-" "Mozilla/5.0 (compatible; YandexFavicons/1.0; +http://yandex.com/bots)"
195.251.31.193 - - [14/Dec/2023:08:42:52 +0200] "POST /citymodel/1C000017/test2.php/1C0000170351000769F80000000000000000000007A800015B2A00152C00172B000F0407F3000B00100010206B HTTP/1.1" 200 320 "-" "-"
62.1.222.72 - - [14/Dec/2023:08:43:00 +0200] "GET /images/stories/data/wrf/python/images/nmmV3-PRECMSL-d02.zoom-048.png HTTP/1.1" 200 430760 "http://meteoclima.hua.gr/wrfgr.html" "Mozilla/5.0 (iPhone; CPU iPhone OS 17_1_2 like Mac OS X) AppleWebKit/605.1.15 (KHTML, like Gecko) Version/17.1.2 Mobile/15E148 Safari/604.1"
62.1.222.72 - - [14/Dec/2023:08:43:08 +0200] "GET /images/stories/data/wrf/python/images/nmmV3-PRECMSL-d02.zoom-051.png HTTP/1.1" 200 443996 "http://meteoclima.hua.gr/wrfgr.html" "Mozilla/5.0 (iPhone; CPU iPhone OS 17_1_2 like Mac OS X) AppleWebKit/605.1.15 (KHTML, like Gecko) Version/17.1.2 Mobile/15E148 Safari/604.1"
62.1.222.72 - - [14/Dec/2023:08:43:15 +0200] "GET /images/stories/data/wrf/python/images/nmmV3-PRECMSL-d02.zoom-057.png HTTP/1.1" 200 452115 "http://meteoclima.hua.gr/wrfgr.html" "Mozilla/5.0 (iPhone; CPU iPhone OS 17_1_2 like Mac OS X) AppleWebKit/605.1.15 (KHTML, like Gecko) Version/17.1.2 Mobile/15E148 Safari/604.1"
176.58.227.164 - - [14/Dec/2023:08:43:18 +0200] "GET /stations/Lavrio/Current_Monitor_Lavrio.htm HTTP/1.1" 200 2458 "http://meteoclima.hua.gr/" "Mozilla/5.0 (Windows NT 10.0; Win64; x64; rv:120.0) Gecko/20100101 Firefox/120.0"
176.58.227.164 - - [14/Dec/2023:08:43:18 +0200] "GET /stations/Lavrio/WindDirection.gif HTTP/1.1" 200 5019 "http://meteoclima.hua.gr/stations/Lavrio/Current_Monitor_Lavrio.htm" "Mozilla/5.0 (Windows NT 10.0; Win64; x64; rv:120.0) Gecko/20100101 Firefox/120.0"
176.58.227.164 - - [14/Dec/2023:08:43:18 +0200] "GET /stations/Lavrio/WindSpeedHistory.gif HTTP/1.1" 200 13795 "http://meteoclima.hua.gr/stations/Lavrio/Current_Monitor_Lavrio.htm" "Mozilla/5.0 (Windows NT 10.0; Win64; x64; rv:120.0) Gecko/20100101 Firefox/120.0"
176.58.227.164 - - [14/Dec/2023:08:43:18 +0200] "GET /stations/Lavrio/WindSpeed.gif HTTP/1.1" 200 4704 "http://meteoclima.hua.gr/stations/Lavrio/Current_Monitor_Lavrio.htm" "Mozilla/5.0 (Windows NT 10.0; Win64; x64; rv:120.0) Gecko/20100101 Firefox/120.0"
176.58.227.164 - - [14/Dec/2023:08:43:18 +0200] "GET /stations/Lavrio/WindDirectionHistory.gif HTTP/1.1" 200 13462 "http://meteoclima.hua.gr/stations/Lavrio/Current_Monitor_Lavrio.htm" "Mozilla/5.0 (Windows NT 10.0; Win64; x64; rv:120.0) Gecko/20100101 Firefox/120.0"
176.58.227.164 - - [14/Dec/2023:08:43:18 +0200] "GET /stations/Lavrio/OutsideHumidityHistory.gif HTTP/1.1" 200 12828 "http://meteoclima.hua.gr/stations/Lavrio/Current_Monitor_Lavrio.htm" "Mozilla/5.0 (Windows NT 10.0; Win64; x64; rv:120.0) Gecko/20100101 Firefox/120.0"
176.58.227.164 - - [14/Dec/2023:08:43:18 +0200] "GET /stations/Lavrio/OutsideTempHistory.gif HTTP/1.1" 200 13029 "http://meteoclima.hua.gr/stations/Lavrio/Current_Monitor_Lavrio.htm" "Mozilla/5.0 (Windows NT 10.0; Win64; x64; rv:120.0) Gecko/20100101 Firefox/120.0"
176.58.227.164 - - [14/Dec/2023:08:43:18 +0200] "GET /stations/Lavrio/BarometerHistory.gif HTTP/1.1" 200 13146 "http://meteoclima.hua.gr/stations/Lavrio/Current_Monitor_Lavrio.htm" "Mozilla/5.0 (Windows NT 10.0; Win64; x64; rv:120.0) Gecko/20100101 Firefox/120.0"
176.58.227.164 - - [14/Dec/2023:08:43:18 +0200] "GET /stations/Lavrio/HeatIndexHistory.gif HTTP/1.1" 200 13005 "http://meteoclima.hua.gr/stations/Lavrio/Current_Monitor_Lavrio.htm" "Mozilla/5.0 (Windows NT 10.0; Win64; x64; rv:120.0) Gecko/20100101 Firefox/120.0"
176.58.227.164 - - [14/Dec/2023:08:43:18 +0200] "GET /stations/Lavrio/RainRateHistory.gif HTTP/1.1" 200 11995 "http://meteoclima.hua.gr/stations/Lavrio/Current_Monitor_Lavrio.htm" "Mozilla/5.0 (Windows NT 10.0; Win64; x64; rv:120.0) Gecko/20100101 Firefox/120.0"
176.58.227.164 - - [14/Dec/2023:08:43:18 +0200] "GET /stations/Lavrio/RainHistory.gif HTTP/1.1" 200 11824 "http://meteoclima.hua.gr/stations/Lavrio/Current_Monitor_Lavrio.htm" "Mozilla/5.0 (Windows NT 10.0; Win64; x64; rv:120.0) Gecko/20100101 Firefox/120.0"
176.58.227.164 - - [14/Dec/2023:08:43:18 +0200] "GET /stations/Lavrio/Rain.gif HTTP/1.1" 200 4920 "http://meteoclima.hua.gr/stations/Lavrio/Current_Monitor_Lavrio.htm" "Mozilla/5.0 (Windows NT 10.0; Win64; x64; rv:120.0) Gecko/20100101 Firefox/120.0"
176.58.227.164 - - [14/Dec/2023:08:43:18 +0200] "GET /stations/Lavrio/MonthlyRain.gif HTTP/1.1" 200 4960 "http://meteoclima.hua.gr/stations/Lavrio/Current_Monitor_Lavrio.htm" "Mozilla/5.0 (Windows NT 10.0; Win64; x64; rv:120.0) Gecko/20100101 Firefox/120.0"
176.58.227.164 - - [14/Dec/2023:08:43:18 +0200] "GET /stations/Lavrio/YearlyRain.gif HTTP/1.1" 200 5028 "http://meteoclima.hua.gr/stations/Lavrio/Current_Monitor_Lavrio.htm" "Mozilla/5.0 (Windows NT 10.0; Win64; x64; rv:120.0) Gecko/20100101 Firefox/120.0"
176.58.227.164 - - [14/Dec/2023:08:43:18 +0200] "GET /favicon.ico HTTP/1.1" 200 1706 "http://meteoclima.hua.gr/stations/Lavrio/Current_Monitor_Lavrio.htm" "Mozilla/5.0 (Windows NT 10.0; Win64; x64; rv:120.0) Gecko/20100101 Firefox/120.0"
::1 - - [14/Dec/2023:08:43:24 +0200] "OPTIONS * HTTP/1.0" 200 126 "-" "Apache/2.4.10 (Debian) OpenSSL/1.0.1t mod_perl/2.0.9dev Perl/v5.20.2 (internal dummy connection)"
62.1.222.72 - - [14/Dec/2023:08:43:34 +0200] "GET /images/stories/data/wrf/python/images/nmmV3-PRECMSL-d02.zoom-063.png HTTP/1.1" 200 464643 "http://meteoclima.hua.gr/wrfgr.html" "Mozilla/5.0 (iPhone; CPU iPhone OS 17_1_2 like Mac OS X) AppleWebKit/605.1.15 (KHTML, like Gecko) Version/17.1.2 Mobile/15E148 Safari/604.1"
62.1.222.72 - - [14/Dec/2023:08:43:50 +0200] "GET /images/stories/data/wrf/python/images/nmmV3-PRECMSL-d02.zoom-069.png HTTP/1.1" 200 456892 "http://meteoclima.hua.gr/wrfgr.html" "Mozilla/5.0 (iPhone; CPU iPhone OS 17_1_2 like Mac OS X) AppleWebKit/605.1.15 (KHTML, like Gecko) Version/17.1.2 Mobile/15E148 Safari/604.1"
195.251.31.193 - - [14/Dec/2023:08:43:52 +0200] "POST /citymodel/1C000017/test2.php/1C000017035100076A340000000000000000000007A800015B2A00152C00172B000F0407F5000B000F00102042 HTTP/1.1" 200 320 "-" "-"
83.212.240.12 - - [14/Dec/2023:08:43:54 +0200] "POST /wp-cron.php?doing_wp_cron=1702536234.7319529056549072265625 HTTP/1.1" 200 166 "http://esa13thconference.eu/wp-cron.php?doing_wp_cron=1702536234.7319529056549072265625" "WordPress/4.9.6; http://esa13thconference.eu"
35.87.43.145 - - [14/Dec/2023:08:43:55 +0200] "GET /.well-known/acme-challenge/N3dwkKUidBVf20ZzODqpiZBZWcYzZjaofqWYVhnaX0U HTTP/1.1" 404 531 "-" "Mozilla/5.0 (compatible; Let's Encrypt validation server; +https://www.letsencrypt.org)"
3.137.215.167 - - [14/Dec/2023:08:43:56 +0200] "GET /.well-known/acme-challenge/N3dwkKUidBVf20ZzODqpiZBZWcYzZjaofqWYVhnaX0U HTTP/1.1" 404 531 "-" "Mozilla/5.0 (compatible; Let's Encrypt validation server; +https://www.letsencrypt.org)"
5.2.16.222 - - [14/Dec/2023:08:43:54 +0200] "POST /xmlrpc.php HTTP/1.1" 200 647 "-" "Mozilla/5.0 (Windows NT 10.0; Win64; x64) AppleWebKit/537.36 (KHTML, like Gecko) Chrome/68.0.3440.106 Safari/537.36"
23.178.112.105 - - [14/Dec/2023:08:43:56 +0200] "GET /.well-known/acme-challenge/N3dwkKUidBVf20ZzODqpiZBZWcYzZjaofqWYVhnaX0U HTTP/1.1" 404 531 "-" "Mozilla/5.0 (compatible; Let's Encrypt validation server; +https://www.letsencrypt.org)"
185.25.20.5 - - [14/Dec/2023:08:44:03 +0200] "GET /stations/derveni/NOAAMO.TXT HTTP/1.0" 200 2381 "-" "-"
185.25.20.5 - - [14/Dec/2023:08:44:03 +0200] "GET /stations/geraki/NOAAMO.TXT HTTP/1.0" 200 2411 "-" "-"
62.1.222.72 - - [14/Dec/2023:08:44:06 +0200] "GET /images/stories/data/wrf/python/images/nmmV3-PRECMSL-d02.zoom-075.png HTTP/1.1" 200 467119 "http://meteoclima.hua.gr/wrfgr.html" "Mozilla/5.0 (iPhone; CPU iPhone OS 17_1_2 like Mac OS X) AppleWebKit/605.1.15 (KHTML, like Gecko) Version/17.1.2 Mobile/15E148 Safari/604.1"
62.1.222.72 - - [14/Dec/2023:08:44:16 +0200] "GET /images/stories/data/wrf/python/images/nmmV3-PRECMSL-d02.zoom-078.png HTTP/1.1" 200 469414 "http://meteoclima.hua.gr/wrfgr.html" "Mozilla/5.0 (iPhone; CPU iPhone OS 17_1_2 like Mac OS X) AppleWebKit/605.1.15 (KHTML, like Gecko) Version/17.1.2 Mobile/15E148 Safari/604.1"
62.1.222.72 - - [14/Dec/2023:08:44:22 +0200] "GET /images/stories/data/wrf/python/images/nmmV3-PRECMSL-d02.zoom-081.png HTTP/1.1" 200 462231 "http://meteoclima.hua.gr/wrfgr.html" "Mozilla/5.0 (iPhone; CPU iPhone OS 17_1_2 like Mac OS X) AppleWebKit/605.1.15 (KHTML, like Gecko) Version/17.1.2 Mobile/15E148 Safari/604.1"
62.1.222.72 - - [14/Dec/2023:08:44:30 +0200] "GET /images/stories/data/wrf/python/images/nmmV3-PRECMSL-d02.zoom-084.png HTTP/1.1" 200 461535 "http://meteoclima.hua.gr/wrfgr.html" "Mozilla/5.0 (iPhone; CPU iPhone OS 17_1_2 like Mac OS X) AppleWebKit/605.1.15 (KHTML, like Gecko) Version/17.1.2 Mobile/15E148 Safari/604.1"
185.191.171.11 - - [14/Dec/2023:08:44:30 +0200] "GET /hua/index.php/en/2010-06-04-08-44-44125/758-2015-02-15-10-17-18?fontstyle=f-larger HTTP/1.1" 200 8593 "-" "Mozilla/5.0 (compatible; SemrushBot/7~bl; +http://www.semrush.com/bot.html)"
62.1.222.72 - - [14/Dec/2023:08:44:35 +0200] "GET /images/stories/data/wrf/python/images/nmmV3-PRECMSL-d02.zoom-087.png HTTP/1.1" 200 458656 "http://meteoclima.hua.gr/wrfgr.html" "Mozilla/5.0 (iPhone; CPU iPhone OS 17_1_2 like Mac OS X) AppleWebKit/605.1.15 (KHTML, like Gecko) Version/17.1.2 Mobile/15E148 Safari/604.1"
62.1.222.72 - - [14/Dec/2023:08:44:42 +0200] "GET /images/stories/data/wrf/python/images/nmmV3-PRECMSL-d02.zoom-090.png HTTP/1.1" 200 457231 "http://meteoclima.hua.gr/wrfgr.html" "Mozilla/5.0 (iPhone; CPU iPhone OS 17_1_2 like Mac OS X) AppleWebKit/605.1.15 (KHTML, like Gecko) Version/17.1.2 Mobile/15E148 Safari/604.1"
62.1.222.72 - - [14/Dec/2023:08:44:48 +0200] "GET /images/stories/data/wrf/python/images/nmmV3-PRECMSL-d02.zoom-093.png HTTP/1.1" 200 451861 "http://meteoclima.hua.gr/wrfgr.html" "Mozilla/5.0 (iPhone; CPU iPhone OS 17_1_2 like Mac OS X) AppleWebKit/605.1.15 (KHTML, like Gecko) Version/17.1.2 Mobile/15E148 Safari/604.1"
195.251.31.193 - - [14/Dec/2023:08:44:52 +0200] "POST /citymodel/1C000017/test2.php/1C000017035100076A700000000000000000000007A800015B2A00152C00172B000F0407FC000B00100013203D HTTP/1.1" 200 320 "-" "-"
62.1.222.72 - - [14/Dec/2023:08:45:18 +0200] "GET /index.php HTTP/1.1" 200 11072 "http://meteoclima.hua.gr/index.php?option=com_content&view=article&id=91&Itemid=117" "Mozilla/5.0 (iPhone; CPU iPhone OS 17_1_2 like Mac OS X) AppleWebKit/605.1.15 (KHTML, like Gecko) Version/17.1.2 Mobile/15E148 Safari/604.1"
62.1.222.72 - - [14/Dec/2023:08:45:18 +0200] "GET /images/stories/data/laps/prec-mslp.d01.000.300x300.png HTTP/1.1" 304 183 "http://meteoclima.hua.gr/index.php" "Mozilla/5.0 (iPhone; CPU iPhone OS 17_1_2 like Mac OS X) AppleWebKit/605.1.15 (KHTML, like Gecko) Version/17.1.2 Mobile/15E148 Safari/604.1"
62.1.222.72 - - [14/Dec/2023:08:45:18 +0200] "GET /images/cameras/Harokopio/latest_img01.jpg HTTP/1.1" 200 191136 "http://meteoclima.hua.gr/index.php" "Mozilla/5.0 (iPhone; CPU iPhone OS 17_1_2 like Mac OS X) AppleWebKit/605.1.15 (KHTML, like Gecko) Version/17.1.2 Mobile/15E148 Safari/604.1"
62.1.222.72 - - [14/Dec/2023:08:45:18 +0200] "GET /images/stories/data/laps/prec-mslp-wind.d02.hires.zoom.000.300x300.png HTTP/1.1" 304 183 "http://meteoclima.hua.gr/index.php" "Mozilla/5.0 (iPhone; CPU iPhone OS 17_1_2 like Mac OS X) AppleWebKit/605.1.15 (KHTML, like Gecko) Version/17.1.2 Mobile/15E148 Safari/604.1"
62.1.222.72 - - [14/Dec/2023:08:45:18 +0200] "GET /slideshow.php HTTP/1.1" 200 768 "http://meteoclima.hua.gr/index.php" "Mozilla/5.0 (iPhone; CPU iPhone OS 17_1_2 like Mac OS X) AppleWebKit/605.1.15 (KHTML, like Gecko) Version/17.1.2 Mobile/15E148 Safari/604.1"
62.1.222.72 - - [14/Dec/2023:08:45:18 +0200] "GET /slideshow_seasonal.php HTTP/1.1" 200 772 "http://meteoclima.hua.gr/index.php" "Mozilla/5.0 (iPhone; CPU iPhone OS 17_1_2 like Mac OS X) AppleWebKit/605.1.15 (KHTML, like Gecko) Version/17.1.2 Mobile/15E148 Safari/604.1"
62.1.222.72 - - [14/Dec/2023:08:45:18 +0200] "GET /slideshow-bg.png HTTP/1.1" 404 513 "http://meteoclima.hua.gr/slideshow.php" "Mozilla/5.0 (iPhone; CPU iPhone OS 17_1_2 like Mac OS X) AppleWebKit/605.1.15 (KHTML, like Gecko) Version/17.1.2 Mobile/15E148 Safari/604.1"
62.1.222.72 - - [14/Dec/2023:08:45:25 +0200] "GET / HTTP/1.1" 200 11070 "-" "Mozilla/5.0 (iPhone; CPU iPhone OS 17_1_2 like Mac OS X) AppleWebKit/605.1.15 (KHTML, like Gecko) Version/17.1.2 Mobile/15E148 Safari/604.1"
62.1.222.72 - - [14/Dec/2023:08:45:25 +0200] "GET /plugins/system/jat3/jat3/base-themes/default/js/menu/mega.js HTTP/1.1" 200 4821 "http://meteoclima.hua.gr/" "Mozilla/5.0 (iPhone; CPU iPhone OS 17_1_2 like Mac OS X) AppleWebKit/605.1.15 (KHTML, like Gecko) Version/17.1.2 Mobile/15E148 Safari/604.1"
62.1.222.72 - - [14/Dec/2023:08:45:25 +0200] "GET /media/jui/js/jquery-migrate.min.js HTTP/1.1" 200 3415 "http://meteoclima.hua.gr/" "Mozilla/5.0 (iPhone; CPU iPhone OS 17_1_2 like Mac OS X) AppleWebKit/605.1.15 (KHTML, like Gecko) Version/17.1.2 Mobile/15E148 Safari/604.1"
62.1.222.72 - - [14/Dec/2023:08:45:25 +0200] "GET /media/system/js/caption.js HTTP/1.1" 200 686 "http://meteoclima.hua.gr/" "Mozilla/5.0 (iPhone; CPU iPhone OS 17_1_2 like Mac OS X) AppleWebKit/605.1.15 (KHTML, like Gecko) Version/17.1.2 Mobile/15E148 Safari/604.1"
62.1.222.72 - - [14/Dec/2023:08:45:25 +0200] "GET /media/system/js/core.js HTTP/1.1" 200 2030 "http://meteoclima.hua.gr/" "Mozilla/5.0 (iPhone; CPU iPhone OS 17_1_2 like Mac OS X) AppleWebKit/605.1.15 (KHTML, like Gecko) Version/17.1.2 Mobile/15E148 Safari/604.1"
62.1.222.72 - - [14/Dec/2023:08:45:25 +0200] "GET /media/system/js/mootools-core.js HTTP/1.1" 200 27269 "http://meteoclima.hua.gr/" "Mozilla/5.0 (iPhone; CPU iPhone OS 17_1_2 like Mac OS X) AppleWebKit/605.1.15 (KHTML, like Gecko) Version/17.1.2 Mobile/15E148 Safari/604.1"
62.1.222.72 - - [14/Dec/2023:08:45:25 +0200] "GET /images/stories/data/weathericons/showers.gif HTTP/1.1" 200 1525 "http://meteoclima.hua.gr/" "Mozilla/5.0 (iPhone; CPU iPhone OS 17_1_2 like Mac OS X) AppleWebKit/605.1.15 (KHTML, like Gecko) Version/17.1.2 Mobile/15E148 Safari/604.1"
62.1.222.72 - - [14/Dec/2023:08:45:25 +0200] "GET /images/stories/data/weathericons/drizzle.gif HTTP/1.1" 200 1292 "http://meteoclima.hua.gr/" "Mozilla/5.0 (iPhone; CPU iPhone OS 17_1_2 like Mac OS X) AppleWebKit/605.1.15 (KHTML, like Gecko) Version/17.1.2 Mobile/15E148 Safari/604.1"
62.1.222.72 - - [14/Dec/2023:08:45:25 +0200] "GET /plugins/system/jat3/jat3/base-themes/default/images/usertools/t3_logo_light_sm.png HTTP/1.1" 200 1525 "http://meteoclima.hua.gr/" "Mozilla/5.0 (iPhone; CPU iPhone OS 17_1_2 like Mac OS X) AppleWebKit/605.1.15 (KHTML, like Gecko) Version/17.1.2 Mobile/15E148 Safari/604.1"
62.1.222.72 - - [14/Dec/2023:08:45:25 +0200] "GET /templates/ja_purity_ii/images/container-bg.gif HTTP/1.1" 200 459 "http://meteoclima.hua.gr/" "Mozilla/5.0 (iPhone; CPU iPhone OS 17_1_2 like Mac OS X) AppleWebKit/605.1.15 (KHTML, like Gecko) Version/17.1.2 Mobile/15E148 Safari/604.1"
62.1.222.72 - - [14/Dec/2023:08:45:25 +0200] "GET /templates/ja_purity_ii/images/b-bl.gif HTTP/1.1" 200 691 "http://meteoclima.hua.gr/" "Mozilla/5.0 (iPhone; CPU iPhone OS 17_1_2 like Mac OS X) AppleWebKit/605.1.15 (KHTML, like Gecko) Version/17.1.2 Mobile/15E148 Safari/604.1"
62.1.222.72 - - [14/Dec/2023:08:45:25 +0200] "GET /templates/ja_purity_ii/images/grad3.gif HTTP/1.1" 200 431 "http://meteoclima.hua.gr/" "Mozilla/5.0 (iPhone; CPU iPhone OS 17_1_2 like Mac OS X) AppleWebKit/605.1.15 (KHTML, like Gecko) Version/17.1.2 Mobile/15E148 Safari/604.1"
62.1.222.72 - - [14/Dec/2023:08:45:25 +0200] "GET / HTTP/1.1" 200 11070 "http://meteoclima.hua.gr/" "Mozilla/5.0 (iPhone; CPU iPhone OS 17_1_2 like Mac OS X) AppleWebKit/605.1.15 (KHTML, like Gecko) Version/17.1.2 Mobile/15E148 Safari/604.1"
62.1.222.72 - - [14/Dec/2023:08:45:26 +0200] "GET /slideshow.php HTTP/1.1" 200 767 "http://meteoclima.hua.gr/" "Mozilla/5.0 (iPhone; CPU iPhone OS 17_1_2 like Mac OS X) AppleWebKit/605.1.15 (KHTML, like Gecko) Version/17.1.2 Mobile/15E148 Safari/604.1"
62.1.222.72 - - [14/Dec/2023:08:45:26 +0200] "GET /slideshow_seasonal.php HTTP/1.1" 200 771 "http://meteoclima.hua.gr/" "Mozilla/5.0 (iPhone; CPU iPhone OS 17_1_2 like Mac OS X) AppleWebKit/605.1.15 (KHTML, like Gecko) Version/17.1.2 Mobile/15E148 Safari/604.1"
62.1.222.72 - - [14/Dec/2023:08:45:26 +0200] "GET /slideshow-bg.png HTTP/1.1" 404 513 "http://meteoclima.hua.gr/slideshow.php" "Mozilla/5.0 (iPhone; CPU iPhone OS 17_1_2 like Mac OS X) AppleWebKit/605.1.15 (KHTML, like Gecko) Version/17.1.2 Mobile/15E148 Safari/604.1"
::1 - - [14/Dec/2023:08:45:31 +0200] "OPTIONS * HTTP/1.0" 200 126 "-" "Apache/2.4.10 (Debian) OpenSSL/1.0.1t mod_perl/2.0.9dev Perl/v5.20.2 (internal dummy connection)"
74.208.68.9 - - [14/Dec/2023:08:45:38 +0200] "GET /stations/Harokopio-Athens/downld02.txt HTTP/1.1" 200 7129 "-" "Mozilla/5.0 (Windows NT 10.0; Win64; x64; rv:69.0) Gecko/20100101 Firefox/69.0"
74.208.68.9 - - [14/Dec/2023:08:45:40 +0200] "GET /stations/salamina/downld02.txt HTTP/1.1" 200 7121 "-" "Mozilla/5.0 (Windows NT 10.0; Win64; x64; rv:69.0) Gecko/20100101 Firefox/69.0"
176.58.227.164 - - [14/Dec/2023:08:45:48 +0200] "GET /stations/Lavrio/Current_Monitor_Lavrio.htm HTTP/1.1" 200 2458 "-" "Mozilla/5.0 (Windows NT 10.0; Win64; x64; rv:120.0) Gecko/20100101 Firefox/120.0"
176.58.227.164 - - [14/Dec/2023:08:45:48 +0200] "GET /stations/Lavrio/pep-logo.jpg HTTP/1.1" 304 182 "http://meteoclima.hua.gr/stations/Lavrio/Current_Monitor_Lavrio.htm" "Mozilla/5.0 (Windows NT 10.0; Win64; x64; rv:120.0) Gecko/20100101 Firefox/120.0"
176.58.227.164 - - [14/Dec/2023:08:45:48 +0200] "GET /stations/Lavrio/espa-logo.png HTTP/1.1" 304 181 "http://meteoclima.hua.gr/stations/Lavrio/Current_Monitor_Lavrio.htm" "Mozilla/5.0 (Windows NT 10.0; Win64; x64; rv:120.0) Gecko/20100101 Firefox/120.0"
176.58.227.164 - - [14/Dec/2023:08:45:48 +0200] "GET /stations/Lavrio/WindSpeedHistory.gif HTTP/1.1" 304 181 "http://meteoclima.hua.gr/stations/Lavrio/Current_Monitor_Lavrio.htm" "Mozilla/5.0 (Windows NT 10.0; Win64; x64; rv:120.0) Gecko/20100101 Firefox/120.0"
176.58.227.164 - - [14/Dec/2023:08:45:48 +0200] "GET /stations/Lavrio/Davis_Logo.jpg HTTP/1.1" 304 182 "http://meteoclima.hua.gr/stations/Lavrio/Current_Monitor_Lavrio.htm" "Mozilla/5.0 (Windows NT 10.0; Win64; x64; rv:120.0) Gecko/20100101 Firefox/120.0"
176.58.227.164 - - [14/Dec/2023:08:45:48 +0200] "GET /stations/Lavrio/WindDirectionHistory.gif HTTP/1.1" 304 181 "http://meteoclima.hua.gr/stations/Lavrio/Current_Monitor_Lavrio.htm" "Mozilla/5.0 (Windows NT 10.0; Win64; x64; rv:120.0) Gecko/20100101 Firefox/120.0"
176.58.227.164 - - [14/Dec/2023:08:45:48 +0200] "GET /stations/Lavrio/WindDirection.gif HTTP/1.1" 304 182 "http://meteoclima.hua.gr/stations/Lavrio/Current_Monitor_Lavrio.htm" "Mozilla/5.0 (Windows NT 10.0; Win64; x64; rv:120.0) Gecko/20100101 Firefox/120.0"
176.58.227.164 - - [14/Dec/2023:08:45:48 +0200] "GET /stations/Lavrio/hua_logo.gif HTTP/1.1" 304 181 "http://meteoclima.hua.gr/stations/Lavrio/Current_Monitor_Lavrio.htm" "Mozilla/5.0 (Windows NT 10.0; Win64; x64; rv:120.0) Gecko/20100101 Firefox/120.0"
176.58.227.164 - - [14/Dec/2023:08:45:48 +0200] "GET /stations/Lavrio/OutsideTempHistory.gif HTTP/1.1" 304 182 "http://meteoclima.hua.gr/stations/Lavrio/Current_Monitor_Lavrio.htm" "Mozilla/5.0 (Windows NT 10.0; Win64; x64; rv:120.0) Gecko/20100101 Firefox/120.0"
176.58.227.164 - - [14/Dec/2023:08:45:48 +0200] "GET /stations/Lavrio/BarometerHistory.gif HTTP/1.1" 304 181 "http://meteoclima.hua.gr/stations/Lavrio/Current_Monitor_Lavrio.htm" "Mozilla/5.0 (Windows NT 10.0; Win64; x64; rv:120.0) Gecko/20100101 Firefox/120.0"
176.58.227.164 - - [14/Dec/2023:08:45:48 +0200] "GET /stations/Lavrio/OutsideHumidityHistory.gif HTTP/1.1" 304 181 "http://meteoclima.hua.gr/stations/Lavrio/Current_Monitor_Lavrio.htm" "Mozilla/5.0 (Windows NT 10.0; Win64; x64; rv:120.0) Gecko/20100101 Firefox/120.0"
176.58.227.164 - - [14/Dec/2023:08:45:48 +0200] "GET /stations/Lavrio/HeatIndexHistory.gif HTTP/1.1" 304 181 "http://meteoclima.hua.gr/stations/Lavrio/Current_Monitor_Lavrio.htm" "Mozilla/5.0 (Windows NT 10.0; Win64; x64; rv:120.0) Gecko/20100101 Firefox/120.0"
176.58.227.164 - - [14/Dec/2023:08:45:48 +0200] "GET /stations/Lavrio/RainHistory.gif HTTP/1.1" 304 181 "http://meteoclima.hua.gr/stations/Lavrio/Current_Monitor_Lavrio.htm" "Mozilla/5.0 (Windows NT 10.0; Win64; x64; rv:120.0) Gecko/20100101 Firefox/120.0"
176.58.227.164 - - [14/Dec/2023:08:45:48 +0200] "GET /stations/Lavrio/Rain.gif HTTP/1.1" 304 181 "http://meteoclima.hua.gr/stations/Lavrio/Current_Monitor_Lavrio.htm" "Mozilla/5.0 (Windows NT 10.0; Win64; x64; rv:120.0) Gecko/20100101 Firefox/120.0"
176.58.227.164 - - [14/Dec/2023:08:45:48 +0200] "GET /stations/Lavrio/RainRateHistory.gif HTTP/1.1" 304 181 "http://meteoclima.hua.gr/stations/Lavrio/Current_Monitor_Lavrio.htm" "Mozilla/5.0 (Windows NT 10.0; Win64; x64; rv:120.0) Gecko/20100101 Firefox/120.0"
176.58.227.164 - - [14/Dec/2023:08:45:48 +0200] "GET /stations/Lavrio/MonthlyRain.gif HTTP/1.1" 304 181 "http://meteoclima.hua.gr/stations/Lavrio/Current_Monitor_Lavrio.htm" "Mozilla/5.0 (Windows NT 10.0; Win64; x64; rv:120.0) Gecko/20100101 Firefox/120.0"
176.58.227.164 - - [14/Dec/2023:08:45:48 +0200] "GET /stations/Lavrio/YearlyRain.gif HTTP/1.1" 304 181 "http://meteoclima.hua.gr/stations/Lavrio/Current_Monitor_Lavrio.htm" "Mozilla/5.0 (Windows NT 10.0; Win64; x64; rv:120.0) Gecko/20100101 Firefox/120.0"
176.58.227.164 - - [14/Dec/2023:08:45:48 +0200] "GET /stations/Lavrio/WindSpeed.gif HTTP/1.1" 304 181 "http://meteoclima.hua.gr/stations/Lavrio/Current_Monitor_Lavrio.htm" "Mozilla/5.0 (Windows NT 10.0; Win64; x64; rv:120.0) Gecko/20100101 Firefox/120.0"
195.251.31.193 - - [14/Dec/2023:08:45:52 +0200] "POST /citymodel/1C000017/test2.php/1C000017035100076AAC0000000000000000000007A900015B2A00162C00182B000F04080A000B000F0010208E HTTP/1.1" 200 320 "-" "-"
::1 - - [14/Dec/2023:08:45:54 +0200] "OPTIONS * HTTP/1.0" 200 126 "-" "Apache/2.4.10 (Debian) OpenSSL/1.0.1t mod_perl/2.0.9dev Perl/v5.20.2 (internal dummy connection)"
74.208.68.9 - - [14/Dec/2023:08:45:56 +0200] "GET /stations/geraki/downld02.txt HTTP/1.1" 200 6387 "-" "Mozilla/5.0 (Windows NT 10.0; Win64; x64; rv:69.0) Gecko/20100101 Firefox/69.0"
::1 - - [14/Dec/2023:08:45:57 +0200] "OPTIONS * HTTP/1.0" 200 126 "-" "Apache/2.4.10 (Debian) OpenSSL/1.0.1t mod_perl/2.0.9dev Perl/v5.20.2 (internal dummy connection)"
74.208.68.9 - - [14/Dec/2023:08:46:05 +0200] "GET /stations/Delacroix-Attiki/downld02.txt HTTP/1.1" 200 8449 "-" "Mozilla/5.0 (Windows NT 10.0; Win64; x64; rv:69.0) Gecko/20100101 Firefox/69.0"
74.208.68.9 - - [14/Dec/2023:08:46:22 +0200] "GET /stations/derveni/downld02.txt HTTP/1.1" 200 6280 "-" "Mozilla/5.0 (Windows NT 10.0; Win64; x64; rv:69.0) Gecko/20100101 Firefox/69.0"
176.58.227.164 - - [14/Dec/2023:08:46:37 +0200] "GET /labelgoogle.html HTTP/1.1" 200 552 "-" "Mozilla/5.0 (Windows NT 10.0; Win64; x64; rv:120.0) Gecko/20100101 Firefox/120.0"
87.250.224.55 - - [14/Dec/2023:08:46:39 +0200] "GET /eikonidia2.php?field=13 HTTP/1.1" 403 523 "-" "Mozilla/5.0 (compatible; YandexBot/3.0; +http://yandex.com/bots)"
195.251.31.193 - - [14/Dec/2023:08:46:52 +0200] "POST /citymodel/1C000017/test2.php/1C000017035100076AE80000000000000000000007AB00015B2A00162C00182B000F040820000B001000112030 HTTP/1.1" 200 320 "-" "-"
176.97.210.240 - - [14/Dec/2023:08:47:22 +0200] "GET / HTTP/1.1" 301 510 "-" "Go-http-client/1.1"
176.97.210.240 - - [14/Dec/2023:08:47:22 +0200] "GET / HTTP/1.1" 200 3991 "http://83.212.240.12:80/" "Go-http-client/1.1"
195.251.31.193 - - [14/Dec/2023:08:47:52 +0200] "POST /citymodel/1C000017/test2.php/1C000017035100076B240000000000000000000007AD00015B2A00162C00182B000F04082B000B00100011204B HTTP/1.1" 200 320 "-" "-"
176.58.227.164 - - [14/Dec/2023:08:48:19 +0200] "GET /stations/Lavrio/Current_Monitor_Lavrio.htm HTTP/1.1" 200 2458 "-" "Mozilla/5.0 (Windows NT 10.0; Win64; x64; rv:120.0) Gecko/20100101 Firefox/120.0"
176.58.227.164 - - [14/Dec/2023:08:48:19 +0200] "GET /stations/Lavrio/pep-logo.jpg HTTP/1.1" 304 181 "http://meteoclima.hua.gr/stations/Lavrio/Current_Monitor_Lavrio.htm" "Mozilla/5.0 (Windows NT 10.0; Win64; x64; rv:120.0) Gecko/20100101 Firefox/120.0"
176.58.227.164 - - [14/Dec/2023:08:48:19 +0200] "GET /stations/Lavrio/espa-logo.png HTTP/1.1" 304 182 "http://meteoclima.hua.gr/stations/Lavrio/Current_Monitor_Lavrio.htm" "Mozilla/5.0 (Windows NT 10.0; Win64; x64; rv:120.0) Gecko/20100101 Firefox/120.0"
176.58.227.164 - - [14/Dec/2023:08:48:19 +0200] "GET /stations/Lavrio/Davis_Logo.jpg HTTP/1.1" 304 182 "http://meteoclima.hua.gr/stations/Lavrio/Current_Monitor_Lavrio.htm" "Mozilla/5.0 (Windows NT 10.0; Win64; x64; rv:120.0) Gecko/20100101 Firefox/120.0"
176.58.227.164 - - [14/Dec/2023:08:48:19 +0200] "GET /stations/Lavrio/hua_logo.gif HTTP/1.1" 304 181 "http://meteoclima.hua.gr/stations/Lavrio/Current_Monitor_Lavrio.htm" "Mozilla/5.0 (Windows NT 10.0; Win64; x64; rv:120.0) Gecko/20100101 Firefox/120.0"
176.58.227.164 - - [14/Dec/2023:08:48:19 +0200] "GET /stations/Lavrio/WindSpeedHistory.gif HTTP/1.1" 304 181 "http://meteoclima.hua.gr/stations/Lavrio/Current_Monitor_Lavrio.htm" "Mozilla/5.0 (Windows NT 10.0; Win64; x64; rv:120.0) Gecko/20100101 Firefox/120.0"
176.58.227.164 - - [14/Dec/2023:08:48:19 +0200] "GET /stations/Lavrio/WindDirectionHistory.gif HTTP/1.1" 304 182 "http://meteoclima.hua.gr/stations/Lavrio/Current_Monitor_Lavrio.htm" "Mozilla/5.0 (Windows NT 10.0; Win64; x64; rv:120.0) Gecko/20100101 Firefox/120.0"
176.58.227.164 - - [14/Dec/2023:08:48:19 +0200] "GET /stations/Lavrio/BarometerHistory.gif HTTP/1.1" 304 181 "http://meteoclima.hua.gr/stations/Lavrio/Current_Monitor_Lavrio.htm" "Mozilla/5.0 (Windows NT 10.0; Win64; x64; rv:120.0) Gecko/20100101 Firefox/120.0"
176.58.227.164 - - [14/Dec/2023:08:48:19 +0200] "GET /stations/Lavrio/OutsideHumidityHistory.gif HTTP/1.1" 304 181 "http://meteoclima.hua.gr/stations/Lavrio/Current_Monitor_Lavrio.htm" "Mozilla/5.0 (Windows NT 10.0; Win64; x64; rv:120.0) Gecko/20100101 Firefox/120.0"
176.58.227.164 - - [14/Dec/2023:08:48:19 +0200] "GET /stations/Lavrio/OutsideTempHistory.gif HTTP/1.1" 304 182 "http://meteoclima.hua.gr/stations/Lavrio/Current_Monitor_Lavrio.htm" "Mozilla/5.0 (Windows NT 10.0; Win64; x64; rv:120.0) Gecko/20100101 Firefox/120.0"
176.58.227.164 - - [14/Dec/2023:08:48:19 +0200] "GET /stations/Lavrio/HeatIndexHistory.gif HTTP/1.1" 304 181 "http://meteoclima.hua.gr/stations/Lavrio/Current_Monitor_Lavrio.htm" "Mozilla/5.0 (Windows NT 10.0; Win64; x64; rv:120.0) Gecko/20100101 Firefox/120.0"
176.58.227.164 - - [14/Dec/2023:08:48:19 +0200] "GET /stations/Lavrio/RainHistory.gif HTTP/1.1" 304 181 "http://meteoclima.hua.gr/stations/Lavrio/Current_Monitor_Lavrio.htm" "Mozilla/5.0 (Windows NT 10.0; Win64; x64; rv:120.0) Gecko/20100101 Firefox/120.0"
176.58.227.164 - - [14/Dec/2023:08:48:19 +0200] "GET /stations/Lavrio/RainRateHistory.gif HTTP/1.1" 304 181 "http://meteoclima.hua.gr/stations/Lavrio/Current_Monitor_Lavrio.htm" "Mozilla/5.0 (Windows NT 10.0; Win64; x64; rv:120.0) Gecko/20100101 Firefox/120.0"
176.58.227.164 - - [14/Dec/2023:08:48:19 +0200] "GET /stations/Lavrio/Rain.gif HTTP/1.1" 304 181 "http://meteoclima.hua.gr/stations/Lavrio/Current_Monitor_Lavrio.htm" "Mozilla/5.0 (Windows NT 10.0; Win64; x64; rv:120.0) Gecko/20100101 Firefox/120.0"
176.58.227.164 - - [14/Dec/2023:08:48:19 +0200] "GET /stations/Lavrio/MonthlyRain.gif HTTP/1.1" 304 181 "http://meteoclima.hua.gr/stations/Lavrio/Current_Monitor_Lavrio.htm" "Mozilla/5.0 (Windows NT 10.0; Win64; x64; rv:120.0) Gecko/20100101 Firefox/120.0"
176.58.227.164 - - [14/Dec/2023:08:48:19 +0200] "GET /stations/Lavrio/WindDirection.gif HTTP/1.1" 304 181 "http://meteoclima.hua.gr/stations/Lavrio/Current_Monitor_Lavrio.htm" "Mozilla/5.0 (Windows NT 10.0; Win64; x64; rv:120.0) Gecko/20100101 Firefox/120.0"
176.58.227.164 - - [14/Dec/2023:08:48:19 +0200] "GET /stations/Lavrio/YearlyRain.gif HTTP/1.1" 304 181 "http://meteoclima.hua.gr/stations/Lavrio/Current_Monitor_Lavrio.htm" "Mozilla/5.0 (Windows NT 10.0; Win64; x64; rv:120.0) Gecko/20100101 Firefox/120.0"
176.58.227.164 - - [14/Dec/2023:08:48:19 +0200] "GET /stations/Lavrio/WindSpeed.gif HTTP/1.1" 304 181 "http://meteoclima.hua.gr/stations/Lavrio/Current_Monitor_Lavrio.htm" "Mozilla/5.0 (Windows NT 10.0; Win64; x64; rv:120.0) Gecko/20100101 Firefox/120.0"
::1 - - [14/Dec/2023:08:48:25 +0200] "OPTIONS * HTTP/1.0" 200 126 "-" "Apache/2.4.10 (Debian) OpenSSL/1.0.1t mod_perl/2.0.9dev Perl/v5.20.2 (internal dummy connection)"
195.251.31.193 - - [14/Dec/2023:08:48:52 +0200] "POST /citymodel/1C000017/test2.php/1C000017035100076B600000000000000000000007A800015B2A00162C00182B000F040831000B0010001120BA HTTP/1.1" 200 320 "-" "-"
66.249.66.34 - - [14/Dec/2023:08:49:02 +0200] "GET /index.php?option=com_content&view=article&id=85&Itemid=151 HTTP/1.1" 200 8476 "-" "Mozilla/5.0 (Linux; Android 6.0.1; Nexus 5X Build/MMB29P) AppleWebKit/537.36 (KHTML, like Gecko) Chrome/120.0.6099.71 Mobile Safari/537.36 (compatible; Googlebot/2.1; +http://www.google.com/bot.html)"
195.251.31.193 - - [14/Dec/2023:08:49:52 +0200] "POST /citymodel/1C000017/test2.php/1C000017035100076B9C0000000000000000000007A800015B2A00162C00182B000F040830000B001000112078 HTTP/1.1" 200 320 "-" "-"
62.1.222.72 - - [14/Dec/2023:08:49:51 +0200] "GET / HTTP/1.1" 200 11072 "-" "Mozilla/5.0 (iPhone; CPU iPhone OS 17_1_2 like Mac OS X) AppleWebKit/605.1.15 (KHTML, like Gecko) Version/17.1.2 Mobile/15E148 Safari/604.1"
62.1.222.72 - - [14/Dec/2023:08:49:52 +0200] "GET /images/stories/data/laps/prec-mslp-wind.d02.hires.zoom.000.300x300.png HTTP/1.1" 304 182 "http://meteoclima.hua.gr/" "Mozilla/5.0 (iPhone; CPU iPhone OS 17_1_2 like Mac OS X) AppleWebKit/605.1.15 (KHTML, like Gecko) Version/17.1.2 Mobile/15E148 Safari/604.1"
