83.212.240.12 - - [14/Dec/2023:08:03:26 +0200] "POST /wp-cron.php?doing_wp_cron=1702533806.4683198928833007812500 HTTP/1.1" 200 166 "http://esa13thconference.eu/wp-cron.php?doing_wp_cron=1702533806.4683198928833007812500" "WordPress/4.9.6; http://esa13thconference.eu"
43.206.252.158 - - [14/Dec/2023:08:03:25 +0200] "POST /wp-login.php HTTP/1.1" 200 2298 "http://esa13thconference.eu/" "Mozilla/5.0 (Windows NT 6.1; WOW64; Trident/7.0; rv:11.0) like Gecko"
13.229.199.0 - - [14/Dec/2023:08:03:26 +0200] "POST /wp-login.php HTTP/1.1" 200 2298 "http://esa13thconference.eu/" "Mozilla/5.0 (Windows NT 6.1; WOW64; Trident/7.0; rv:11.0) like Gecko"
195.251.31.193 - - [14/Dec/2023:08:03:52 +0200] "POST /citymodel/1C000017/test2.php/1C0000170351000760D40000000000000000000007A800015B2A00152C00172B000F0407D8000A000F000F2062 HTTP/1.1" 200 320 "-" "-"
66.249.66.14 - - [14/Dec/2023:08:04:03 +0200] "GET /eclass/modules/document/index.php?course=DIT108&download=/5139a8c75h95/5e8475a9yE7w.pdf HTTP/1.1" 304 4178 "-" "Mozilla/5.0 (Linux; Android 6.0.1; Nexus 5X Build/MMB29P) AppleWebKit/537.36 (KHTML, like Gecko) Chrome/120.0.6099.71 Mobile Safari/537.36 (compatible; Googlebot/2.1; +http://www.google.com/bot.html)"
195.251.31.193 - - [14/Dec/2023:08:04:52 +0200] "POST /citymodel/1C000017/test2.php/1C0000170351000761100000000000000000000007A800015B2A00152C00162B000F0407D8000A000E000F205D HTTP/1.1" 200 320 "-" "-"
185.191.171.10 - - [14/Dec/2023:08:05:24 +0200] "GET /hua/index.php/el/2011-08-02-11-25-06/617-23-10-2013 HTTP/1.1" 301 630 "-" "Mozilla/5.0 (compatible; SemrushBot/7~bl; +http://www.semrush.com/bot.html)"
185.191.171.15 - - [14/Dec/2023:08:05:25 +0200] "GET /hua/index.php/el/2011-08-02-11-25-06/617-23-10-2013/ HTTP/1.1" 301 630 "-" "Mozilla/5.0 (compatible; SemrushBot/7~bl; +http://www.semrush.com/bot.html)"
74.208.68.9 - - [14/Dec/2023:08:05:35 +0200] "GET /stations/Delacroix-Attiki/downld02.txt HTTP/1.1" 200 8449 "-" "Mozilla/5.0 (Windows NT 10.0; Win64; x64; rv:69.0) Gecko/20100101 Firefox/69.0"
74.208.68.9 - - [14/Dec/2023:08:05:41 +0200] "GET /stations/salamina/downld02.txt HTTP/1.1" 200 7121 "-" "Mozilla/5.0 (Windows NT 10.0; Win64; x64; rv:69.0) Gecko/20100101 Firefox/69.0"
74.208.68.9 - - [14/Dec/2023:08:05:48 +0200] "GET /stations/derveni/downld02.txt HTTP/1.1" 200 6169 "-" "Mozilla/5.0 (Windows NT 10.0; Win64; x64; rv:69.0) Gecko/20100101 Firefox/69.0"
74.208.68.9 - - [14/Dec/2023:08:05:49 +0200] "GET /stations/geraki/downld02.txt HTTP/1.1" 200 6222 "-" "Mozilla/5.0 (Windows NT 10.0; Win64; x64; rv:69.0) Gecko/20100101 Firefox/69.0"
195.251.31.193 - - [14/Dec/2023:08:05:52 +0200] "POST /citymodel/1C000017/test2.php/1C00001703510007614C0000000000000000000007A800015B2A00152C00172B000F0407D9000B000E000F2035 HTTP/1.1" 200 320 "-" "-"
74.208.68.9 - - [14/Dec/2023:08:05:56 +0200] "GET /stations/Harokopio-Athens/downld02.txt HTTP/1.1" 200 6990 "-" "Mozilla/5.0 (Windows NT 10.0; Win64; x64; rv:69.0) Gecko/20100101 Firefox/69.0"
94.65.129.70 - - [14/Dec/2023:08:06:10 +0200] "GET /stations/Delacroix-Attiki/ HTTP/1.1" 200 4529 "http://meteoclima.hua.gr/stations/Delacroix-Attiki/" "Mozilla/5.0 (iPhone; CPU iPhone OS 17_1_2 like Mac OS X) AppleWebKit/605.1.15 (KHTML, like Gecko) Version/17.1.2 Mobile/15E148 Safari/604.1"
94.65.129.70 - - [14/Dec/2023:08:06:11 +0200] "GET /stations/Delacroix-Attiki/logo.jpg HTTP/1.1" 304 181 "http://meteoclima.hua.gr/stations/Delacroix-Attiki/" "Mozilla/5.0 (iPhone; CPU iPhone OS 17_1_2 like Mac OS X) AppleWebKit/605.1.15 (KHTML, like Gecko) Version/17.1.2 Mobile/15E148 Safari/604.1"
94.65.129.70 - - [14/Dec/2023:08:06:11 +0200] "GET /stations/Delacroix-Attiki/OutsideTempHistory.gif HTTP/1.1" 200 12681 "http://meteoclima.hua.gr/stations/Delacroix-Attiki/" "Mozilla/5.0 (iPhone; CPU iPhone OS 17_1_2 like Mac OS X) AppleWebKit/605.1.15 (KHTML, like Gecko) Version/17.1.2 Mobile/15E148 Safari/604.1"
94.65.129.70 - - [14/Dec/2023:08:06:11 +0200] "GET /stations/Delacroix-Attiki/Davis.jpg HTTP/1.1" 304 182 "http://meteoclima.hua.gr/stations/Delacroix-Attiki/" "Mozilla/5.0 (iPhone; CPU iPhone OS 17_1_2 like Mac OS X) AppleWebKit/605.1.15 (KHTML, like Gecko) Version/17.1.2 Mobile/15E148 Safari/604.1"
94.65.129.70 - - [14/Dec/2023:08:06:11 +0200] "GET /stations/Delacroix-Attiki/WindSpeedHistory.gif HTTP/1.1" 200 14277 "http://meteoclima.hua.gr/stations/Delacroix-Attiki/" "Mozilla/5.0 (iPhone; CPU iPhone OS 17_1_2 like Mac OS X) AppleWebKit/605.1.15 (KHTML, like Gecko) Version/17.1.2 Mobile/15E148 Safari/604.1"
94.65.129.70 - - [14/Dec/2023:08:06:11 +0200] "GET /stations/Delacroix-Attiki/RainHistory.gif HTTP/1.1" 200 11758 "http://meteoclima.hua.gr/stations/Delacroix-Attiki/" "Mozilla/5.0 (iPhone; CPU iPhone OS 17_1_2 like Mac OS X) AppleWebKit/605.1.15 (KHTML, like Gecko) Version/17.1.2 Mobile/15E148 Safari/604.1"
94.65.129.70 - - [14/Dec/2023:08:06:11 +0200] "GET /stations/Delacroix-Attiki/RainRateHistory.gif HTTP/1.1" 200 11929 "http://meteoclima.hua.gr/stations/Delacroix-Attiki/" "Mozilla/5.0 (iPhone; CPU iPhone OS 17_1_2 like Mac OS X) AppleWebKit/605.1.15 (KHTML, like Gecko) Version/17.1.2 Mobile/15E148 Safari/604.1"
94.65.129.70 - - [14/Dec/2023:08:06:11 +0200] "GET /stations/Delacroix-Attiki/WindDirectionHistory.gif HTTP/1.1" 200 12875 "http://meteoclima.hua.gr/stations/Delacroix-Attiki/" "Mozilla/5.0 (iPhone; CPU iPhone OS 17_1_2 like Mac OS X) AppleWebKit/605.1.15 (KHTML, like Gecko) Version/17.1.2 Mobile/15E148 Safari/604.1"
94.65.129.70 - - [14/Dec/2023:08:06:11 +0200] "GET /stations/Delacroix-Attiki/OutsideHumidityHistory.gif HTTP/1.1" 200 12989 "http://meteoclima.hua.gr/stations/Delacroix-Attiki/" "Mozilla/5.0 (iPhone; CPU iPhone OS 17_1_2 like Mac OS X) AppleWebKit/605.1.15 (KHTML, like Gecko) Version/17.1.2 Mobile/15E148 Safari/604.1"
94.65.129.70 - - [14/Dec/2023:08:06:11 +0200] "GET /stations/Delacroix-Attiki/DewPointHistory.gif HTTP/1.1" 200 13032 "http://meteoclima.hua.gr/stations/Delacroix-Attiki/" "Mozilla/5.0 (iPhone; CPU iPhone OS 17_1_2 like Mac OS X) AppleWebKit/605.1.15 (KHTML, like Gecko) Version/17.1.2 Mobile/15E148 Safari/604.1"
94.65.129.70 - - [14/Dec/2023:08:06:11 +0200] "GET /stations/Delacroix-Attiki/BarometerHistory.gif HTTP/1.1" 200 12828 "http://meteoclima.hua.gr/stations/Delacroix-Attiki/" "Mozilla/5.0 (iPhone; CPU iPhone OS 17_1_2 like Mac OS X) AppleWebKit/605.1.15 (KHTML, like Gecko) Version/17.1.2 Mobile/15E148 Safari/604.1"
94.65.129.70 - - [14/Dec/2023:08:06:11 +0200] "GET /stations/Delacroix-Attiki/WindDirection.gif HTTP/1.1" 200 4949 "http://meteoclima.hua.gr/stations/Delacroix-Attiki/" "Mozilla/5.0 (iPhone; CPU iPhone OS 17_1_2 like Mac OS X) AppleWebKit/605.1.15 (KHTML, like Gecko) Version/17.1.2 Mobile/15E148 Safari/604.1"
94.65.129.70 - - [14/Dec/2023:08:06:11 +0200] "GET /stations/Delacroix-Attiki/WindSpeed.gif HTTP/1.1" 200 4852 "http://meteoclima.hua.gr/stations/Delacroix-Attiki/" "Mozilla/5.0 (iPhone; CPU iPhone OS 17_1_2 like Mac OS X) AppleWebKit/605.1.15 (KHTML, like Gecko) Version/17.1.2 Mobile/15E148 Safari/604.1"
94.65.129.70 - - [14/Dec/2023:08:06:11 +0200] "GET /stations/Delacroix-Attiki/10MinAvgWindSpeed.gif HTTP/1.1" 200 4780 "http://meteoclima.hua.gr/stations/Delacroix-Attiki/" "Mozilla/5.0 (iPhone; CPU iPhone OS 17_1_2 like Mac OS X) AppleWebKit/605.1.15 (KHTML, like Gecko) Version/17.1.2 Mobile/15E148 Safari/604.1"
94.65.129.70 - - [14/Dec/2023:08:06:11 +0200] "GET /stations/Delacroix-Attiki/Rain.gif HTTP/1.1" 200 4906 "http://meteoclima.hua.gr/stations/Delacroix-Attiki/" "Mozilla/5.0 (iPhone; CPU iPhone OS 17_1_2 like Mac OS X) AppleWebKit/605.1.15 (KHTML, like Gecko) Version/17.1.2 Mobile/15E148 Safari/604.1"
94.65.129.70 - - [14/Dec/2023:08:06:11 +0200] "GET /stations/Delacroix-Attiki/RainStorm.gif HTTP/1.1" 200 4924 "http://meteoclima.hua.gr/stations/Delacroix-Attiki/" "Mozilla/5.0 (iPhone; CPU iPhone OS 17_1_2 like Mac OS X) AppleWebKit/605.1.15 (KHTML, like Gecko) Version/17.1.2 Mobile/15E148 Safari/604.1"
94.65.129.70 - - [14/Dec/2023:08:06:11 +0200] "GET /stations/Delacroix-Attiki/RainRate.gif HTTP/1.1" 200 6185 "http://meteoclima.hua.gr/stations/Delacroix-Attiki/" "Mozilla/5.0 (iPhone; CPU iPhone OS 17_1_2 like Mac OS X) AppleWebKit/605.1.15 (KHTML, like Gecko) Version/17.1.2 Mobile/15E148 Safari/604.1"
94.65.129.70 - - [14/Dec/2023:08:06:11 +0200] "GET /stations/Delacroix-Attiki/MonthlyRain.gif HTTP/1.1" 200 4551 "http://meteoclima.hua.gr/stations/Delacroix-Attiki/" "Mozilla/5.0 (iPhone; CPU iPhone OS 17_1_2 like Mac OS X) AppleWebKit/605.1.15 (KHTML, like Gecko) Version/17.1.2 Mobile/15E148 Safari/604.1"
94.65.129.70 - - [14/Dec/2023:08:06:11 +0200] "GET /stations/Delacroix-Attiki/YearlyRain.gif HTTP/1.1" 200 5512 "http://meteoclima.hua.gr/stations/Delacroix-Attiki/" "Mozilla/5.0 (iPhone; CPU iPhone OS 17_1_2 like Mac OS X) AppleWebKit/605.1.15 (KHTML, like Gecko) Version/17.1.2 Mobile/15E148 Safari/604.1"
94.65.129.70 - - [14/Dec/2023:08:06:11 +0200] "GET /stations/Delacroix-Attiki/meteoSearchBanner.jpg HTTP/1.1" 304 181 "http://meteoclima.hua.gr/stations/Delacroix-Attiki/" "Mozilla/5.0 (iPhone; CPU iPhone OS 17_1_2 like Mac OS X) AppleWebKit/605.1.15 (KHTML, like Gecko) Version/17.1.2 Mobile/15E148 Safari/604.1"
::1 - - [14/Dec/2023:08:06:16 +0200] "OPTIONS * HTTP/1.0" 200 126 "-" "Apache/2.4.10 (Debian) OpenSSL/1.0.1t mod_perl/2.0.9dev Perl/v5.20.2 (internal dummy connection)"
218.188.96.116 - - [14/Dec/2023:08:06:47 +0200] "GET /e/DownSys/play/images/top_l.gif HTTP/1.1" 301 627 "http://webms.hua.gr/e/DownSys/play/images/top_l.gif" "Mozilla/5.0 (Windows NT 10.0; Win64; x64) AppleWebKit/537.36 (KHTML, like Gecko) Chrome/83.0.4103.61 Safari/537.36"
143.233.252.2 - - [14/Dec/2023:08:06:47 +0200] "GET /stations/Delacroix-Attiki/ HTTP/1.1" 200 4529 "-" "Mozilla/5.0 (Windows NT 10.0; Win64; x64; rv:120.0) Gecko/20100101 Firefox/120.0"
143.233.252.2 - - [14/Dec/2023:08:06:48 +0200] "GET /stations/Delacroix-Attiki/Davis.jpg HTTP/1.1" 200 7492 "http://meteoclima.hua.gr/stations/Delacroix-Attiki/" "Mozilla/5.0 (Windows NT 10.0; Win64; x64; rv:120.0) Gecko/20100101 Firefox/120.0"
143.233.252.2 - - [14/Dec/2023:08:06:48 +0200] "GET /stations/Delacroix-Attiki/logo.jpg HTTP/1.1" 200 5546 "http://meteoclima.hua.gr/stations/Delacroix-Attiki/" "Mozilla/5.0 (Windows NT 10.0; Win64; x64; rv:120.0) Gecko/20100101 Firefox/120.0"
143.233.252.2 - - [14/Dec/2023:08:06:48 +0200] "GET /stations/Delacroix-Attiki/OutsideTempHistory.gif HTTP/1.1" 200 12682 "http://meteoclima.hua.gr/stations/Delacroix-Attiki/" "Mozilla/5.0 (Windows NT 10.0; Win64; x64; rv:120.0) Gecko/20100101 Firefox/120.0"
143.233.252.2 - - [14/Dec/2023:08:06:48 +0200] "GET /stations/Delacroix-Attiki/YearlyRain.gif HTTP/1.1" 200 5512 "http://meteoclima.hua.gr/stations/Delacroix-Attiki/" "Mozilla/5.0 (Windows NT 10.0; Win64; x64; rv:120.0) Gecko/20100101 Firefox/120.0"
143.233.252.2 - - [14/Dec/2023:08:06:48 +0200] "GET /stations/Delacroix-Attiki/OutsideHumidityHistory.gif HTTP/1.1" 200 12989 "http://meteoclima.hua.gr/stations/Delacroix-Attiki/" "Mozilla/5.0 (Windows NT 10.0; Win64; x64; rv:120.0) Gecko/20100101 Firefox/120.0"
143.233.252.2 - - [14/Dec/2023:08:06:48 +0200] "GET /stations/Delacroix-Attiki/WindSpeedHistory.gif HTTP/1.1" 200 14277 "http://meteoclima.hua.gr/stations/Delacroix-Attiki/" "Mozilla/5.0 (Windows NT 10.0; Win64; x64; rv:120.0) Gecko/20100101 Firefox/120.0"
143.233.252.2 - - [14/Dec/2023:08:06:48 +0200] "GET /stations/Delacroix-Attiki/WindDirectionHistory.gif HTTP/1.1" 200 12876 "http://meteoclima.hua.gr/stations/Delacroix-Attiki/" "Mozilla/5.0 (Windows NT 10.0; Win64; x64; rv:120.0) Gecko/20100101 Firefox/120.0"
143.233.252.2 - - [14/Dec/2023:08:06:48 +0200] "GET /stations/Delacroix-Attiki/BarometerHistory.gif HTTP/1.1" 200 12828 "http://meteoclima.hua.gr/stations/Delacroix-Attiki/" "Mozilla/5.0 (Windows NT 10.0; Win64; x64; rv:120.0) Gecko/20100101 Firefox/120.0"
143.233.252.2 - - [14/Dec/2023:08:06:48 +0200] "GET /stations/Delacroix-Attiki/DewPointHistory.gif HTTP/1.1" 200 13032 "http://meteoclima.hua.gr/stations/Delacroix-Attiki/" "Mozilla/5.0 (Windows NT 10.0; Win64; x64; rv:120.0) Gecko/20100101 Firefox/120.0"
143.233.252.2 - - [14/Dec/2023:08:06:48 +0200] "GET /stations/Delacroix-Attiki/WindDirection.gif HTTP/1.1" 200 4949 "http://meteoclima.hua.gr/stations/Delacroix-Attiki/" "Mozilla/5.0 (Windows NT 10.0; Win64; x64; rv:120.0) Gecko/20100101 Firefox/120.0"
143.233.252.2 - - [14/Dec/2023:08:06:48 +0200] "GET /stations/Delacroix-Attiki/WindSpeed.gif HTTP/1.1" 200 4852 "http://meteoclima.hua.gr/stations/Delacroix-Attiki/" "Mozilla/5.0 (Windows NT 10.0; Win64; x64; rv:120.0) Gecko/20100101 Firefox/120.0"
143.233.252.2 - - [14/Dec/2023:08:06:48 +0200] "GET /stations/Delacroix-Attiki/10MinAvgWindSpeed.gif HTTP/1.1" 200 4780 "http://meteoclima.hua.gr/stations/Delacroix-Attiki/" "Mozilla/5.0 (Windows NT 10.0; Win64; x64; rv:120.0) Gecko/20100101 Firefox/120.0"
143.233.252.2 - - [14/Dec/2023:08:06:48 +0200] "GET /stations/Delacroix-Attiki/Rain.gif HTTP/1.1" 200 4906 "http://meteoclima.hua.gr/stations/Delacroix-Attiki/" "Mozilla/5.0 (Windows NT 10.0; Win64; x64; rv:120.0) Gecko/20100101 Firefox/120.0"
143.233.252.2 - - [14/Dec/2023:08:06:48 +0200] "GET /stations/Delacroix-Attiki/RainStorm.gif HTTP/1.1" 200 4924 "http://meteoclima.hua.gr/stations/Delacroix-Attiki/" "Mozilla/5.0 (Windows NT 10.0; Win64; x64; rv:120.0) Gecko/20100101 Firefox/120.0"
143.233.252.2 - - [14/Dec/2023:08:06:48 +0200] "GET /stations/Delacroix-Attiki/RainRate.gif HTTP/1.1" 200 6185 "http://meteoclima.hua.gr/stations/Delacroix-Attiki/" "Mozilla/5.0 (Windows NT 10.0; Win64; x64; rv:120.0) Gecko/20100101 Firefox/120.0"
143.233.252.2 - - [14/Dec/2023:08:06:48 +0200] "GET /stations/Delacroix-Attiki/MonthlyRain.gif HTTP/1.1" 200 4551 "http://meteoclima.hua.gr/stations/Delacroix-Attiki/" "Mozilla/5.0 (Windows NT 10.0; Win64; x64; rv:120.0) Gecko/20100101 Firefox/120.0"
143.233.252.2 - - [14/Dec/2023:08:06:48 +0200] "GET /stations/Delacroix-Attiki/RainHistory.gif HTTP/1.1" 200 11757 "http://meteoclima.hua.gr/stations/Delacroix-Attiki/" "Mozilla/5.0 (Windows NT 10.0; Win64; x64; rv:120.0) Gecko/20100101 Firefox/120.0"
143.233.252.2 - - [14/Dec/2023:08:06:48 +0200] "GET /stations/Delacroix-Attiki/RainRateHistory.gif HTTP/1.1" 200 11928 "http://meteoclima.hua.gr/stations/Delacroix-Attiki/" "Mozilla/5.0 (Windows NT 10.0; Win64; x64; rv:120.0) Gecko/20100101 Firefox/120.0"
143.233.252.2 - - [14/Dec/2023:08:06:48 +0200] "GET /stations/Delacroix-Attiki/meteoSearchBanner.jpg HTTP/1.1" 304 181 "http://meteoclima.hua.gr/stations/Delacroix-Attiki/" "Mozilla/5.0 (Windows NT 10.0; Win64; x64; rv:120.0) Gecko/20100101 Firefox/120.0"
218.188.96.116 - - [14/Dec/2023:08:06:48 +0200] "GET /d/txt/test.txt HTTP/1.1" 301 593 "http://webms.hua.gr/d/txt/test.txt" "Mozilla/5.0 (Windows NT 10.0; Win64; x64) AppleWebKit/537.36 (KHTML, like Gecko) Chrome/83.0.4103.61 Safari/537.36"
218.188.96.116 - - [14/Dec/2023:08:06:49 +0200] "GET /d/js/acmsd/close_o.gif HTTP/1.1" 301 609 "http://webms.hua.gr/d/js/acmsd/close_o.gif" "Mozilla/5.0 (Windows NT 10.0; Win64; x64) AppleWebKit/537.36 (KHTML, like Gecko) Chrome/83.0.4103.61 Safari/537.36"
218.188.96.116 - - [14/Dec/2023:08:06:50 +0200] "GET /e/DoInfo/AddInfo.php HTTP/1.1" 301 605 "http://webms.hua.gr/e/DoInfo/AddInfo.php" "Mozilla/5.0 (Windows NT 10.0; Win64; x64) AppleWebKit/537.36 (KHTML, like Gecko) Chrome/83.0.4103.61 Safari/537.36"
195.251.31.193 - - [14/Dec/2023:08:06:52 +0200] "POST /citymodel/1C000017/test2.php/1C0000170351000761880000000000000000000007A800015B2A00152C00172B000F0407D8000B00100011201E HTTP/1.1" 200 320 "-" "-"
::1 - - [14/Dec/2023:08:06:53 +0200] "OPTIONS * HTTP/1.0" 200 126 "-" "Apache/2.4.10 (Debian) OpenSSL/1.0.1t mod_perl/2.0.9dev Perl/v5.20.2 (internal dummy connection)"
::1 - - [14/Dec/2023:08:06:57 +0200] "OPTIONS * HTTP/1.0" 200 126 "-" "Apache/2.4.10 (Debian) OpenSSL/1.0.1t mod_perl/2.0.9dev Perl/v5.20.2 (internal dummy connection)"
195.251.31.193 - - [14/Dec/2023:08:07:52 +0200] "POST /citymodel/1C000017/test2.php/1C0000170351000761C40000000000000000000007A800015B2A00152C00172B000F0407D8000B000F00112012 HTTP/1.1" 200 320 "-" "-"
83.212.240.12 - - [14/Dec/2023:08:07:54 +0200] "POST /wp-cron.php?doing_wp_cron=1702534074.2076730728149414062500 HTTP/1.1" 200 166 "http://esa13thconference.eu/wp-cron.php?doing_wp_cron=1702534074.2076730728149414062500" "WordPress/4.9.6; http://esa13thconference.eu"
184.168.126.98 - - [14/Dec/2023:08:07:53 +0200] "POST /wp-login.php HTTP/1.1" 200 2305 "-" "Mozilla/5.0 (Windows NT 6.3; WOW64) AppleWebKit/537.36 (KHTML, like Gecko) Chrome/46.0.2490.80 Safari/537.36"
83.212.240.12 - - [14/Dec/2023:08:08:33 +0200] "POST /wp-cron.php?doing_wp_cron=1702534113.6957409381866455078125 HTTP/1.1" 200 166 "http://esa13thconference.eu/wp-cron.php?doing_wp_cron=1702534113.6957409381866455078125" "WordPress/4.9.6; http://esa13thconference.eu"
199.195.249.219 - - [14/Dec/2023:08:08:33 +0200] "GET /wp-login.php HTTP/1.1" 200 3736 "-" "Mozilla/5.0 (iPad; CPU OS 7_1_2 like Mac OS X) AppleWebKit/537.51.2 (KHTML, like Gecko) Version/7.0 Mobile/11D257 Safari/9537.53"
83.212.240.12 - - [14/Dec/2023:08:08:34 +0200] "POST /wp-cron.php?doing_wp_cron=1702534114.4758269786834716796875 HTTP/1.1" 200 166 "http://esa13thconference.eu/wp-cron.php?doing_wp_cron=1702534114.4758269786834716796875" "WordPress/4.9.6; http://esa13thconference.eu"
199.195.249.219 - - [14/Dec/2023:08:08:34 +0200] "POST /wp-login.php HTTP/1.1" 200 4870 "-" "Mozilla/5.0 (iPad; CPU OS 7_1_2 like Mac OS X) AppleWebKit/537.51.2 (KHTML, like Gecko) Version/7.0 Mobile/11D257 Safari/9537.53"
77.232.40.76 - - [14/Dec/2023:08:08:42 +0200] "GET /index.php HTTP/1.0" 200 49392 "http://meteoclima.hua.gr/index.php" "Mozilla/5.0 (Windows NT 6.1; Win64; x64) AppleWebKit/537.36 (KHTML, like Gecko) Chrome/103.0.5060.66 Safari/537.36"
77.232.40.76 - - [14/Dec/2023:08:08:42 +0200] "GET /index.php?option=com_users&view=registration HTTP/1.0" 200 37463 "http://meteoclima.hua.gr/index.php?option=com_users&view=registration" "Mozilla/5.0 (Windows NT 6.1; Win64; x64) AppleWebKit/537.36 (KHTML, like Gecko) Chrome/103.0.5060.66 Safari/537.36"
77.232.40.76 - - [14/Dec/2023:08:08:43 +0200] "POST /index.php?option=com_users&task=registration.register HTTP/1.0" 303 230 "http://meteoclima.hua.gr/index.php?option=com_users&view=registration" "Mozilla/5.0 (Windows NT 6.1; Win64; x64) AppleWebKit/537.36 (KHTML, like Gecko) Chrome/103.0.5060.66 Safari/537.36"
77.232.40.76 - - [14/Dec/2023:08:08:43 +0200] "GET /index.php?option=com_users&view=registration HTTP/1.0" 200 37895 "http://meteoclima.hua.gr/index.php?option=com_users&view=registration" "Mozilla/5.0 (Windows NT 6.1; Win64; x64) AppleWebKit/537.36 (KHTML, like Gecko) Chrome/103.0.5060.66 Safari/537.36"
77.232.40.76 - - [14/Dec/2023:08:08:43 +0200] "GET /index.php?option=com_users&view=login HTTP/1.0" 200 34839 "http://meteoclima.hua.gr/index.php?option=com_users&view=login" "Mozilla/5.0 (Windows NT 6.1; Win64; x64) AppleWebKit/537.36 (KHTML, like Gecko) Chrome/103.0.5060.66 Safari/537.36"
77.232.40.76 - - [14/Dec/2023:08:08:44 +0200] "POST /index.php?option=com_users&task=user.login HTTP/1.0" 200 1843 "http://meteoclima.hua.gr/index.php?option=com_users&view=login" "Mozilla/5.0 (Windows NT 6.1; Win64; x64) AppleWebKit/537.36 (KHTML, like Gecko) Chrome/103.0.5060.66 Safari/537.36"
77.232.40.76 - - [14/Dec/2023:08:08:44 +0200] "GET /index.php HTTP/1.0" 200 49189 "http://meteoclima.hua.gr/index.php" "Mozilla/5.0 (Windows NT 6.1; Win64; x64) AppleWebKit/537.36 (KHTML, like Gecko) Chrome/103.0.5060.66 Safari/537.36"
195.251.31.193 - - [14/Dec/2023:08:08:52 +0200] "POST /citymodel/1C000017/test2.php/1C0000170351000762000000000000000000000007A800015B2A00152C00172B000F0407D9000A0010001220C6 HTTP/1.1" 200 320 "-" "-"
195.251.31.193 - - [14/Dec/2023:08:09:52 +0200] "POST /citymodel/1C000017/test2.php/1C00001703510007623C0000000000000000000007A800015B2A00152C00162B000F0407D9000A0010001220B5 HTTP/1.1" 200 320 "-" "-"
194.177.195.232 - - [14/Dec/2023:08:10:01 +0200] "GET /stations/Delacroix-Attiki/downld02.txt HTTP/1.1" 200 52215 "-" "curl/7.64.0"
194.177.195.232 - - [14/Dec/2023:08:10:01 +0200] "GET /stations/Delacroix-Attiki/downld08.txt HTTP/1.1" 200 231065 "-" "curl/7.64.0"
194.177.195.232 - - [14/Dec/2023:08:10:02 +0200] "GET /stations/Delacroix-Attiki/ZWNTANA.htm HTTP/1.1" 200 2293 "-" "curl/7.64.0"
194.177.195.232 - - [14/Dec/2023:08:10:02 +0200] "GET /stations/Delacroix-Attiki/NOAAMO.TXT HTTP/1.1" 200 2288 "-" "curl/7.64.0"
194.177.195.232 - - [14/Dec/2023:08:10:02 +0200] "GET /stations/Delacroix-Attiki/NOAAPRMO.TXT HTTP/1.1" 200 3610 "-" "curl/7.64.0"
194.177.195.232 - - [14/Dec/2023:08:10:02 +0200] "GET /stations/Delacroix-Attiki/NOAAYR.TXT HTTP/1.1" 200 3470 "-" "curl/7.64.0"
194.177.195.232 - - [14/Dec/2023:08:10:02 +0200] "GET /stations/Delacroix-Attiki/NOAAPRYR.TXT HTTP/1.1" 200 3470 "-" "curl/7.64.0"
194.177.195.232 - - [14/Dec/2023:08:10:02 +0200] "GET /stations/derveni/downld02.txt HTTP/1.1" 200 40416 "-" "curl/7.64.0"
194.177.195.232 - - [14/Dec/2023:08:10:02 +0200] "GET /stations/derveni/downld08.txt HTTP/1.1" 200 219266 "-" "curl/7.64.0"
194.177.195.232 - - [14/Dec/2023:08:10:02 +0200] "GET /stations/derveni/ZWNTANA.htm HTTP/1.1" 200 2349 "-" "curl/7.64.0"
194.177.195.232 - - [14/Dec/2023:08:10:02 +0200] "GET /stations/derveni/NOAAMO.TXT HTTP/1.1" 200 2362 "-" "curl/7.64.0"
194.177.195.232 - - [14/Dec/2023:08:10:02 +0200] "GET /stations/derveni/NOAAPRMO.TXT HTTP/1.1" 200 1269 "-" "curl/7.64.0"
194.177.195.232 - - [14/Dec/2023:08:10:02 +0200] "GET /stations/derveni/NOAAYR.TXT HTTP/1.1" 200 1937 "-" "curl/7.64.0"
194.177.195.232 - - [14/Dec/2023:08:10:02 +0200] "GET /stations/derveni/NOAAPRYR.TXT HTTP/1.1" 200 1803 "-" "curl/7.64.0"
194.177.195.232 - - [14/Dec/2023:08:10:02 +0200] "GET /stations/geraki/downld02.txt HTTP/1.1" 200 40623 "-" "curl/7.64.0"
194.177.195.232 - - [14/Dec/2023:08:10:02 +0200] "GET /stations/geraki/downld08.txt HTTP/1.1" 200 219473 "-" "curl/7.64.0"
194.177.195.232 - - [14/Dec/2023:08:10:02 +0200] "GET /stations/geraki/ZWNTANA.htm HTTP/1.1" 200 2342 "-" "curl/7.64.0"
194.177.195.232 - - [14/Dec/2023:08:10:02 +0200] "GET /stations/geraki/NOAAMO.TXT HTTP/1.1" 200 2392 "-" "curl/7.64.0"
194.177.195.232 - - [14/Dec/2023:08:10:02 +0200] "GET /stations/geraki/NOAAPRMO.TXT HTTP/1.1" 200 3637 "-" "curl/7.64.0"
194.177.195.232 - - [14/Dec/2023:08:10:02 +0200] "GET /stations/geraki/NOAAYR.TXT HTTP/1.1" 200 3495 "-" "curl/7.64.0"
194.177.195.232 - - [14/Dec/2023:08:10:02 +0200] "GET /stations/geraki/NOAAPRYR.TXT HTTP/1.1" 200 3495 "-" "curl/7.64.0"
194.177.195.232 - - [14/Dec/2023:08:10:02 +0200] "GET /stations/Harokopio-Athens/downld02.txt HTTP/1.1" 200 65583 "-" "curl/7.64.0"
194.177.195.232 - - [14/Dec/2023:08:10:02 +0200] "GET /stations/Harokopio-Athens/downld08.txt HTTP/1.1" 200 355025 "-" "curl/7.64.0"
194.177.195.232 - - [14/Dec/2023:08:10:02 +0200] "GET /stations/Harokopio-Athens/ZWNTANA.htm HTTP/1.1" 200 2296 "-" "curl/7.64.0"
194.177.195.232 - - [14/Dec/2023:08:10:02 +0200] "GET /stations/Harokopio-Athens/NOAAMO.TXT HTTP/1.1" 200 2395 "-" "curl/7.64.0"
194.177.195.232 - - [14/Dec/2023:08:10:02 +0200] "GET /stations/Harokopio-Athens/NOAAPRMO.TXT HTTP/1.1" 200 3638 "-" "curl/7.64.0"
194.177.195.232 - - [14/Dec/2023:08:10:02 +0200] "GET /stations/Harokopio-Athens/NOAAYR.TXT HTTP/1.1" 200 3498 "-" "curl/7.64.0"
194.177.195.232 - - [14/Dec/2023:08:10:02 +0200] "GET /stations/Harokopio-Athens/NOAAPRYR.TXT HTTP/1.1" 200 3498 "-" "curl/7.64.0"
66.249.66.34 - - [14/Dec/2023:08:10:04 +0200] "GET /index.php?option=com_content&view=article&id=157&Itemid=94 HTTP/1.1" 200 8199 "-" "Mozilla/5.0 (Linux; Android 6.0.1; Nexus 5X Build/MMB29P) AppleWebKit/537.36 (KHTML, like Gecko) Chrome/120.0.6099.71 Mobile Safari/537.36 (compatible; Googlebot/2.1; +http://www.google.com/bot.html)"
66.249.66.14 - - [14/Dec/2023:08:10:04 +0200] "GET /diatrofi/forum/ratethread.php?tid=6044&rating=4&my_post_key=22d796b2fe1e2325a381e36433098319 HTTP/1.1" 200 8011 "-" "Mozilla/5.0 (Linux; Android 6.0.1; Nexus 5X Build/MMB29P) AppleWebKit/537.36 (KHTML, like Gecko) Chrome/120.0.6099.71 Mobile Safari/537.36 (compatible; Googlebot/2.1; +http://www.google.com/bot.html)"
194.177.195.232 - - [14/Dec/2023:08:10:05 +0200] "GET /stations/salamina/downld02.txt HTTP/1.1" 200 52422 "-" "curl/7.64.0"
194.177.195.232 - - [14/Dec/2023:08:10:05 +0200] "GET /stations/salamina/downld08.txt HTTP/1.1" 200 231272 "-" "curl/7.64.0"
194.177.195.232 - - [14/Dec/2023:08:10:05 +0200] "GET /stations/salamina/ZWNTANA.htm HTTP/1.1" 200 2295 "-" "curl/7.64.0"
194.177.195.232 - - [14/Dec/2023:08:10:05 +0200] "GET /stations/salamina/NOAAMO.TXT HTTP/1.1" 200 2316 "-" "curl/7.64.0"
194.177.195.232 - - [14/Dec/2023:08:10:05 +0200] "GET /stations/salamina/NOAAPRMO.TXT HTTP/1.1" 200 3638 "-" "curl/7.64.0"
194.177.195.232 - - [14/Dec/2023:08:10:05 +0200] "GET /stations/salamina/NOAAYR.TXT HTTP/1.1" 200 3497 "-" "curl/7.64.0"
194.177.195.232 - - [14/Dec/2023:08:10:05 +0200] "GET /stations/salamina/NOAAPRYR.TXT HTTP/1.1" 200 3497 "-" "curl/7.64.0"
74.208.68.9 - - [14/Dec/2023:08:10:28 +0200] "GET /stations/derveni/downld02.txt HTTP/1.1" 200 6169 "-" "Mozilla/5.0 (Windows NT 10.0; Win64; x64; rv:69.0) Gecko/20100101 Firefox/69.0"
83.212.240.12 - - [14/Dec/2023:08:10:36 +0200] "POST /wp-cron.php?doing_wp_cron=1702534236.0595259666442871093750 HTTP/1.1" 200 166 "http://esa13thconference.eu/wp-cron.php?doing_wp_cron=1702534236.0595259666442871093750" "WordPress/4.9.6; http://esa13thconference.eu"
185.241.208.80 - - [14/Dec/2023:08:10:35 +0200] "POST /wp-login.php?action=register HTTP/1.1" 302 3789 "-" "-"
74.208.68.9 - - [14/Dec/2023:08:10:36 +0200] "GET /stations/geraki/downld02.txt HTTP/1.1" 200 6222 "-" "Mozilla/5.0 (Windows NT 10.0; Win64; x64; rv:69.0) Gecko/20100101 Firefox/69.0"
74.208.68.9 - - [14/Dec/2023:08:10:42 +0200] "GET /stations/salamina/downld02.txt HTTP/1.1" 200 7121 "-" "Mozilla/5.0 (Windows NT 10.0; Win64; x64; rv:69.0) Gecko/20100101 Firefox/69.0"
195.251.31.193 - - [14/Dec/2023:08:10:52 +0200] "POST /citymodel/1C000017/test2.php/1C0000170351000762780000000000000000000007A800015B2A00152C00162B000F0407D9000A000F00102067 HTTP/1.1" 200 320 "-" "-"
74.208.68.9 - - [14/Dec/2023:08:10:55 +0200] "GET /stations/Harokopio-Athens/downld02.txt HTTP/1.1" 200 6990 "-" "Mozilla/5.0 (Windows NT 10.0; Win64; x64; rv:69.0) Gecko/20100101 Firefox/69.0"
74.208.68.9 - - [14/Dec/2023:08:11:20 +0200] "GET /stations/Delacroix-Attiki/downld02.txt HTTP/1.1" 200 8449 "-" "Mozilla/5.0 (Windows NT 10.0; Win64; x64; rv:69.0) Gecko/20100101 Firefox/69.0"
143.233.252.2 - - [14/Dec/2023:08:11:48 +0200] "GET /stations/Delacroix-Attiki/ HTTP/1.1" 200 4529 "-" "Mozilla/5.0 (Windows NT 10.0; Win64; x64; rv:120.0) Gecko/20100101 Firefox/120.0"
143.233.252.2 - - [14/Dec/2023:08:11:48 +0200] "GET /stations/Delacroix-Attiki/Davis.jpg HTTP/1.1" 200 7492 "http://meteoclima.hua.gr/stations/Delacroix-Attiki/" "Mozilla/5.0 (Windows NT 10.0; Win64; x64; rv:120.0) Gecko/20100101 Firefox/120.0"
143.233.252.2 - - [14/Dec/2023:08:11:48 +0200] "GET /stations/Delacroix-Attiki/logo.jpg HTTP/1.1" 200 5546 "http://meteoclima.hua.gr/stations/Delacroix-Attiki/" "Mozilla/5.0 (Windows NT 10.0; Win64; x64; rv:120.0) Gecko/20100101 Firefox/120.0"
143.233.252.2 - - [14/Dec/2023:08:11:48 +0200] "GET /stations/Delacroix-Attiki/WindDirectionHistory.gif HTTP/1.1" 304 181 "http://meteoclima.hua.gr/stations/Delacroix-Attiki/" "Mozilla/5.0 (Windows NT 10.0; Win64; x64; rv:120.0) Gecko/20100101 Firefox/120.0"
143.233.252.2 - - [14/Dec/2023:08:11:48 +0200] "GET /stations/Delacroix-Attiki/BarometerHistory.gif HTTP/1.1" 304 181 "http://meteoclima.hua.gr/stations/Delacroix-Attiki/" "Mozilla/5.0 (Windows NT 10.0; Win64; x64; rv:120.0) Gecko/20100101 Firefox/120.0"
143.233.252.2 - - [14/Dec/2023:08:11:48 +0200] "GET /stations/Delacroix-Attiki/WindSpeedHistory.gif HTTP/1.1" 304 182 "http://meteoclima.hua.gr/stations/Delacroix-Attiki/" "Mozilla/5.0 (Windows NT 10.0; Win64; x64; rv:120.0) Gecko/20100101 Firefox/120.0"
143.233.252.2 - - [14/Dec/2023:08:11:48 +0200] "GET /stations/Delacroix-Attiki/DewPointHistory.gif HTTP/1.1" 304 182 "http://meteoclima.hua.gr/stations/Delacroix-Attiki/" "Mozilla/5.0 (Windows NT 10.0; Win64; x64; rv:120.0) Gecko/20100101 Firefox/120.0"
143.233.252.2 - - [14/Dec/2023:08:11:48 +0200] "GET /stations/Delacroix-Attiki/WindDirection.gif HTTP/1.1" 304 182 "http://meteoclima.hua.gr/stations/Delacroix-Attiki/" "Mozilla/5.0 (Windows NT 10.0; Win64; x64; rv:120.0) Gecko/20100101 Firefox/120.0"
143.233.252.2 - - [14/Dec/2023:08:11:48 +0200] "GET /stations/Delacroix-Attiki/WindSpeed.gif HTTP/1.1" 304 182 "http://meteoclima.hua.gr/stations/Delacroix-Attiki/" "Mozilla/5.0 (Windows NT 10.0; Win64; x64; rv:120.0) Gecko/20100101 Firefox/120.0"
143.233.252.2 - - [14/Dec/2023:08:11:48 +0200] "GET /stations/Delacroix-Attiki/10MinAvgWindSpeed.gif HTTP/1.1" 304 181 "http://meteoclima.hua.gr/stations/Delacroix-Attiki/" "Mozilla/5.0 (Windows NT 10.0; Win64; x64; rv:120.0) Gecko/20100101 Firefox/120.0"
143.233.252.2 - - [14/Dec/2023:08:11:48 +0200] "GET /stations/Delacroix-Attiki/Rain.gif HTTP/1.1" 304 181 "http://meteoclima.hua.gr/stations/Delacroix-Attiki/" "Mozilla/5.0 (Windows NT 10.0; Win64; x64; rv:120.0) Gecko/20100101 Firefox/120.0"
143.233.252.2 - - [14/Dec/2023:08:11:48 +0200] "GET /stations/Delacroix-Attiki/RainStorm.gif HTTP/1.1" 304 181 "http://meteoclima.hua.gr/stations/Delacroix-Attiki/" "Mozilla/5.0 (Windows NT 10.0; Win64; x64; rv:120.0) Gecko/20100101 Firefox/120.0"
143.233.252.2 - - [14/Dec/2023:08:11:48 +0200] "GET /stations/Delacroix-Attiki/RainRate.gif HTTP/1.1" 304 181 "http://meteoclima.hua.gr/stations/Delacroix-Attiki/" "Mozilla/5.0 (Windows NT 10.0; Win64; x64; rv:120.0) Gecko/20100101 Firefox/120.0"
143.233.252.2 - - [14/Dec/2023:08:11:48 +0200] "GET /stations/Delacroix-Attiki/MonthlyRain.gif HTTP/1.1" 304 181 "http://meteoclima.hua.gr/stations/Delacroix-Attiki/" "Mozilla/5.0 (Windows NT 10.0; Win64; x64; rv:120.0) Gecko/20100101 Firefox/120.0"
143.233.252.2 - - [14/Dec/2023:08:11:48 +0200] "GET /stations/Delacroix-Attiki/YearlyRain.gif HTTP/1.1" 304 181 "http://meteoclima.hua.gr/stations/Delacroix-Attiki/" "Mozilla/5.0 (Windows NT 10.0; Win64; x64; rv:120.0) Gecko/20100101 Firefox/120.0"
143.233.252.2 - - [14/Dec/2023:08:11:48 +0200] "GET /stations/Delacroix-Attiki/meteoSearchBanner.jpg HTTP/1.1" 304 181 "http://meteoclima.hua.gr/stations/Delacroix-Attiki/" "Mozilla/5.0 (Windows NT 10.0; Win64; x64; rv:120.0) Gecko/20100101 Firefox/120.0"
143.233.252.2 - - [14/Dec/2023:08:11:48 +0200] "GET /stations/Delacroix-Attiki/OutsideTempHistory.gif HTTP/1.1" 304 181 "http://meteoclima.hua.gr/stations/Delacroix-Attiki/" "Mozilla/5.0 (Windows NT 10.0; Win64; x64; rv:120.0) Gecko/20100101 Firefox/120.0"
143.233.252.2 - - [14/Dec/2023:08:11:48 +0200] "GET /stations/Delacroix-Attiki/OutsideHumidityHistory.gif HTTP/1.1" 304 181 "http://meteoclima.hua.gr/stations/Delacroix-Attiki/" "Mozilla/5.0 (Windows NT 10.0; Win64; x64; rv:120.0) Gecko/20100101 Firefox/120.0"
143.233.252.2 - - [14/Dec/2023:08:11:48 +0200] "GET /stations/Delacroix-Attiki/RainHistory.gif HTTP/1.1" 304 181 "http://meteoclima.hua.gr/stations/Delacroix-Attiki/" "Mozilla/5.0 (Windows NT 10.0; Win64; x64; rv:120.0) Gecko/20100101 Firefox/120.0"
143.233.252.2 - - [14/Dec/2023:08:11:48 +0200] "GET /stations/Delacroix-Attiki/RainRateHistory.gif HTTP/1.1" 304 181 "http://meteoclima.hua.gr/stations/Delacroix-Attiki/" "Mozilla/5.0 (Windows NT 10.0; Win64; x64; rv:120.0) Gecko/20100101 Firefox/120.0"
195.251.31.193 - - [14/Dec/2023:08:11:52 +0200] "POST /citymodel/1C000017/test2.php/1C0000170351000762B40000000000000000000007A800015B2A00152C00162B000F0407DA000A000F000F206C HTTP/1.1" 200 320 "-" "-"
185.191.171.10 - - [14/Dec/2023:08:11:52 +0200] "GET /hua/index.php/el/2011-08-02-11-25-06/645-pms-ekpaidefsi-kai-politismos-epityxontes-a-katefthynsis-eksetasis-ksenis-glossas?fontstyle=f-smaller HTTP/1.1" 200 9681 "-" "Mozilla/5.0 (compatible; SemrushBot/7~bl; +http://www.semrush.com/bot.html)"
::1 - - [14/Dec/2023:08:11:54 +0200] "OPTIONS * HTTP/1.0" 200 126 "-" "Apache/2.4.10 (Debian) OpenSSL/1.0.1t mod_perl/2.0.9dev Perl/v5.20.2 (internal dummy connection)"
::1 - - [14/Dec/2023:08:11:57 +0200] "OPTIONS * HTTP/1.0" 200 126 "-" "Apache/2.4.10 (Debian) OpenSSL/1.0.1t mod_perl/2.0.9dev Perl/v5.20.2 (internal dummy connection)"
83.212.240.12 - - [14/Dec/2023:08:12:26 +0200] "POST /wp-cron.php?doing_wp_cron=1702534346.1556830406188964843750 HTTP/1.1" 200 166 "http://esa13thconference.eu/wp-cron.php?doing_wp_cron=1702534346.1556830406188964843750" "WordPress/4.9.6; http://esa13thconference.eu"
113.43.208.207 - - [14/Dec/2023:08:12:25 +0200] "POST /wp-login.php HTTP/1.1" 200 2309 "-" "Mozilla/5.0 (Windows NT 6.3; Win64; x64) AppleWebKit/537.36 (KHTML, like Gecko) Chrome/57.0.2987.133 Safari/537.36"
83.212.240.12 - - [14/Dec/2023:08:12:28 +0200] "POST /wp-cron.php?doing_wp_cron=1702534348.1517469882965087890625 HTTP/1.1" 200 166 "http://esa13thconference.eu/wp-cron.php?doing_wp_cron=1702534348.1517469882965087890625" "WordPress/4.9.6; http://esa13thconference.eu"
107.189.3.192 - - [14/Dec/2023:08:12:27 +0200] "GET /wp-login.php HTTP/1.1" 200 3736 "-" "Mozilla/5.0 (Macintosh; Intel Mac OS X 10_6_8) AppleWebKit/537.36 (KHTML, like Gecko) Chrome/36.0.1985.125 Safari/537.36"
83.212.240.12 - - [14/Dec/2023:08:12:28 +0200] "POST /wp-cron.php?doing_wp_cron=1702534348.8356070518493652343750 HTTP/1.1" 200 166 "http://esa13thconference.eu/wp-cron.php?doing_wp_cron=1702534348.8356070518493652343750" "WordPress/4.9.6; http://esa13thconference.eu"
107.189.3.192 - - [14/Dec/2023:08:12:28 +0200] "POST /wp-login.php HTTP/1.1" 200 4868 "-" "Mozilla/5.0 (Macintosh; Intel Mac OS X 10_6_8) AppleWebKit/537.36 (KHTML, like Gecko) Chrome/36.0.1985.125 Safari/537.36"
195.251.31.193 - - [14/Dec/2023:08:12:52 +0200] "POST /citymodel/1C000017/test2.php/1C0000170351000762F00000000000000000000007A800015B2A00152C00172B000F0407DA000A000F000F20A1 HTTP/1.1" 200 320 "-" "-"
83.212.240.12 - - [14/Dec/2023:08:13:09 +0200] "POST /wp-cron.php?doing_wp_cron=1702534389.2699179649353027343750 HTTP/1.1" 200 166 "http://esa13thconference.eu/wp-cron.php?doing_wp_cron=1702534389.2699179649353027343750" "WordPress/4.9.6; http://esa13thconference.eu"
209.141.46.99 - - [14/Dec/2023:08:13:09 +0200] "GET /wp-login.php HTTP/1.1" 200 3732 "-" "Mozilla/5.0 (Macintosh; Intel Mac OS X 10.9; rv:30.0) Gecko/20100101 Firefox/30.0"
83.212.240.12 - - [14/Dec/2023:08:13:10 +0200] "POST /wp-cron.php?doing_wp_cron=1702534390.1069679260253906250000 HTTP/1.1" 200 166 "http://esa13thconference.eu/wp-cron.php?doing_wp_cron=1702534390.1069679260253906250000" "WordPress/4.9.6; http://esa13thconference.eu"
209.141.46.99 - - [14/Dec/2023:08:13:09 +0200] "POST /wp-login.php HTTP/1.1" 200 4866 "-" "Mozilla/5.0 (Macintosh; Intel Mac OS X 10.9; rv:30.0) Gecko/20100101 Firefox/30.0"
83.41.19.243 - - [14/Dec/2023:08:12:34 +0200] "GET /images/stories/data/laps/prec-mslp.d01.000.png HTTP/1.1" 200 1796851 "http://olotmeteo.blogspot.com/" "Mozilla/5.0 (Windows NT 10.0; Win64; x64) AppleWebKit/537.36 (KHTML, like Gecko) Chrome/118.0.0.0 Safari/537.36"
195.251.31.193 - - [14/Dec/2023:08:13:52 +0200] "POST /citymodel/1C000017/test2.php/1C00001703510007632C0000000000000000000007A800015B2A00152C00172B000F0407DB000B001100112085 HTTP/1.1" 200 320 "-" "-"
185.25.20.5 - - [14/Dec/2023:08:14:03 +0200] "GET /stations/derveni/NOAAMO.TXT HTTP/1.0" 200 2381 "-" "-"
185.25.20.5 - - [14/Dec/2023:08:14:03 +0200] "GET /stations/geraki/NOAAMO.TXT HTTP/1.0" 200 2411 "-" "-"
94.71.4.3 - - [14/Dec/2023:08:14:34 +0200] "GET /stations/Harokopio-Athens/ HTTP/1.1" 200 4565 "-" "Mozilla/5.0 (Windows NT 6.1; Win64; x64; rv:109.0) Gecko/20100101 Firefox/115.0"
94.71.4.3 - - [14/Dec/2023:08:14:34 +0200] "GET /stations/Harokopio-Athens/hua_logo.gif HTTP/1.1" 200 3600 "http://meteoclima.hua.gr/stations/Harokopio-Athens/" "Mozilla/5.0 (Windows NT 6.1; Win64; x64; rv:109.0) Gecko/20100101 Firefox/115.0"
94.71.4.3 - - [14/Dec/2023:08:14:34 +0200] "GET /stations/Harokopio-Athens/WindSpeedHistory.gif HTTP/1.1" 200 13157 "http://meteoclima.hua.gr/stations/Harokopio-Athens/" "Mozilla/5.0 (Windows NT 6.1; Win64; x64; rv:109.0) Gecko/20100101 Firefox/115.0"
94.71.4.3 - - [14/Dec/2023:08:14:34 +0200] "GET /stations/Harokopio-Athens/WindDirectionHistory.gif HTTP/1.1" 200 13097 "http://meteoclima.hua.gr/stations/Harokopio-Athens/" "Mozilla/5.0 (Windows NT 6.1; Win64; x64; rv:109.0) Gecko/20100101 Firefox/115.0"
94.71.4.3 - - [14/Dec/2023:08:14:34 +0200] "GET /stations/Harokopio-Athens/DewPointHistory.gif HTTP/1.1" 200 12373 "http://meteoclima.hua.gr/stations/Harokopio-Athens/" "Mozilla/5.0 (Windows NT 6.1; Win64; x64; rv:109.0) Gecko/20100101 Firefox/115.0"
94.71.4.3 - - [14/Dec/2023:08:14:34 +0200] "GET /stations/Harokopio-Athens/BarometerHistory.gif HTTP/1.1" 200 12799 "http://meteoclima.hua.gr/stations/Harokopio-Athens/" "Mozilla/5.0 (Windows NT 6.1; Win64; x64; rv:109.0) Gecko/20100101 Firefox/115.0"
94.71.4.3 - - [14/Dec/2023:08:14:34 +0200] "GET /stations/Harokopio-Athens/SoilTemp1History.gif HTTP/1.1" 200 12596 "http://meteoclima.hua.gr/stations/Harokopio-Athens/" "Mozilla/5.0 (Windows NT 6.1; Win64; x64; rv:109.0) Gecko/20100101 Firefox/115.0"
94.71.4.3 - - [14/Dec/2023:08:14:34 +0200] "GET /stations/Harokopio-Athens/OutsideTempHistory.gif HTTP/1.1" 200 12885 "http://meteoclima.hua.gr/stations/Harokopio-Athens/" "Mozilla/5.0 (Windows NT 6.1; Win64; x64; rv:109.0) Gecko/20100101 Firefox/115.0"
94.71.4.3 - - [14/Dec/2023:08:14:34 +0200] "GET /stations/Harokopio-Athens/SoilMoist1History.gif HTTP/1.1" 200 11971 "http://meteoclima.hua.gr/stations/Harokopio-Athens/" "Mozilla/5.0 (Windows NT 6.1; Win64; x64; rv:109.0) Gecko/20100101 Firefox/115.0"
94.71.4.3 - - [14/Dec/2023:08:14:34 +0200] "GET /stations/Harokopio-Athens/SoilTemp2History.gif HTTP/1.1" 200 12042 "http://meteoclima.hua.gr/stations/Harokopio-Athens/" "Mozilla/5.0 (Windows NT 6.1; Win64; x64; rv:109.0) Gecko/20100101 Firefox/115.0"
94.71.4.3 - - [14/Dec/2023:08:14:34 +0200] "GET /stations/Harokopio-Athens/SoilMoist2History.gif HTTP/1.1" 200 11995 "http://meteoclima.hua.gr/stations/Harokopio-Athens/" "Mozilla/5.0 (Windows NT 6.1; Win64; x64; rv:109.0) Gecko/20100101 Firefox/115.0"
94.71.4.3 - - [14/Dec/2023:08:14:34 +0200] "GET /stations/Harokopio-Athens/SoilTemp3History.gif HTTP/1.1" 200 12033 "http://meteoclima.hua.gr/stations/Harokopio-Athens/" "Mozilla/5.0 (Windows NT 6.1; Win64; x64; rv:109.0) Gecko/20100101 Firefox/115.0"
94.71.4.3 - - [14/Dec/2023:08:14:34 +0200] "GET /stations/Harokopio-Athens/SoilMoist3History.gif HTTP/1.1" 200 11914 "http://meteoclima.hua.gr/stations/Harokopio-Athens/" "Mozilla/5.0 (Windows NT 6.1; Win64; x64; rv:109.0) Gecko/20100101 Firefox/115.0"
94.71.4.3 - - [14/Dec/2023:08:14:34 +0200] "GET /stations/Harokopio-Athens/SoilTemp4History.gif HTTP/1.1" 200 12523 "http://meteoclima.hua.gr/stations/Harokopio-Athens/" "Mozilla/5.0 (Windows NT 6.1; Win64; x64; rv:109.0) Gecko/20100101 Firefox/115.0"
94.71.4.3 - - [14/Dec/2023:08:14:34 +0200] "GET /stations/Harokopio-Athens/SoilMoist4History.gif HTTP/1.1" 200 11912 "http://meteoclima.hua.gr/stations/Harokopio-Athens/" "Mozilla/5.0 (Windows NT 6.1; Win64; x64; rv:109.0) Gecko/20100101 Firefox/115.0"
94.71.4.3 - - [14/Dec/2023:08:14:34 +0200] "GET /stations/Harokopio-Athens/LeafWet1History.gif HTTP/1.1" 200 12759 "http://meteoclima.hua.gr/stations/Harokopio-Athens/" "Mozilla/5.0 (Windows NT 6.1; Win64; x64; rv:109.0) Gecko/20100101 Firefox/115.0"
94.71.4.3 - - [14/Dec/2023:08:14:34 +0200] "GET /stations/Harokopio-Athens/OutsideHumidityHistory.gif HTTP/1.1" 200 12396 "http://meteoclima.hua.gr/stations/Harokopio-Athens/" "Mozilla/5.0 (Windows NT 6.1; Win64; x64; rv:109.0) Gecko/20100101 Firefox/115.0"
94.71.4.3 - - [14/Dec/2023:08:14:34 +0200] "GET /stations/Harokopio-Athens/SolarRadHistory.gif HTTP/1.1" 200 12639 "http://meteoclima.hua.gr/stations/Harokopio-Athens/" "Mozilla/5.0 (Windows NT 6.1; Win64; x64; rv:109.0) Gecko/20100101 Firefox/115.0"
94.71.4.3 - - [14/Dec/2023:08:14:34 +0200] "GET /stations/Harokopio-Athens/RainHistory.gif HTTP/1.1" 200 11714 "http://meteoclima.hua.gr/stations/Harokopio-Athens/" "Mozilla/5.0 (Windows NT 6.1; Win64; x64; rv:109.0) Gecko/20100101 Firefox/115.0"
94.71.4.3 - - [14/Dec/2023:08:14:34 +0200] "GET /stations/Harokopio-Athens/UVHistory.gif HTTP/1.1" 200 12925 "http://meteoclima.hua.gr/stations/Harokopio-Athens/" "Mozilla/5.0 (Windows NT 6.1; Win64; x64; rv:109.0) Gecko/20100101 Firefox/115.0"
94.71.4.3 - - [14/Dec/2023:08:14:34 +0200] "GET /stations/Harokopio-Athens/RainRateHistory.gif HTTP/1.1" 200 11885 "http://meteoclima.hua.gr/stations/Harokopio-Athens/" "Mozilla/5.0 (Windows NT 6.1; Win64; x64; rv:109.0) Gecko/20100101 Firefox/115.0"
94.71.4.3 - - [14/Dec/2023:08:14:34 +0200] "GET /stations/Harokopio-Athens/WindDirection.gif HTTP/1.1" 200 5007 "http://meteoclima.hua.gr/stations/Harokopio-Athens/" "Mozilla/5.0 (Windows NT 6.1; Win64; x64; rv:109.0) Gecko/20100101 Firefox/115.0"
94.71.4.3 - - [14/Dec/2023:08:14:34 +0200] "GET /stations/Harokopio-Athens/WindSpeed.gif HTTP/1.1" 200 4700 "http://meteoclima.hua.gr/stations/Harokopio-Athens/" "Mozilla/5.0 (Windows NT 6.1; Win64; x64; rv:109.0) Gecko/20100101 Firefox/115.0"
94.71.4.3 - - [14/Dec/2023:08:14:34 +0200] "GET /stations/Harokopio-Athens/10MinAvgWindSpeed.gif HTTP/1.1" 200 4733 "http://meteoclima.hua.gr/stations/Harokopio-Athens/" "Mozilla/5.0 (Windows NT 6.1; Win64; x64; rv:109.0) Gecko/20100101 Firefox/115.0"
94.71.4.3 - - [14/Dec/2023:08:14:34 +0200] "GET /stations/Harokopio-Athens/Rain.gif HTTP/1.1" 200 4903 "http://meteoclima.hua.gr/stations/Harokopio-Athens/" "Mozilla/5.0 (Windows NT 6.1; Win64; x64; rv:109.0) Gecko/20100101 Firefox/115.0"
94.71.4.3 - - [14/Dec/2023:08:14:34 +0200] "GET /stations/Harokopio-Athens/RainStorm.gif HTTP/1.1" 200 4920 "http://meteoclima.hua.gr/stations/Harokopio-Athens/" "Mozilla/5.0 (Windows NT 6.1; Win64; x64; rv:109.0) Gecko/20100101 Firefox/115.0"
94.71.4.3 - - [14/Dec/2023:08:14:34 +0200] "GET /stations/Harokopio-Athens/MonthlyRain.gif HTTP/1.1" 200 5053 "http://meteoclima.hua.gr/stations/Harokopio-Athens/" "Mozilla/5.0 (Windows NT 6.1; Win64; x64; rv:109.0) Gecko/20100101 Firefox/115.0"
94.71.4.3 - - [14/Dec/2023:08:14:34 +0200] "GET /stations/Harokopio-Athens/RainRate.gif HTTP/1.1" 200 6180 "http://meteoclima.hua.gr/stations/Harokopio-Athens/" "Mozilla/5.0 (Windows NT 6.1; Win64; x64; rv:109.0) Gecko/20100101 Firefox/115.0"
94.71.4.3 - - [14/Dec/2023:08:14:34 +0200] "GET /stations/Harokopio-Athens/YearlyRain.gif HTTP/1.1" 200 5516 "http://meteoclima.hua.gr/stations/Harokopio-Athens/" "Mozilla/5.0 (Windows NT 6.1; Win64; x64; rv:109.0) Gecko/20100101 Firefox/115.0"
94.71.4.3 - - [14/Dec/2023:08:14:34 +0200] "GET /stations/Harokopio-Athens/%CE%A4%CE%B1%20%CE%AD%CE%B3%CE%B3%CF%81%CE%B1%CF%86%CE%AC%20%CE%BC%CE%BF%CF%85/noa/meteo_stations/%CE%A4%CE%B1%20%CE%AD%CE%B3%CE%B3%CF%81%CE%B1%CF%86%CE%AC%20%CE%BC%CE%BF%CF%85/noa/meteo_stations/%CE%A4%CE%B1%20%CE%AD%CE%B3%CE%B3%CF%81%CE%B1%CF%86%CE%AC%20%CE%BC%CE%BF%CF%85/noa/meteo_stations/Pl_wa012.ico HTTP/1.1" 404 673 "http://meteoclima.hua.gr/stations/Harokopio-Athens/" "Mozilla/5.0 (Windows NT 6.1; Win64; x64; rv:109.0) Gecko/20100101 Firefox/115.0"
::1 - - [14/Dec/2023:08:14:40 +0200] "OPTIONS * HTTP/1.0" 200 126 "-" "Apache/2.4.10 (Debian) OpenSSL/1.0.1t mod_perl/2.0.9dev Perl/v5.20.2 (internal dummy connection)"
195.251.31.193 - - [14/Dec/2023:08:14:52 +0200] "POST /citymodel/1C000017/test2.php/1C0000170351000763680000000000000000000007A800015B2A00152C00162B000F0407DB000A0010001120F0 HTTP/1.1" 200 320 "-" "-"
185.191.171.9 - - [14/Dec/2023:08:15:00 +0200] "GET /hua/index.php/el/component/content/article/2-hs/undergraduate-programme9/287-2011-05-18-10-16-50?fontstyle=f-larger HTTP/1.1" 200 10337 "-" "Mozilla/5.0 (compatible; SemrushBot/7~bl; +http://www.semrush.com/bot.html)"
74.208.68.9 - - [14/Dec/2023:08:15:29 +0200] "GET /stations/Delacroix-Attiki/downld02.txt HTTP/1.1" 200 8449 "-" "Mozilla/5.0 (Windows NT 10.0; Win64; x64; rv:69.0) Gecko/20100101 Firefox/69.0"
83.212.240.12 - - [14/Dec/2023:08:15:32 +0200] "POST /wp-cron.php?doing_wp_cron=1702534532.8423779010772705078125 HTTP/1.1" 200 166 "http://esa13thconference.eu/wp-cron.php?doing_wp_cron=1702534532.8423779010772705078125" "WordPress/4.9.6; http://esa13thconference.eu"
107.189.11.81 - - [14/Dec/2023:08:15:32 +0200] "GET /wp-login.php HTTP/1.1" 200 3736 "-" "Mozilla/5.0 (Macintosh; Intel Mac OS X 10_9_3) AppleWebKit/537.36 (KHTML, like Gecko) Chrome/35.0.1916.153 Safari/537.36"
83.212.240.12 - - [14/Dec/2023:08:15:33 +0200] "POST /wp-cron.php?doing_wp_cron=1702534533.6035981178283691406250 HTTP/1.1" 200 166 "http://esa13thconference.eu/wp-cron.php?doing_wp_cron=1702534533.6035981178283691406250" "WordPress/4.9.6; http://esa13thconference.eu"
107.189.11.81 - - [14/Dec/2023:08:15:33 +0200] "POST /wp-login.php HTTP/1.1" 200 4876 "-" "Mozilla/5.0 (Macintosh; Intel Mac OS X 10_9_3) AppleWebKit/537.36 (KHTML, like Gecko) Chrome/35.0.1916.153 Safari/537.36"
74.208.68.9 - - [14/Dec/2023:08:15:36 +0200] "GET /stations/salamina/downld02.txt HTTP/1.1" 200 7121 "-" "Mozilla/5.0 (Windows NT 10.0; Win64; x64; rv:69.0) Gecko/20100101 Firefox/69.0"
74.208.68.9 - - [14/Dec/2023:08:15:37 +0200] "GET /stations/geraki/downld02.txt HTTP/1.1" 200 6256 "-" "Mozilla/5.0 (Windows NT 10.0; Win64; x64; rv:69.0) Gecko/20100101 Firefox/69.0"
74.208.68.9 - - [14/Dec/2023:08:15:41 +0200] "GET /stations/Harokopio-Athens/downld02.txt HTTP/1.1" 200 7023 "-" "Mozilla/5.0 (Windows NT 10.0; Win64; x64; rv:69.0) Gecko/20100101 Firefox/69.0"
195.251.31.193 - - [14/Dec/2023:08:15:52 +0200] "POST /citymodel/1C000017/test2.php/1C0000170351000763A40000000000000000000007A800015B2A00152C00172B000F0407DC000B000F00102067 HTTP/1.1" 200 320 "-" "-"
83.212.240.12 - - [14/Dec/2023:08:16:06 +0200] "POST /wp-cron.php?doing_wp_cron=1702534566.1187760829925537109375 HTTP/1.1" 200 166 "http://esa13thconference.eu/wp-cron.php?doing_wp_cron=1702534566.1187760829925537109375" "WordPress/4.9.6; http://esa13thconference.eu"
137.59.55.30 - - [14/Dec/2023:08:16:05 +0200] "POST /wp-login.php HTTP/1.1" 200 2302 "-" "Mozilla/5.0 (Windows NT 10.0; Win64; x64) AppleWebKit/537.36 (KHTML, like Gecko) Chrome/62.0.3202.89 Safari/537.36"
74.208.68.9 - - [14/Dec/2023:08:16:09 +0200] "GET /stations/derveni/downld02.txt HTTP/1.1" 200 6195 "-" "Mozilla/5.0 (Windows NT 10.0; Win64; x64; rv:69.0) Gecko/20100101 Firefox/69.0"
85.208.96.209 - - [14/Dec/2023:08:16:39 +0200] "GET /hua/index.php/el/2010-06-04-08-44-44143?fontstyle=f-default HTTP/1.1" 200 9617 "-" "Mozilla/5.0 (compatible; SemrushBot/7~bl; +http://www.semrush.com/bot.html)"
143.233.252.2 - - [14/Dec/2023:08:16:49 +0200] "GET /stations/Delacroix-Attiki/ HTTP/1.1" 200 4529 "-" "Mozilla/5.0 (Windows NT 10.0; Win64; x64; rv:120.0) Gecko/20100101 Firefox/120.0"
143.233.252.2 - - [14/Dec/2023:08:16:49 +0200] "GET /stations/Delacroix-Attiki/Davis.jpg HTTP/1.1" 200 7492 "http://meteoclima.hua.gr/stations/Delacroix-Attiki/" "Mozilla/5.0 (Windows NT 10.0; Win64; x64; rv:120.0) Gecko/20100101 Firefox/120.0"
143.233.252.2 - - [14/Dec/2023:08:16:49 +0200] "GET /stations/Delacroix-Attiki/logo.jpg HTTP/1.1" 200 5546 "http://meteoclima.hua.gr/stations/Delacroix-Attiki/" "Mozilla/5.0 (Windows NT 10.0; Win64; x64; rv:120.0) Gecko/20100101 Firefox/120.0"
143.233.252.2 - - [14/Dec/2023:08:16:49 +0200] "GET /stations/Delacroix-Attiki/WindSpeedHistory.gif HTTP/1.1" 200 14277 "http://meteoclima.hua.gr/stations/Delacroix-Attiki/" "Mozilla/5.0 (Windows NT 10.0; Win64; x64; rv:120.0) Gecko/20100101 Firefox/120.0"
143.233.252.2 - - [14/Dec/2023:08:16:49 +0200] "GET /stations/Delacroix-Attiki/RainHistory.gif HTTP/1.1" 200 11758 "http://meteoclima.hua.gr/stations/Delacroix-Attiki/" "Mozilla/5.0 (Windows NT 10.0; Win64; x64; rv:120.0) Gecko/20100101 Firefox/120.0"
143.233.252.2 - - [14/Dec/2023:08:16:49 +0200] "GET /stations/Delacroix-Attiki/DewPointHistory.gif HTTP/1.1" 200 13032 "http://meteoclima.hua.gr/stations/Delacroix-Attiki/" "Mozilla/5.0 (Windows NT 10.0; Win64; x64; rv:120.0) Gecko/20100101 Firefox/120.0"
143.233.252.2 - - [14/Dec/2023:08:16:49 +0200] "GET /stations/Delacroix-Attiki/BarometerHistory.gif HTTP/1.1" 200 12828 "http://meteoclima.hua.gr/stations/Delacroix-Attiki/" "Mozilla/5.0 (Windows NT 10.0; Win64; x64; rv:120.0) Gecko/20100101 Firefox/120.0"
143.233.252.2 - - [14/Dec/2023:08:16:49 +0200] "GET /stations/Delacroix-Attiki/WindDirection.gif HTTP/1.1" 200 4950 "http://meteoclima.hua.gr/stations/Delacroix-Attiki/" "Mozilla/5.0 (Windows NT 10.0; Win64; x64; rv:120.0) Gecko/20100101 Firefox/120.0"
143.233.252.2 - - [14/Dec/2023:08:16:49 +0200] "GET /stations/Delacroix-Attiki/WindSpeed.gif HTTP/1.1" 200 4853 "http://meteoclima.hua.gr/stations/Delacroix-Attiki/" "Mozilla/5.0 (Windows NT 10.0; Win64; x64; rv:120.0) Gecko/20100101 Firefox/120.0"
143.233.252.2 - - [14/Dec/2023:08:16:49 +0200] "GET /stations/Delacroix-Attiki/10MinAvgWindSpeed.gif HTTP/1.1" 200 4780 "http://meteoclima.hua.gr/stations/Delacroix-Attiki/" "Mozilla/5.0 (Windows NT 10.0; Win64; x64; rv:120.0) Gecko/20100101 Firefox/120.0"
143.233.252.2 - - [14/Dec/2023:08:16:49 +0200] "GET /stations/Delacroix-Attiki/Rain.gif HTTP/1.1" 200 4906 "http://meteoclima.hua.gr/stations/Delacroix-Attiki/" "Mozilla/5.0 (Windows NT 10.0; Win64; x64; rv:120.0) Gecko/20100101 Firefox/120.0"
143.233.252.2 - - [14/Dec/2023:08:16:49 +0200] "GET /stations/Delacroix-Attiki/RainStorm.gif HTTP/1.1" 200 4924 "http://meteoclima.hua.gr/stations/Delacroix-Attiki/" "Mozilla/5.0 (Windows NT 10.0; Win64; x64; rv:120.0) Gecko/20100101 Firefox/120.0"
143.233.252.2 - - [14/Dec/2023:08:16:49 +0200] "GET /stations/Delacroix-Attiki/RainRate.gif HTTP/1.1" 200 6185 "http://meteoclima.hua.gr/stations/Delacroix-Attiki/" "Mozilla/5.0 (Windows NT 10.0; Win64; x64; rv:120.0) Gecko/20100101 Firefox/120.0"
